--------- beginning of system
07-21 08:28:34.806  1834  2962 E ORMS_CORE: Unsupported action!!!
07-21 08:28:35.892  1834  2203 E OppoThermalStats: Error getting package info: com.oppo.launcher
07-21 08:28:36.065  1834  2717 E ORMS_Platform : OplusResourceManagerPlatformUtils: readFile function exception:/sys/devices/platform/soc/5900000.qcom,kgsl-3d0/kgsl/kgsl-3d0/freq_table_mhz: open failed: EACCES (Permission denied)
07-21 08:28:36.129  1834  3522 E ORMS_Platform : OplusResourceManagerPlatformUtils: readFile function exception:/sys/devices/platform/soc/5900000.qcom,kgsl-3d0/kgsl/kgsl-3d0/freq_table_mhz: open failed: EACCES (Permission denied)
07-21 08:28:36.667  1834  3522 E ColorZoomWindowManagerService: onConfigurationChanged rotation not changed - prevRotation: 0
07-21 08:28:36.671  1834  3522 E ColorZoomWindowManagerService: onConfigurationChanged rotation not changed - prevRotation: 0
07-21 08:28:36.747  1834  3748 E OppoThermalStats: Error getting package info: com.termux
07-21 08:28:36.820  1834  3522 E ORMS_Platform : OplusResourceManagerPlatformUtils: readFile function exception:/sys/devices/platform/soc/5900000.qcom,kgsl-3d0/kgsl/kgsl-3d0/freq_table_mhz: open failed: EACCES (Permission denied)
07-21 08:28:37.487  1834  3513 E OppoThermalStats: Error getting package info: com.oppo.launcher
07-21 08:28:38.427  1834  2718 E ColorZoomWindowManagerService: onConfigurationChanged rotation not changed - prevRotation: 0
07-21 08:28:38.431  1834  2718 E ColorZoomWindowManagerService: onConfigurationChanged rotation not changed - prevRotation: 0
07-21 08:28:38.643  1834  2203 E OppoThermalStats: Error getting package info: com.mojang.minecraftpe.roblox
07-21 08:28:38.660  1834  2962 E ORMS_CORE: Unsupported action!!!
07-21 08:28:38.748  1834  4162 E ORMS_Platform : OplusResourceManagerPlatformUtils: readFile function exception:/sys/devices/platform/soc/5900000.qcom,kgsl-3d0/kgsl/kgsl-3d0/freq_table_mhz: open failed: EACCES (Permission denied)
07-21 08:28:38.825  1834  4162 E ORMS_Platform : OplusResourceManagerPlatformUtils: readFile function exception:/sys/devices/platform/soc/5900000.qcom,kgsl-3d0/kgsl/kgsl-3d0/freq_table_mhz: open failed: EACCES (Permission denied)
07-21 08:28:39.194  1834  2203 E ColorZoomWindowManagerService: onConfigurationChanged rotation not changed - prevRotation: 0
07-21 08:28:39.195  1834  2203 E ColorZoomWindowManagerService: onConfigurationChanged rotation not changed - prevRotation: 0
07-21 08:28:39.198  1834  2203 E ColorZoomWindowManagerService: onConfigurationChanged rotation not changed - prevRotation: 0
07-21 08:28:39.203  1834  2203 E ColorZoomWindowManagerService: onConfigurationChanged rotation not changed - prevRotation: 0
07-21 08:28:39.470  1834  2203 E ColorZoomWindowManagerService: onConfigurationChanged rotation not changed - prevRotation: 1
07-21 08:28:39.491  1834  2203 E ColorZoomWindowManagerService: onConfigurationChanged rotation not changed - prevRotation: 1
07-21 08:28:39.491  1834  2203 E ColorZoomWindowManagerService: onConfigurationChanged rotation not changed - prevRotation: 1
07-21 08:28:39.497  1834  2203 E ColorZoomWindowManagerService: onConfigurationChanged rotation not changed - prevRotation: 1
07-21 08:28:39.562 13619 25852 E OplusCustomizeRestrictionManager: getForbidRecordScreenState Errorjava.lang.SecurityException: Check system signature permission Denial for pid=13619; uid = 10311
--------- beginning of main
07-21 08:28:39.744 16030 16081 E libc    : Access denied finding property "ro.hardware.chipname"
07-21 08:28:39.753 14479 14479 E OplusFeatureCache: invalid oplus feature oplus.hardware.type.fold
07-21 08:28:39.773  1310 25717 E OMXNodeInstance: setParameter(0xec939c44:qcom.encoder.hevc, OMX.google.android.index.allocateNativeHandle(0x7f00005d): Input:0 en=0) ERROR: UnsupportedSetting(0x80001019)
07-21 08:28:39.774  1310 23215 E OMXNodeInstance: setParameter(0xec939c44:qcom.encoder.hevc, OMX.google.android.index.allocateNativeHandle(0x7f00005d): Output:1 en=0) ERROR: UnsupportedSetting(0x80001019)
07-21 08:28:39.774 18410 18410 E OplusFeatureCache: invalid oplus feature oplus.software.display.resolution_switch_support
07-21 08:28:39.793 13619 16084 E OplusACodec: [GetVideoCodingTypeFromMime:L726] mime:video/hevc
07-21 08:28:39.804  1310  4471 E OMX-VENC: ERROR: unsupported index 1870659589
07-21 08:28:39.804  1310  4471 E OMXNodeInstance: getConfig(0xec939c44:qcom.encoder.hevc, ConfigLatency(0x6f800005)) ERROR: UnsupportedIndex(0x8000101a)
07-21 08:28:39.828  5527 25160 E MediaProvider: insertFileIfNecessary failed
07-21 08:28:39.828  5527 25160 E MediaProvider: java.lang.IllegalArgumentException: Primary directory games not allowed for content://media/external_primary/file; allowed directories are [Download, Documents]
07-21 08:28:39.828  5527 25160 E MediaProvider: 	at com.android.providers.media.MediaProvider.ensureFileColumns(MediaProvider.java:3420)
07-21 08:28:39.828  5527 25160 E MediaProvider: 	at com.android.providers.media.MediaProvider.ensureUniqueFileColumns(MediaProvider.java:3072)
07-21 08:28:39.828  5527 25160 E MediaProvider: 	at com.android.providers.media.MediaProvider.insertFile(MediaProvider.java:3826)
07-21 08:28:39.828  5527 25160 E MediaProvider: 	at com.android.providers.media.MediaProvider.insertInternal(MediaProvider.java:4410)
07-21 08:28:39.828  5527 25160 E MediaProvider: 	at com.android.providers.media.MediaProvider.insert(MediaProvider.java:4110)
07-21 08:28:39.828  5527 25160 E MediaProvider: 	at com.android.providers.media.MediaProvider.insertFileForFuse(MediaProvider.java:8449)
07-21 08:28:39.828  5527 25160 E MediaProvider: 	at com.android.providers.media.MediaProvider.insertFileIfNecessaryForFuse(MediaProvider.java:8544)
07-21 08:28:39.832 13619 25899 E libEGL  : Invalid file path for libcolorx-loader.so
07-21 08:28:39.836  1310 22905 E OMXNodeInstance: getConfig(0xec939c44:qcom.encoder.hevc, ??(0x7f000062)) ERROR: UnsupportedSetting(0x80001019)
07-21 08:28:40.162 23546 23886 E libc    : Access denied finding property "vendor.oplus.media.vpp.osie_sr.on"
07-21 08:28:40.205 16030 16081 E SwappyDisplayManager: dalvik.system.InMemoryDexClassLoader[DexPathList[[dex file "InMemoryDexFile[cookie=[-5476376651074487232, -5476376652803810944]]"],nativeLibraryDirectories=[/system/lib64, /system/system_ext/lib64, /vendor/lib64, /odm/lib64]]] couldn't find "libminecraftpe.so"
07-21 08:28:40.214 16030 16081 E libEGL  : Invalid file path for libcolorx-loader.so
07-21 08:28:40.232 12649 12653 E IHansComunication: HANS printMessageBody: RCVed message body: type = 0, port = 86870, caller_pid = 1834, caller_uid = 1000, target_pid = 31925, target_uid = 10448, pkg_cmd = -1
07-21 08:28:40.380   922   979 E ANDR-PERF-OPTSHANDLER: Perflock resource /sys/class/devfreq/soc:qcom,llccbw/bw_hwmon/io_percent not supported
07-21 08:28:40.380   922   979 E ANDR-PERF-RESOURCEQS: Failed to apply optimization [12, 1]
07-21 08:28:40.380   922   979 E ANDR-PERF-OPTSHANDLER: Perflock resource /sys/class/devfreq/soc:qcom,llccbw/bw_hwmon/sample_ms not supported
07-21 08:28:40.380   922   979 E ANDR-PERF-RESOURCEQS: Failed to apply optimization [12, 3]
07-21 08:28:40.399 12649 12653 E IHansComunication: HANS printMessageBody: RCVed message body: type = 0, port = 86870, caller_pid = 1834, caller_uid = 1000, target_pid = 6417, target_uid = 90013, pkg_cmd = -1
07-21 08:28:40.401   922   979 E ANDR-PERF-OPTSHANDLER: Perflock resource /sys/class/devfreq/soc:qcom,llccbw/bw_hwmon/io_percent not supported
07-21 08:28:40.401   922   979 E ANDR-PERF-RESOURCEQS: Failed to apply optimization [12, 1]
07-21 08:28:40.401   922   979 E ANDR-PERF-OPTSHANDLER: Perflock resource /sys/class/devfreq/soc:qcom,llccbw/bw_hwmon/sample_ms not supported
07-21 08:28:40.401   922   979 E ANDR-PERF-RESOURCEQS: Failed to apply optimization [12, 3]
07-21 08:28:40.406 16030 16030 E OplusCustomizeRestrictionManager: sInstance is null, start a new sInstance
07-21 08:28:40.408 12649 12653 E IHansComunication: HANS printMessageBody: RCVed message body: type = 0, port = 86870, caller_pid = 1834, caller_uid = 1000, target_pid = 13947, target_uid = 10535, pkg_cmd = -1
07-21 08:28:40.412   922   979 E ANDR-PERF-OPTSHANDLER: Perflock resource /sys/class/devfreq/soc:qcom,llccbw/bw_hwmon/io_percent not supported
07-21 08:28:40.412   922   979 E ANDR-PERF-RESOURCEQS: Failed to apply optimization [12, 1]
07-21 08:28:40.412   922   979 E ANDR-PERF-OPTSHANDLER: Perflock resource /sys/class/devfreq/soc:qcom,llccbw/bw_hwmon/sample_ms not supported
07-21 08:28:40.412   922   979 E ANDR-PERF-RESOURCEQS: Failed to apply optimization [12, 3]
07-21 08:28:40.415 12649 12653 E IHansComunication: HANS printMessageBody: RCVed message body: type = 0, port = 86870, caller_pid = 1834, caller_uid = 1000, target_pid = 31925, target_uid = 10448, pkg_cmd = -1
07-21 08:28:40.421 12649 12653 E IHansComunication: HANS printMessageBody: RCVed message body: type = 0, port = 86870, caller_pid = 1834, caller_uid = 1000, target_pid = 32053, target_uid = 10448, pkg_cmd = -1
07-21 08:28:40.454  1834  1834 E OppoThermalStats: Error getting package info: com.termux
07-21 08:28:40.464 12649 12653 E IHansComunication: HANS printMessageBody: RCVed message body: type = 0, port = 86870, caller_pid = 1834, caller_uid = 1000, target_pid = 6417, target_uid = 90013, pkg_cmd = -1
07-21 08:28:40.467 12649 12653 E IHansComunication: HANS printMessageBody: RCVed message body: type = 0, port = 86870, caller_pid = 1834, caller_uid = 1000, target_pid = 13947, target_uid = 10535, pkg_cmd = -1
07-21 08:28:40.474 12649 12653 E IHansComunication: HANS printMessageBody: RCVed message body: type = 0, port = 86870, caller_pid = 1834, caller_uid = 1000, target_pid = 31925, target_uid = 10448, pkg_cmd = -1
07-21 08:28:40.477 12649 12653 E IHansComunication: HANS printMessageBody: RCVed message body: type = 0, port = 86870, caller_pid = 1834, caller_uid = 1000, target_pid = 32053, target_uid = 10448, pkg_cmd = -1
07-21 08:28:40.576  3682  3682 E Launcher.BottomSearchBoxManager: sp.getBoolean = false
07-21 08:28:40.972  5830 16152 E DeepThinkerSDK: [APP] AlgorithmBinderPool: Error: Bind Algorithm Service Failed, not exist!
07-21 08:28:41.040  3657  3657 E OplusNecManagerHelper: com.oplus.nec.OplusNecManager.notifyOrigSignalStrengthChanged [class android.telephony.SignalStrength, int]
07-21 08:28:41.082 16030 16030 E ANR_LOG : >>> msg's executing time is too long
07-21 08:28:41.082 16030 16030 E ANR_LOG : Blocked msg = { when=-2s482ms what=159 target=android.app.ActivityThread$H obj=ClientTransaction LaunchActivityItem,ResumeActivityItem hashCode, mActivityToken = android.os.BinderProxy@13e2c0 mLifecycleStateRequest ResumeActivityItem{procState=-1,updateProcState=false,isForward=true} mActivityCallbacks [LaunchActivityItem{intent=Intent { act=android.intent.action.MAIN cat=[android.intent.category.LAUNCHER] flg=0x10200000 cmp=com.mojang.minecraftpe.roblox/com.mojang.minecraftpe.MainActivity bnds=[33,290][164,496] mCallingUid=10105 },ident=77221192,info=ActivityInfo{8f5421e com.mojang.minecraftpe.MainActivity},curConfig={0.9 ??mcc??mnc [en_US,zh_CN,vi_VN,my_MM,in_ID,hi_IN] ldltr sw360dp w772dp h328dp 320dpi nrml long land night finger -keyb/v/h -nav/h winConfig={ mBounds=Rect(0, 0 - 1600, 720) mAppBounds=Rect(56, 0 - 1600, 720) mWindowingMode=fullscreen mDisplayWindowingMode=fullscreen mActivityType=undefined mAlwaysOnTop=undefined mRotation=ROTATION_90} s.2mThemeChanged= 0, mThemeChangedFlags= 0, mFlipFont= 0, mAccessibleChanged= -1, mUxIconConfig= 3463856833467253024, mMaterialColor= 1, mUserId= 0, mFontUserId= 0, mFontVariationSettings= 1f4, mIconPackName= , mDarkModeBackgroundMaxL= 0.0, mDarkModeDialogBgMaxL= 27.0, mDarkModeForegroundMinL= 100.0, mOplusConfigType= 1},overrideConfig={0.9 ??mcc??mnc [en_US,zh_CN,vi_VN,my_MM,in_ID,hi_IN] ldltr sw360dp w772dp h328dp 320dpi nrml long land night finger -keyb/v/h -nav/h winConfig={ mBounds=Rect(0, 0 - 1600, 720) mAppBounds=Rect(56, 0 - 1600, 720) mWindowingMode=fullscreen mDisplayWindowingMode=fullscreen mActivityType=standard mAlwaysOnTop=undefined mRotation=ROTATION_90} s.2mThemeChanged= 0, mThemeChangedFlags= 0, mFlipFont= 0, mAccessibleChanged= -1, mUxIconConfig= 3463856833467253024, mMaterialColor= 1, mUserId= 0, mFontUserId= 0, mFontVariationSettings= 1f4, mIconPackName= , mDarkModeBackgroundMaxL= 0.0, mDarkModeDialogBgMaxL= 27.0, mDarkModeForegroundMinL= 100.0, mOplusConfigType= 1},referrer=com.oppo.launcher,procState=20,state=null,persistentState=null,pendingResults=null,pendingNewIntents=null,profilerInfo=null,assistToken=android.os.BinderProxy@bc67aff,rotationAdj=FixedRotationAdjustments{rotation=ROTATION_90 cutout=DisplayCutout{insets=Rect(56, 0 - 0, 0) waterfall=Insets{left=0, top=0, right=0, bottom=0} boundingRect={Bounds=[Rect(0, 296 - 56, 424), Rect(0, 0 - 0, 0), Rect(0, 0 - 0, 0), Rect(0, 0 - 0, 0)]}}}}] } , cost  = 2178 ms
07-21 08:28:41.082 16030 16030 E ANR_LOG : >>>Current msg List is:
07-21 08:28:41.083 16030 16030 E ANR_LOG : Current msg <1> = { when=-2s477ms what=159 target=android.app.ActivityThread$H obj=ClientTransaction TopResumedActivityChangeItem, hashCode, mActivityToken = android.os.BinderProxy@13e2c0 mLifecycleStateRequest null mActivityCallbacks [TopResumedActivityChangeItem{onTop=true}] }
07-21 08:28:41.083 16030 16030 E ANR_LOG : Current msg <2> = { when=-2s474ms what=9999 target=android.app.ActivityThread$H }
07-21 08:28:41.083 16030 16030 E ANR_LOG : Current msg <3> = { when=-2s210ms what=0 target=android.view.Choreographer$FrameHandler callback=android.view.Choreographer$FrameDisplayEventReceiver }
07-21 08:28:41.083 16030 16030 E ANR_LOG : Current msg <4> = { when=-2s36ms what=0 target=android.app.ActivityThread$H callback=android.app.LoadedApk$ServiceDispatcher$RunConnection }
07-21 08:28:41.083 16030 16030 E ANR_LOG : Current msg <5> = { when=-1s948ms what=114 target=android.app.ActivityThread$H obj=CreateServiceData{token=android.os.BinderProxy@d3640cc className=com.google.android.datatransport.runtime.scheduling.jobscheduling.JobInfoSchedulerService packageName=com.mojang.minecraftpe.roblox intent=null} }
07-21 08:28:41.083 16030 16030 E ANR_LOG : Current msg <6> = { when=-1s948ms what=121 target=android.app.ActivityThread$H obj=BindServiceData{token=android.os.BinderProxy@d3640cc intent=Intent { cmp=com.mojang.minecraftpe.roblox/com.google.android.datatransport.runtime.scheduling.jobscheduling.JobInfoSchedulerService (has extras) }} }
07-21 08:28:41.083 16030 16030 E ANR_LOG : Current msg <7> = { when=-1s936ms what=149 target=android.app.ActivityThread$H obj=android.os.BinderProxy@13e2c0 }
07-21 08:28:41.083 16030 16030 E ANR_LOG : Current msg <8> = { when=-1s622ms what=159 target=android.app.ActivityThread$H obj=ClientTransaction FixedRotationAdjustmentsItem, hashCode, mActivityToken = null mLifecycleStateRequest null mActivityCallbacks [android.app.servertransaction.FixedRotationAdjustmentsItem@268b511] }
07-21 08:28:41.084 16030 16030 E ANR_LOG : Current msg <9> = { when=-1s393ms what=0 target=android.app.ActivityThread$H callback=android.app.-$$Lambda$ActivityThread$A4ykhsPb8qV3ffTqpQDklHSMDJ0 }
07-21 08:28:41.084 16030 16030 E ANR_LOG : Current msg <10> = { when=-745ms what=0 target=android.os.Handler callback=com.mojang.minecraftpe.MainActivity$21 }
07-21 08:28:41.084 16030 16030 E ANR_LOG : >>>CURRENT MSG DUMP OVER<<<
07-21 08:28:41.182 16030 16061 E libEGL  : Invalid file path for libcolorx-loader.so
07-21 08:28:41.257 16030 16061 E libEGL  : Invalid file path for libcolorx-loader.so
07-21 08:28:41.258 16030 16061 E libEGL  : Invalid file path for libcolorx-loader.so
07-21 08:28:41.258 16030 16061 E libEGL  : Invalid file path for libcolorx-loader.so
07-21 08:28:41.258 16030 16061 E libEGL  : Invalid file path for libcolorx-loader.so
07-21 08:28:41.262 16030 16061 E libEGL  : Invalid file path for libcolorx-loader.so
07-21 08:28:41.267 16030 16061 E libEGL  : Invalid file path for libcolorx-loader.so
07-21 08:28:41.267 16030 16061 E libEGL  : Invalid file path for libcolorx-loader.so
07-21 08:28:41.267 16030 16061 E libEGL  : Invalid file path for libcolorx-loader.so
07-21 08:28:41.267 16030 16061 E libEGL  : Invalid file path for libcolorx-loader.so
07-21 08:28:41.267 16030 16061 E libEGL  : Invalid file path for libcolorx-loader.so
07-21 08:28:41.268 16030 16061 E libEGL  : Invalid file path for libcolorx-loader.so
07-21 08:28:41.268 16030 16061 E libEGL  : Invalid file path for libcolorx-loader.so
07-21 08:28:41.268 16030 16061 E libEGL  : Invalid file path for libcolorx-loader.so
07-21 08:28:41.268 16030 16061 E libEGL  : Invalid file path for libcolorx-loader.so
07-21 08:28:41.270 16030 16061 E libEGL  : Invalid file path for libcolorx-loader.so
07-21 08:28:41.312 16030 16113 E libEGL  : Invalid file path for libcolorx-loader.so
07-21 08:28:41.322 16030 16113 E libEGL  : Invalid file path for libcolorx-loader.so
07-21 08:28:41.322 16030 16113 E libEGL  : Invalid file path for libcolorx-loader.so
07-21 08:28:41.323 16030 16113 E libEGL  : Invalid file path for libcolorx-loader.so
07-21 08:28:41.326 16030 16113 E libEGL  : Invalid file path for libcolorx-loader.so
07-21 08:28:41.342 16030 16113 E libEGL  : Invalid file path for libcolorx-loader.so
07-21 08:28:41.357 16030 16113 E libEGL  : Invalid file path for libcolorx-loader.so
07-21 08:28:41.360 16030 16113 E libEGL  : Invalid file path for libcolorx-loader.so
07-21 08:28:41.361 16030 16113 E libEGL  : Invalid file path for libcolorx-loader.so
07-21 08:28:41.369 16030 16113 E libEGL  : Invalid file path for libcolorx-loader.so
07-21 08:28:41.371   963   963 E OppoExLayer: using cid as pid, cid=16030, name=Background for -SurfaceView - com.mojang.minecraftpe.roblox/com.mojang.minecraftpe.MainActivity#0
07-21 08:28:41.400   922   979 E ANDR-PERF-OPTSHANDLER: Perflock resource /sys/class/devfreq/soc:qcom,llccbw/bw_hwmon/io_percent not supported
07-21 08:28:41.400   922   979 E ANDR-PERF-RESOURCEQS: Failed to apply optimization [12, 1]
07-21 08:28:41.400   922   979 E ANDR-PERF-OPTSHANDLER: Perflock resource /sys/class/devfreq/soc:qcom,llccbw/bw_hwmon/sample_ms not supported
07-21 08:28:41.400   922   979 E ANDR-PERF-RESOURCEQS: Failed to apply optimization [12, 3]
07-21 08:28:41.469 16030 16030 E ScreenmodeClient:  display mode not support 
07-21 08:28:41.509  3657  3657 E OplusNecManagerHelper: com.oplus.nec.OplusNecManager.notifyOrigSignalStrengthChanged [class android.telephony.SignalStrength, int]
07-21 08:28:41.716 16030 16030 E ConnectivityManager: NetworkCallback was already registered
07-21 08:28:41.842 16030 16030 E EventsSDK.SQLiteDB: Failed to open database file: (14) unable to open database file
07-21 08:28:41.842 16030 16030 E EventsSDK.SQLiteDB: Failed to open database file: (14) unable to open database file
07-21 08:28:41.842 16030 16030 E EventsSDK.Storage: No database could be opened
07-21 08:28:41.861 28696 28861 E AuthPII : [RequestTokenManager] getToken() -> BAD_AUTHENTICATION. App: com.android.vending, Service: oauth2:https://www.googleapis.com/auth/googleplay
07-21 08:28:41.861 28696 28861 E AuthPII : bgys: Long live credential not available.
07-21 08:28:41.861 28696 28861 E AuthPII : 	at aghw.a(:com.google.android.gms@262831022@26.28.31 (150400-947936219):1376)
07-21 08:28:41.861 28696 28861 E AuthPII : 	at agid.b(:com.google.android.gms@262831022@26.28.31 (150400-947936219):26)
07-21 08:28:41.861 28696 28861 E AuthPII : 	at agib.a(:com.google.android.gms@262831022@26.28.31 (150400-947936219):662)
07-21 08:28:41.861 28696 28861 E AuthPII : 	at agia.b(:com.google.android.gms@262831022@26.28.31 (150400-947936219):152)
07-21 08:28:41.861 28696 28861 E AuthPII : 	at zux.d(:com.google.android.gms@262831022@26.28.31 (150400-947936219):822)
07-21 08:28:41.861 28696 28861 E AuthPII : 	at agbx.getAuthToken(:com.google.android.gms@262831022@26.28.31 (150400-947936219):408)
07-21 08:28:41.861 28696 28861 E AuthPII : 	at android.accounts.AbstractAccountAuthenticator$Transport.getAuthToken(AbstractAccountAuthenticator.java:244)
07-21 08:28:41.861 28696 28861 E AuthPII : 	at android.accounts.IAccountAuthenticator$Stub.onTransact(IAccountAuthenticator.java:282)
07-21 08:28:41.861 28696 28861 E AuthPII : 	at android.os.Binder.transact(Binder.java:1050)
07-21 08:28:41.861 28696 28861 E AuthPII : 	at coqg.onTransact(:com.google.android.gms@262831022@26.28.31 (150400-947936219):12)
07-21 08:28:41.861 28696 28861 E AuthPII : 	at android.os.Binder.transact(Binder.java:1050)
07-21 08:28:41.861 28696 28861 E AuthPII : 	at cbjz.onTransact(:com.google.android.gms@262831022@26.28.31 (150400-947936219):169)
07-21 08:28:41.861 28696 28861 E AuthPII : 	at android.os.Binder.execTransactInternal(Binder.java:1166)
07-21 08:28:41.861 28696 28861 E AuthPII : 	at android.os.Binder.execTransact(Binder.java:1130)
07-21 08:28:41.861 28696 28861 E AuthPII : Message is Long live credential not available.
07-21 08:28:41.861 28696 28861 E AuthPII : bgys: Long live credential not available.
07-21 08:28:41.861 28696 28861 E AuthPII : 	at aghw.a(:com.google.android.gms@262831022@26.28.31 (150400-947936219):1376)
07-21 08:28:41.861 28696 28861 E AuthPII : 	at agid.b(:com.google.android.gms@262831022@26.28.31 (150400-947936219):26)
07-21 08:28:41.861 28696 28861 E AuthPII : 	at agib.a(:com.google.android.gms@262831022@26.28.31 (150400-947936219):662)
07-21 08:28:41.861 28696 28861 E AuthPII : 	at agia.b(:com.google.android.gms@262831022@26.28.31 (150400-947936219):152)
07-21 08:28:41.861 28696 28861 E AuthPII : 	at zux.d(:com.google.android.gms@262831022@26.28.31 (150400-947936219):822)
07-21 08:28:41.861 28696 28861 E AuthPII : 	at agbx.getAuthToken(:com.google.android.gms@262831022@26.28.31 (150400-947936219):408)
07-21 08:28:41.861 28696 28861 E AuthPII : 	at android.accounts.AbstractAccountAuthenticator$Transport.getAuthToken(AbstractAccountAuthenticator.java:244)
07-21 08:28:41.861 28696 28861 E AuthPII : 	at android.accounts.IAccountAuthenticator$Stub.onTransact(IAccountAuthenticator.java:282)
07-21 08:28:41.861 28696 28861 E AuthPII : 	at android.os.Binder.transact(Binder.java:1050)
07-21 08:28:41.861 28696 28861 E AuthPII : 	at coqg.onTransact(:com.google.android.gms@262831022@26.28.31 (150400-947936219):12)
07-21 08:28:41.861 28696 28861 E AuthPII : 	at android.os.Binder.transact(Binder.java:1050)
07-21 08:28:41.861 28696 28861 E AuthPII : 	at cbjz.onTransact(:com.google.android.gms@262831022@26.28.31 (150400-947936219):169)
07-21 08:28:41.861 28696 28861 E AuthPII : 	at android.os.Binder.execTransactInternal(Binder.java:1166)
07-21 08:28:41.861 28696 28861 E AuthPII : 	at android.os.Binder.execTransact(Binder.java:1130)
07-21 08:28:42.704 28974 16211 E PlayGamesServices[SignInAuthenticator]: **** APP NOT CORRECTLY CONFIGURED TO USE GOOGLE PLAY GAME SERVICES
07-21 08:28:42.704 28974 16211 E PlayGamesServices[SignInAuthenticator]: **** DEVELOPER_ERROR
07-21 08:28:42.704 28974 16211 E PlayGamesServices[SignInAuthenticator]: **** This is usually caused by one of these reasons:
07-21 08:28:42.704 28974 16211 E PlayGamesServices[SignInAuthenticator]: **** (1) Your package name and certificate fingerprint do not match
07-21 08:28:42.704 28974 16211 E PlayGamesServices[SignInAuthenticator]: ****     the client ID you registered in Developer Console.
07-21 08:28:42.704 28974 16211 E PlayGamesServices[SignInAuthenticator]: **** (2) Your App ID was incorrectly entered.
07-21 08:28:42.704 28974 16211 E PlayGamesServices[SignInAuthenticator]: **** (3) Your game settings have not been published and you are 
07-21 08:28:42.704 28974 16211 E PlayGamesServices[SignInAuthenticator]: ****     trying to log in with an account that is not listed as
07-21 08:28:42.704 28974 16211 E PlayGamesServices[SignInAuthenticator]: ****     a test account.
07-21 08:28:42.704 28974 16211 E PlayGamesServices[SignInAuthenticator]: **** (4) A server auth code was requested, but an incorrect client
07-21 08:28:42.704 28974 16211 E PlayGamesServices[SignInAuthenticator]: ****     id was provided. The client id for server auth codes should
07-21 08:28:42.704 28974 16211 E PlayGamesServices[SignInAuthenticator]: ****     be the client id for the game server (not the android app).
07-21 08:28:42.704 28974 16211 E PlayGamesServices[SignInAuthenticator]: ****
07-21 08:28:42.704 28974 16211 E PlayGamesServices[SignInAuthenticator]: **** To help you debug, here is the information about this app
07-21 08:28:42.704 28974 16211 E PlayGamesServices[SignInAuthenticator]: **** Package name         : com.mojang.minecraftpe.roblox
07-21 08:28:42.704 28974 16211 E PlayGamesServices[SignInAuthenticator]: **** Cert SHA1 fingerprint: 61:ED:37:7E:85:D3:86:A8:DF:EE:6B:86:4B:D8:5B:0B:FA:A5:AF:81
07-21 08:28:42.704 28974 16211 E PlayGamesServices[SignInAuthenticator]: **** App ID from manifest : 486187589451
07-21 08:28:42.704 28974 16211 E PlayGamesServices[SignInAuthenticator]: ****
07-21 08:28:42.704 28974 16211 E PlayGamesServices[SignInAuthenticator]: **** Check that the above information matches your setup in 
07-21 08:28:42.704 28974 16211 E PlayGamesServices[SignInAuthenticator]: **** Developer Console. Also, check that you're logging in with the
07-21 08:28:42.704 28974 16211 E PlayGamesServices[SignInAuthenticator]: **** right account (it should be listed in the Testers section if
07-21 08:28:42.704 28974 16211 E PlayGamesServices[SignInAuthenticator]: **** your project is not yet published).
07-21 08:28:42.704 28974 16211 E PlayGamesServices[SignInAuthenticator]: ****
07-21 08:28:42.704 28974 16211 E PlayGamesServices[SignInAuthenticator]: **** For more information, refer to the troubleshooting guide:
07-21 08:28:42.704 28974 16211 E PlayGamesServices[SignInAuthenticator]: ****   http://developers.google.com/games/services/android/troubleshooting
07-21 08:28:42.704 28974 16211 E PlayGamesServices[SignInAuthenticator]: ****
07-21 08:28:43.178   743   837 E FrameworkListener: read() failed (Connection reset by peer)
07-21 08:28:43.301  3657  3657 E OplusNecManagerHelper: com.oplus.nec.OplusNecManager.notifyOrigSignalStrengthChanged [class android.telephony.SignalStrength, int]
07-21 08:28:43.416  3682  3682 E Launcher.BottomSearchBoxManager: sp.getBoolean = false
07-21 08:28:43.420 12649 12653 E IHansComunication: HANS printMessageBody: RCVed message body: type = 0, port = 86870, caller_pid = 1834, caller_uid = 1000, target_pid = 4998, target_uid = 10308, pkg_cmd = -1
07-21 08:28:43.436 12649 12653 E IHansComunication: HANS printMessageBody: RCVed message body: type = 0, port = 86870, caller_pid = 1834, caller_uid = 1000, target_pid = 13947, target_uid = 10535, pkg_cmd = -1
07-21 08:28:43.440 12649 12653 E IHansComunication: HANS printMessageBody: RCVed message body: type = 0, port = 86870, caller_pid = 1834, caller_uid = 1000, target_pid = 31925, target_uid = 10448, pkg_cmd = -1
07-21 08:28:43.451 12649 12653 E IHansComunication: HANS printMessageBody: RCVed message body: type = 0, port = 86870, caller_pid = 1834, caller_uid = 1000, target_pid = 6417, target_uid = 90013, pkg_cmd = -1
07-21 08:28:43.453 12649 12653 E IHansComunication: HANS printMessageBody: RCVed message body: type = 0, port = 86870, caller_pid = 1834, caller_uid = 1000, target_pid = 32053, target_uid = 10448, pkg_cmd = -1
07-21 08:28:43.455 12649 12653 E IHansComunication: HANS printMessageBody: RCVed message body: type = 0, port = 86870, caller_pid = 1834, caller_uid = 1000, target_pid = 8262, target_uid = 10940, pkg_cmd = -1
07-21 08:28:43.456 12649 12653 E IHansComunication: HANS printMessageBody: RCVed message body: type = 0, port = 86870, caller_pid = 1834, caller_uid = 1000, target_pid = 15865, target_uid = 10284, pkg_cmd = -1
07-21 08:28:43.465 12649 12653 E IHansComunication: HANS printMessageBody: RCVed message body: type = 0, port = 86870, caller_pid = 1834, caller_uid = 1000, target_pid = 11892, target_uid = 10253, pkg_cmd = -1
07-21 08:28:43.469 12649 12653 E IHansComunication: HANS printMessageBody: RCVed message body: type = 0, port = 86870, caller_pid = 1834, caller_uid = 1000, target_pid = 13593, target_uid = 10191, pkg_cmd = -1
07-21 08:28:43.511 22949 11476 E RemoteGuardClient.DWB.ActivityMonitor: onProcessDied com.mojang.minecraftpe.roblox pid = 16030 uid = 11497
07-21 08:28:43.517  3682  3682 E Launcher.ColorBubbleTextView: mForceHideDot is false
07-21 08:28:43.520  3682  3682 E Launcher.ColorBubbleTextView: mForceHideDot is false
07-21 08:28:43.871  1834  2203 E ColorZoomWindowManagerService: onConfigurationChanged rotation not changed - prevRotation: 1
07-21 08:28:43.875  1834  2203 E ColorZoomWindowManagerService: onConfigurationChanged rotation not changed - prevRotation: 1
07-21 08:28:43.876  1834  2203 E ColorZoomWindowManagerService: onConfigurationChanged rotation not changed - prevRotation: 1
07-21 08:28:43.983  6330  6330 E SmartSidebar.MainThreadCheckerInvoker: checkMethodAndRun()  exception:null
07-21 08:28:43.985  6330  6330 E ConfigurationDispatcher: local = en dispatch = en country = US dispatchCountry = US
07-21 08:28:44.007  1834  2203 E ColorZoomWindowManagerService: onConfigurationChanged rotation not changed - prevRotation: 0
07-21 08:28:44.018  1834  2203 E ColorZoomWindowManagerService: onConfigurationChanged rotation not changed - prevRotation: 0
07-21 08:28:44.018  1834  2203 E ColorZoomWindowManagerService: onConfigurationChanged rotation not changed - prevRotation: 0
07-21 08:28:44.025  1834  2203 E ColorZoomWindowManagerService: onConfigurationChanged rotation not changed - prevRotation: 0
07-21 08:28:44.055 12649 12653 E IHansComunication: HANS printMessageBody: RCVed message body: type = 0, port = 86870, caller_pid = 1834, caller_uid = 1000, target_pid = 6417, target_uid = 90013, pkg_cmd = -1
07-21 08:28:44.059  3682  3682 E Launcher.BottomSearchBoxManager: sp.getBoolean = false
07-21 08:28:44.066   922   979 E ANDR-PERF-OPTSHANDLER: Perflock resource /sys/class/devfreq/soc:qcom,llccbw/bw_hwmon/io_percent not supported
07-21 08:28:44.066   922   979 E ANDR-PERF-RESOURCEQS: Failed to apply optimization [12, 1]
07-21 08:28:44.066   922   979 E ANDR-PERF-OPTSHANDLER: Perflock resource /sys/class/devfreq/soc:qcom,llccbw/bw_hwmon/sample_ms not supported
07-21 08:28:44.066   922   979 E ANDR-PERF-RESOURCEQS: Failed to apply optimization [12, 3]
07-21 08:28:44.070 13619 25852 E OplusCustomizeRestrictionManager: getForbidRecordScreenState Errorjava.lang.SecurityException: Check system signature permission Denial for pid=13619; uid = 10311
07-21 08:28:44.087   922   979 E ANDR-PERF-OPTSHANDLER: Perflock resource /sys/class/devfreq/soc:qcom,llccbw/bw_hwmon/io_percent not supported
07-21 08:28:44.087   922   979 E ANDR-PERF-RESOURCEQS: Failed to apply optimization [12, 1]
07-21 08:28:44.087   922   979 E ANDR-PERF-OPTSHANDLER: Perflock resource /sys/class/devfreq/soc:qcom,llccbw/bw_hwmon/sample_ms not supported
07-21 08:28:44.087   922   979 E ANDR-PERF-RESOURCEQS: Failed to apply optimization [12, 3]
07-21 08:28:44.091 12649 12653 E IHansComunication: HANS printMessageBody: RCVed message body: type = 0, port = 86870, caller_pid = 1834, caller_uid = 1000, target_pid = 13947, target_uid = 10535, pkg_cmd = -1
07-21 08:28:44.102 12649 12653 E IHansComunication: HANS printMessageBody: RCVed message body: type = 0, port = 86870, caller_pid = 1834, caller_uid = 1000, target_pid = 31925, target_uid = 10448, pkg_cmd = -1
07-21 08:28:44.105 12649 12653 E IHansComunication: HANS printMessageBody: RCVed message body: type = 0, port = 86870, caller_pid = 1834, caller_uid = 1000, target_pid = 32053, target_uid = 10448, pkg_cmd = -1
07-21 08:28:44.165 26717 10066 E ZoomUiManager: current os version unsupport change scale
07-21 08:28:44.213  1310 16086 E OMX-VENC: venc_dev: async_venc_message_thread interrupted to be exited
07-21 08:28:44.269  4634  4650 E oiface  : packageSwitch pkg com.oppo.launcher, enter
07-21 08:28:44.269  4634  4650 E oiface  : current package is com.oppo.launcher and pid is 3682
07-21 08:28:44.287 12649 12653 E IHansComunication: HANS printMessageBody: RCVed message body: type = 0, port = 86870, caller_pid = 1834, caller_uid = 1000, target_pid = 6417, target_uid = 90013, pkg_cmd = -1
07-21 08:28:44.289 12649 12653 E IHansComunication: HANS printMessageBody: RCVed message body: type = 0, port = 86870, caller_pid = 1834, caller_uid = 1000, target_pid = 13947, target_uid = 10535, pkg_cmd = -1
07-21 08:28:44.297  4634  4649 E oiface  : Average freq 1536105 for 5s.
07-21 08:28:44.298  4634  4649 E oiface  : Average freq 1755713 for 5s.
07-21 08:28:44.305  1834  1887 E ORMS_Platform : OplusResourceManagerPlatformUtils: readFile function exception:/sys/devices/platform/soc/5900000.qcom,kgsl-3d0/kgsl/kgsl-3d0/freq_table_mhz: open failed: EACCES (Permission denied)
07-21 08:28:44.305  4634  4649 E oiface  : get gpu freq table failed
07-21 08:28:44.306 12649 12653 E IHansComunication: HANS printMessageBody: RCVed message body: type = 0, port = 86870, caller_pid = 3412, caller_uid = 1073, target_pid = 31925, target_uid = 10448, pkg_cmd = -1
07-21 08:28:44.313  4634  4649 E oiface  : client  not found, skipped
07-21 08:28:44.314 12649 12653 E IHansComunication: HANS printMessageBody: RCVed message body: type = 0, port = 86870, caller_pid = 1834, caller_uid = 1000, target_pid = 31925, target_uid = 10448, pkg_cmd = -1
07-21 08:28:44.317 12649 12653 E IHansComunication: HANS printMessageBody: RCVed message body: type = 0, port = 86870, caller_pid = 1834, caller_uid = 1000, target_pid = 32053, target_uid = 10448, pkg_cmd = -1
07-21 08:28:44.320  1310  3202 E OMXNodeInstance: setParameter(0xed4cdcc4:qcom.encoder.hevc, OMX.google.android.index.allocateNativeHandle(0x7f00005d): Input:0 en=0) ERROR: UnsupportedSetting(0x80001019)
07-21 08:28:44.321  1310 12342 E OMXNodeInstance: setParameter(0xed4cdcc4:qcom.encoder.hevc, OMX.google.android.index.allocateNativeHandle(0x7f00005d): Output:1 en=0) ERROR: UnsupportedSetting(0x80001019)
07-21 08:28:44.327 12649 12653 E IHansComunication: HANS printMessageBody: RCVed message body: type = 0, port = 86870, caller_pid = 3412, caller_uid = 1073, target_pid = 13947, target_uid = 10535, pkg_cmd = -1
07-21 08:28:44.337 13619 16308 E OplusACodec: [GetVideoCodingTypeFromMime:L726] mime:video/hevc
07-21 08:28:44.347  1310  4458 E OMX-VENC: ERROR: unsupported index 1870659589
07-21 08:28:44.347  1310  4458 E OMXNodeInstance: getConfig(0xed4cdcc4:qcom.encoder.hevc, ConfigLatency(0x6f800005)) ERROR: UnsupportedIndex(0x8000101a)
07-21 08:28:44.351  1834  5619 E ORMS_Platform : OplusResourceManagerPlatformUtils: readFile function exception:/sys/devices/platform/soc/5900000.qcom,kgsl-3d0/kgsl/kgsl-3d0/freq_table_mhz: open failed: EACCES (Permission denied)
07-21 08:28:44.351  4634  4649 E oiface  : get gpu freq table failed
07-21 08:28:44.361   922   979 E ANDR-PERF-OPTSHANDLER: Perflock resource /sys/class/devfreq/soc:qcom,llccbw/bw_hwmon/io_percent not supported
07-21 08:28:44.361   922   979 E ANDR-PERF-RESOURCEQS: Failed to apply optimization [12, 1]
07-21 08:28:44.361   922   979 E ANDR-PERF-OPTSHANDLER: Perflock resource /sys/class/devfreq/soc:qcom,llccbw/bw_hwmon/sample_ms not supported
07-21 08:28:44.361   922   979 E ANDR-PERF-RESOURCEQS: Failed to apply optimization [12, 3]
07-21 08:28:44.361 12649 12653 E IHansComunication: HANS printMessageBody: RCVed message body: type = 0, port = 86870, caller_pid = 1834, caller_uid = 1000, target_pid = 6417, target_uid = 90013, pkg_cmd = -1
07-21 08:28:44.371 12649 12653 E IHansComunication: HANS printMessageBody: RCVed message body: type = 0, port = 86870, caller_pid = 1834, caller_uid = 1000, target_pid = 13947, target_uid = 10535, pkg_cmd = -1
07-21 08:28:44.374 12649 12653 E IHansComunication: HANS printMessageBody: RCVed message body: type = 0, port = 86870, caller_pid = 1834, caller_uid = 1000, target_pid = 31925, target_uid = 10448, pkg_cmd = -1
07-21 08:28:44.385 13619 25899 E libEGL  : Invalid file path for libcolorx-loader.so
07-21 08:28:44.389  1310 22905 E OMXNodeInstance: getConfig(0xed4cdcc4:qcom.encoder.hevc, ??(0x7f000062)) ERROR: UnsupportedSetting(0x80001019)
07-21 08:28:44.391 12649 12653 E IHansComunication: HANS printMessageBody: RCVed message body: type = 0, port = 86870, caller_pid = 1834, caller_uid = 1000, target_pid = 32053, target_uid = 10448, pkg_cmd = -1
07-21 08:28:44.501  3657  3657 E OplusNecManagerHelper: com.oplus.nec.OplusNecManager.notifyOrigSignalStrengthChanged [class android.telephony.SignalStrength, int]
07-21 08:28:44.658 12649 12653 E IHansComunication: HANS printMessageBody: RCVed message body: type = 0, port = 86870, caller_pid = 1834, caller_uid = 1000, target_pid = 13947, target_uid = 10535, pkg_cmd = -1
07-21 08:28:44.661 12649 12653 E IHansComunication: HANS printMessageBody: RCVed message body: type = 0, port = 86870, caller_pid = 1834, caller_uid = 1000, target_pid = 31925, target_uid = 10448, pkg_cmd = -1
07-21 08:28:44.683 12649 12653 E IHansComunication: HANS printMessageBody: RCVed message body: type = 0, port = 86870, caller_pid = 1834, caller_uid = 1000, target_pid = 6417, target_uid = 90013, pkg_cmd = -1
07-21 08:28:44.711 12649 12653 E IHansComunication: HANS printMessageBody: RCVed message body: type = 0, port = 86870, caller_pid = 1834, caller_uid = 1000, target_pid = 13947, target_uid = 10535, pkg_cmd = -1
07-21 08:28:44.725 12649 12653 E IHansComunication: HANS printMessageBody: RCVed message body: type = 0, port = 86870, caller_pid = 1834, caller_uid = 1000, target_pid = 31925, target_uid = 10448, pkg_cmd = -1
07-21 08:28:44.732 12649 12653 E IHansComunication: HANS printMessageBody: RCVed message body: type = 0, port = 86870, caller_pid = 1834, caller_uid = 1000, target_pid = 32053, target_uid = 10448, pkg_cmd = -1
07-21 08:28:44.743 12649 12653 E IHansComunication: HANS printMessageBody: RCVed message body: type = 0, port = 86870, caller_pid = 1834, caller_uid = 1000, target_pid = 6417, target_uid = 90013, pkg_cmd = -1
07-21 08:28:44.748 12649 12653 E IHansComunication: HANS printMessageBody: RCVed message body: type = 0, port = 86870, caller_pid = 1834, caller_uid = 1000, target_pid = 13947, target_uid = 10535, pkg_cmd = -1
07-21 08:28:44.761 12649 12653 E IHansComunication: HANS printMessageBody: RCVed message body: type = 0, port = 86870, caller_pid = 1834, caller_uid = 1000, target_pid = 31925, target_uid = 10448, pkg_cmd = -1
07-21 08:28:44.763 12649 12653 E IHansComunication: HANS printMessageBody: RCVed message body: type = 0, port = 86870, caller_pid = 1834, caller_uid = 1000, target_pid = 32053, target_uid = 10448, pkg_cmd = -1
07-21 08:28:44.778   922   979 E ANDR-PERF-OPTSHANDLER: Perflock resource /sys/class/devfreq/soc:qcom,llccbw/bw_hwmon/io_percent not supported
07-21 08:28:44.778   922   979 E ANDR-PERF-RESOURCEQS: Failed to apply optimization [12, 1]
07-21 08:28:44.779   922   979 E ANDR-PERF-OPTSHANDLER: Perflock resource /sys/class/devfreq/soc:qcom,llccbw/bw_hwmon/sample_ms not supported
07-21 08:28:44.779   922   979 E ANDR-PERF-RESOURCEQS: Failed to apply optimization [12, 3]
07-21 08:28:44.814  3682  3682 E Launcher.ColorBubbleTextView: mForceHideDot is false
07-21 08:28:44.848  3682  3682 E Launcher.ColorBubbleTextView: mForceHideDot is false
07-21 08:28:45.163 23546 23877 E libc    : Access denied finding property "vendor.oplus.media.vpp.osie_sr.on"
07-21 08:28:45.525  1834  2718 E VibratorService: Failed to issue command to vibrator HAL. Retrying.
07-21 08:28:45.527  1834  2718 E VibratorService: Failed to issue command to vibrator HAL. Retrying.
07-21 08:28:45.771 12649 12653 E IHansComunication: HANS printMessageBody: RCVed message body: type = 0, port = 86870, caller_pid = 1834, caller_uid = 1000, target_pid = 13947, target_uid = 10535, pkg_cmd = -1
07-21 08:28:45.776   922   979 E ANDR-PERF-OPTSHANDLER: Perflock resource /sys/class/devfreq/soc:qcom,llccbw/bw_hwmon/io_percent not supported
07-21 08:28:45.776   922   979 E ANDR-PERF-RESOURCEQS: Failed to apply optimization [12, 1]
07-21 08:28:45.776   922   979 E ANDR-PERF-OPTSHANDLER: Perflock resource /sys/class/devfreq/soc:qcom,llccbw/bw_hwmon/sample_ms not supported
07-21 08:28:45.776   922   979 E ANDR-PERF-RESOURCEQS: Failed to apply optimization [12, 3]
07-21 08:28:45.804 14479 14479 E OplusFeatureCache: invalid oplus feature oplus.hardware.type.fold
07-21 08:28:45.823 12649 12653 E IHansComunication: HANS printMessageBody: RCVed message body: type = 0, port = 86870, caller_pid = 1834, caller_uid = 1000, target_pid = 31925, target_uid = 10448, pkg_cmd = -1
07-21 08:28:45.831 12649 12653 E IHansComunication: HANS printMessageBody: RCVed message body: type = 0, port = 86870, caller_pid = 1834, caller_uid = 1000, target_pid = 6417, target_uid = 90013, pkg_cmd = -1
07-21 08:28:45.835 18410 18410 E OplusFeatureCache: invalid oplus feature oplus.software.display.resolution_switch_support
07-21 08:28:45.835 12649 12653 E IHansComunication: HANS printMessageBody: RCVed message body: type = 0, port = 86870, caller_pid = 1834, caller_uid = 1000, target_pid = 32053, target_uid = 10448, pkg_cmd = -1
07-21 08:28:46.068   922   979 E ANDR-PERF-OPTSHANDLER: Perflock resource /sys/class/devfreq/soc:qcom,llccbw/bw_hwmon/io_percent not supported
07-21 08:28:46.068   922   979 E ANDR-PERF-RESOURCEQS: Failed to apply optimization [12, 1]
07-21 08:28:46.068   922   979 E ANDR-PERF-OPTSHANDLER: Perflock resource /sys/class/devfreq/soc:qcom,llccbw/bw_hwmon/sample_ms not supported
07-21 08:28:46.068   922   979 E ANDR-PERF-RESOURCEQS: Failed to apply optimization [12, 3]
07-21 08:28:46.385  3682  3682 E Launcher.BottomSearchBoxManager: sp.getBoolean = false
07-21 08:28:46.470  3682  3682 E Launcher.BottomSearchBoxManager: sp.getBoolean = false
07-21 08:28:46.473   922   979 E ANDR-PERF-OPTSHANDLER: Perflock resource /sys/class/devfreq/soc:qcom,llccbw/bw_hwmon/io_percent not supported
07-21 08:28:46.473   922   979 E ANDR-PERF-RESOURCEQS: Failed to apply optimization [12, 1]
07-21 08:28:46.473   922   979 E ANDR-PERF-OPTSHANDLER: Perflock resource /sys/class/devfreq/soc:qcom,llccbw/bw_hwmon/sample_ms not supported
07-21 08:28:46.473   922   979 E ANDR-PERF-RESOURCEQS: Failed to apply optimization [12, 3]
07-21 08:28:46.507  4631  4643 E horae   : 0: back:44282,frame:44282,front:44282, 10, +(0), 1 ,44282
07-21 08:28:47.502  3657  3657 E OplusNecManagerHelper: com.oplus.nec.OplusNecManager.notifyOrigSignalStrengthChanged [class android.telephony.SignalStrength, int]
07-21 08:28:47.546   922   979 E ANDR-PERF-RESOURCEQS: Failed to reset optimization [3, 0]
07-21 08:28:47.566  1834  3522 E OplusCustomizeRestrictionManagerService: isBackButtonDisabled start
07-21 08:28:47.622  3682  3682 E Launcher.BottomSearchBoxManager: sp.getBoolean = false
07-21 08:28:48.327   922   979 E ANDR-PERF-RESOURCEQS: Failed to reset optimization [3, 0]
07-21 08:28:48.550   922   979 E ANDR-PERF-OPTSHANDLER: Perflock resource /sys/class/devfreq/soc:qcom,llccbw/bw_hwmon/io_percent not supported
07-21 08:28:48.550   922   979 E ANDR-PERF-RESOURCEQS: Failed to apply optimization [12, 1]
07-21 08:28:48.550   922   979 E ANDR-PERF-OPTSHANDLER: Perflock resource /sys/class/devfreq/soc:qcom,llccbw/bw_hwmon/sample_ms not supported
07-21 08:28:48.550   922   979 E ANDR-PERF-RESOURCEQS: Failed to apply optimization [12, 3]
07-21 08:28:48.607   922   979 E ANDR-PERF-RESOURCEQS: Failed to reset optimization [3, 0]
07-21 08:28:49.269  1834  2962 E ORMS_CORE: Unsupported action!!!
07-21 08:28:49.272   922   979 E ANDR-PERF-OPTSHANDLER: Perflock resource /sys/class/devfreq/soc:qcom,llccbw/bw_hwmon/io_percent not supported
07-21 08:28:49.272   922   979 E ANDR-PERF-RESOURCEQS: Failed to apply optimization [12, 1]
07-21 08:28:49.272   922   979 E ANDR-PERF-OPTSHANDLER: Perflock resource /sys/class/devfreq/soc:qcom,llccbw/bw_hwmon/sample_ms not supported
07-21 08:28:49.272   922   979 E ANDR-PERF-RESOURCEQS: Failed to apply optimization [12, 3]
07-21 08:28:49.351   922   979 E ANDR-PERF-RESOURCEQS: Failed to reset optimization [3, 0]
07-21 08:28:50.163 23546 23877 E libc    : Access denied finding property "vendor.oplus.media.vpp.osie_sr.on"
07-21 08:28:50.398   922   979 E ANDR-PERF-OPTSHANDLER: Perflock resource /sys/class/devfreq/soc:qcom,llccbw/bw_hwmon/io_percent not supported
07-21 08:28:50.398   922   979 E ANDR-PERF-RESOURCEQS: Failed to apply optimization [12, 1]
07-21 08:28:50.398   922   979 E ANDR-PERF-OPTSHANDLER: Perflock resource /sys/class/devfreq/soc:qcom,llccbw/bw_hwmon/sample_ms not supported
07-21 08:28:50.398   922   979 E ANDR-PERF-RESOURCEQS: Failed to apply optimization [12, 3]
07-21 08:28:50.465 10314 10408 E FileStrategy: java.io.IOException: Read-only file system
07-21 08:28:50.479   922   979 E ANDR-PERF-OPTSHANDLER: Perflock resource /sys/class/devfreq/soc:qcom,llccbw/bw_hwmon/io_percent not supported
07-21 08:28:50.479   922   979 E ANDR-PERF-RESOURCEQS: Failed to apply optimization [12, 1]
07-21 08:28:50.479   922   979 E ANDR-PERF-OPTSHANDLER: Perflock resource /sys/class/devfreq/soc:qcom,llccbw/bw_hwmon/sample_ms not supported
07-21 08:28:50.479   922   979 E ANDR-PERF-RESOURCEQS: Failed to apply optimization [12, 3]
07-21 08:28:50.481   922   979 E ANDR-PERF-OPTSHANDLER: Perflock resource /sys/class/devfreq/soc:qcom,llccbw/bw_hwmon/io_percent not supported
07-21 08:28:50.481   922   979 E ANDR-PERF-RESOURCEQS: Failed to apply optimization [12, 1]
07-21 08:28:50.481   922   979 E ANDR-PERF-OPTSHANDLER: Perflock resource /sys/class/devfreq/soc:qcom,llccbw/bw_hwmon/sample_ms not supported
07-21 08:28:50.481   922   979 E ANDR-PERF-RESOURCEQS: Failed to apply optimization [12, 3]
07-21 08:28:50.500  3657  3657 E OplusNecManagerHelper: com.oplus.nec.OplusNecManager.notifyOrigSignalStrengthChanged [class android.telephony.SignalStrength, int]
07-21 08:28:50.975   922   979 E ANDR-PERF-RESOURCEQS: Failed to reset optimization [3, 0]
07-21 08:28:51.060  1834  5723 E VibratorService: Failed to issue command to vibrator HAL. Retrying.
07-21 08:28:51.064  1834  5723 E VibratorService: Failed to issue command to vibrator HAL. Retrying.
07-21 08:28:51.695   922   979 E ANDR-PERF-OPTSHANDLER: Perflock resource /sys/class/devfreq/soc:qcom,llccbw/bw_hwmon/io_percent not supported
07-21 08:28:51.695   922   979 E ANDR-PERF-RESOURCEQS: Failed to apply optimization [12, 1]
07-21 08:28:51.695   922   979 E ANDR-PERF-OPTSHANDLER: Perflock resource /sys/class/devfreq/soc:qcom,llccbw/bw_hwmon/sample_ms not supported
07-21 08:28:51.695   922   979 E ANDR-PERF-RESOURCEQS: Failed to apply optimization [12, 3]
07-21 08:28:51.923   922   979 E ANDR-PERF-OPTSHANDLER: Perflock resource /sys/class/devfreq/soc:qcom,llccbw/bw_hwmon/io_percent not supported
07-21 08:28:51.923   922   979 E ANDR-PERF-RESOURCEQS: Failed to apply optimization [12, 1]
07-21 08:28:51.923   922   979 E ANDR-PERF-OPTSHANDLER: Perflock resource /sys/class/devfreq/soc:qcom,llccbw/bw_hwmon/sample_ms not supported
07-21 08:28:51.923   922   979 E ANDR-PERF-RESOURCEQS: Failed to apply optimization [12, 3]
07-21 08:28:52.067  3682  3682 E Launcher.BottomSearchBoxManager: sp.getBoolean = false
07-21 08:28:52.216  3657  3657 E OplusNecManagerHelper: com.oplus.nec.OplusNecManager.notifyOrigSignalStrengthChanged [class android.telephony.SignalStrength, int]
07-21 08:28:52.323   922   979 E ANDR-PERF-OPTSHANDLER: Perflock resource /sys/class/devfreq/soc:qcom,llccbw/bw_hwmon/io_percent not supported
07-21 08:28:52.324   922   979 E ANDR-PERF-RESOURCEQS: Failed to apply optimization [12, 1]
07-21 08:28:52.324   922   979 E ANDR-PERF-OPTSHANDLER: Perflock resource /sys/class/devfreq/soc:qcom,llccbw/bw_hwmon/sample_ms not supported
07-21 08:28:52.324   922   979 E ANDR-PERF-RESOURCEQS: Failed to apply optimization [12, 3]
07-21 08:28:53.515  3657  3657 E OplusNecManagerHelper: com.oplus.nec.OplusNecManager.notifyOrigSignalStrengthChanged [class android.telephony.SignalStrength, int]
07-21 08:28:54.232  1834  2440 E BatteryStatsService: Unable to load Power Hal or power.stats HAL
07-21 08:28:54.234  1834  2440 E BatteryStatsService: Unable to load Power Hal or power.stats HAL
07-21 08:28:54.259 18410 16361 E BatteryStatsHelperNative: java.lang.NoClassDefFoundError: Failed resolution of: Lcom/oplus/inner/internal/os/BatteryStatsHelperWrapper;
07-21 08:28:54.365   624   630 E android.system.suspend@1.0-service: Error opening kernel wakelock stats for: wakeup28: Permission denied
07-21 08:28:54.366   624   630 E android.system.suspend@1.0-service: Error opening kernel wakelock stats for: wakeup18: Permission denied
07-21 08:28:54.369   624   630 E android.system.suspend@1.0-service: Error opening kernel wakelock stats for: wakeup26: Permission denied
07-21 08:28:54.370   624   630 E android.system.suspend@1.0-service: Error opening kernel wakelock stats for: wakeup16: Permission denied
07-21 08:28:54.371   624   630 E android.system.suspend@1.0-service: Error opening kernel wakelock stats for: wakeup34: Permission denied
07-21 08:28:54.372   624   630 E android.system.suspend@1.0-service: Error opening kernel wakelock stats for: wakeup24: Permission denied
07-21 08:28:54.374   624   630 E android.system.suspend@1.0-service: Error opening kernel wakelock stats for: wakeup14: Permission denied
07-21 08:28:54.375   624   630 E android.system.suspend@1.0-service: Error opening kernel wakelock stats for: wakeup32: Permission denied
07-21 08:28:54.376   624   630 E android.system.suspend@1.0-service: Error opening kernel wakelock stats for: wakeup22: Permission denied
07-21 08:28:54.377   624   630 E android.system.suspend@1.0-service: Error opening kernel wakelock stats for: wakeup12: Permission denied
07-21 08:28:54.378   624   630 E android.system.suspend@1.0-service: Error opening kernel wakelock stats for: wakeup30: Permission denied
07-21 08:28:54.380   624   630 E android.system.suspend@1.0-service: Error opening kernel wakelock stats for: wakeup20: Permission denied
