07-21 08:28:54.381   624   630 E android.system.suspend@1.0-service: Error opening kernel wakelock stats for: wakeup10: Permission denied
07-21 08:28:54.382   624   630 E android.system.suspend@1.0-service: Error opening kernel wakelock stats for: wakeup29: Permission denied
07-21 08:28:54.383   624   630 E android.system.suspend@1.0-service: Error opening kernel wakelock stats for: wakeup19: Permission denied
07-21 08:28:54.386   624   630 E android.system.suspend@1.0-service: Error opening kernel wakelock stats for: wakeup27: Permission denied
07-21 08:28:54.390   624   630 E android.system.suspend@1.0-service: Error opening kernel wakelock stats for: wakeup25: Permission denied
07-21 08:28:54.391   624   630 E android.system.suspend@1.0-service: Error opening kernel wakelock stats for: wakeup15: Permission denied
07-21 08:28:54.392   624   630 E android.system.suspend@1.0-service: Error opening kernel wakelock stats for: wakeup33: Permission denied
07-21 08:28:54.393   624   630 E android.system.suspend@1.0-service: Error opening kernel wakelock stats for: wakeup23: Permission denied
07-21 08:28:54.393   624   630 E android.system.suspend@1.0-service: Error opening kernel wakelock stats for: wakeup8: Permission denied
07-21 08:28:54.393   624   630 E android.system.suspend@1.0-service: Error opening kernel wakelock stats for: wakeup13: Permission denied
07-21 08:28:54.394   624   630 E android.system.suspend@1.0-service: Error opening kernel wakelock stats for: wakeup31: Permission denied
07-21 08:28:54.395   624   630 E android.system.suspend@1.0-service: Error opening kernel wakelock stats for: wakeup21: Permission denied
07-21 08:28:54.395   624   630 E android.system.suspend@1.0-service: Error opening kernel wakelock stats for: wakeup11: Permission denied
07-21 08:28:54.493   624   630 E android.system.suspend@1.0-service: Error opening kernel wakelock stats for: wakeup28: Permission denied
07-21 08:28:54.494   624   630 E android.system.suspend@1.0-service: Error opening kernel wakelock stats for: wakeup18: Permission denied
07-21 08:28:54.495   624   630 E android.system.suspend@1.0-service: Error opening kernel wakelock stats for: wakeup26: Permission denied
07-21 08:28:54.496   624   630 E android.system.suspend@1.0-service: Error opening kernel wakelock stats for: wakeup16: Permission denied
07-21 08:28:54.497   624   630 E android.system.suspend@1.0-service: Error opening kernel wakelock stats for: wakeup34: Permission denied
07-21 08:28:54.497   624   630 E android.system.suspend@1.0-service: Error opening kernel wakelock stats for: wakeup24: Permission denied
07-21 08:28:54.498   624   630 E android.system.suspend@1.0-service: Error opening kernel wakelock stats for: wakeup14: Permission denied
07-21 08:28:54.499   624   630 E android.system.suspend@1.0-service: Error opening kernel wakelock stats for: wakeup32: Permission denied
07-21 08:28:54.499   624   630 E android.system.suspend@1.0-service: Error opening kernel wakelock stats for: wakeup22: Permission denied
07-21 08:28:54.500   624   630 E android.system.suspend@1.0-service: Error opening kernel wakelock stats for: wakeup12: Permission denied
07-21 08:28:54.501   624   630 E android.system.suspend@1.0-service: Error opening kernel wakelock stats for: wakeup30: Permission denied
07-21 08:28:54.501   624   630 E android.system.suspend@1.0-service: Error opening kernel wakelock stats for: wakeup20: Permission denied
07-21 08:28:54.502   624   630 E android.system.suspend@1.0-service: Error opening kernel wakelock stats for: wakeup10: Permission denied
07-21 08:28:54.503   624   630 E android.system.suspend@1.0-service: Error opening kernel wakelock stats for: wakeup29: Permission denied
07-21 08:28:54.503   624   630 E android.system.suspend@1.0-service: Error opening kernel wakelock stats for: wakeup19: Permission denied
07-21 08:28:54.505   624   630 E android.system.suspend@1.0-service: Error opening kernel wakelock stats for: wakeup27: Permission denied
07-21 08:28:54.508   624   630 E android.system.suspend@1.0-service: Error opening kernel wakelock stats for: wakeup25: Permission denied
07-21 08:28:54.509   624   630 E android.system.suspend@1.0-service: Error opening kernel wakelock stats for: wakeup15: Permission denied
07-21 08:28:54.509   624   630 E android.system.suspend@1.0-service: Error opening kernel wakelock stats for: wakeup33: Permission denied
07-21 08:28:54.510   624   630 E android.system.suspend@1.0-service: Error opening kernel wakelock stats for: wakeup23: Permission denied
07-21 08:28:54.510   624   630 E android.system.suspend@1.0-service: Error opening kernel wakelock stats for: wakeup8: Permission denied
07-21 08:28:54.510   624   630 E android.system.suspend@1.0-service: Error opening kernel wakelock stats for: wakeup13: Permission denied
07-21 08:28:54.510   624   630 E android.system.suspend@1.0-service: Error opening kernel wakelock stats for: wakeup31: Permission denied
07-21 08:28:54.511   624   630 E android.system.suspend@1.0-service: Error opening kernel wakelock stats for: wakeup21: Permission denied
07-21 08:28:54.511   624   630 E android.system.suspend@1.0-service: Error opening kernel wakelock stats for: wakeup11: Permission denied
07-21 08:28:54.516  1834  2440 E BatteryStatsService: Unable to load Power Hal or power.stats HAL
07-21 08:28:55.163 23546 23895 E libc    : Access denied finding property "vendor.oplus.media.vpp.osie_sr.on"
07-21 08:28:56.528  3657  3657 E OplusNecManagerHelper: com.oplus.nec.OplusNecManager.notifyOrigSignalStrengthChanged [class android.telephony.SignalStrength, int]
07-21 08:28:58.959  3657  3657 E OplusNecManagerHelper: com.oplus.nec.OplusNecManager.notifyOrigSignalStrengthChanged [class android.telephony.SignalStrength, int]
07-21 08:28:59.518  3657  3657 E OplusNecManagerHelper: com.oplus.nec.OplusNecManager.notifyOrigSignalStrengthChanged [class android.telephony.SignalStrength, int]
07-21 08:29:00.094  1834  3522 E OplusCustomizeRestrictionManagerService: isBiometricDisabled start
07-21 08:29:00.163 23546 23895 E libc    : Access denied finding property "vendor.oplus.media.vpp.osie_sr.on"
07-21 08:29:00.665  1410  1410 E OPLUS_KEVENT_RECORD: oplus_kevent Receive message from kernel, event_type=3
07-21 08:29:00.665  1410  1410 E OPLUS_KEVENT_RECORD: OPLUS_KEVENT payload:11446,path@@/data/data/com.termux/files/usr/bin/adb
07-21 08:29:01.195  3657  3657 E OplusNecManagerHelper: com.oplus.nec.OplusNecManager.notifyOrigSignalStrengthChanged [class android.telephony.SignalStrength, int]
07-21 08:29:01.506  4631  4643 E horae   : 0: back:43762,frame:43762,front:43762, 10, +(0), 1 ,43762
07-21 08:29:02.029   887   887 E ORMS_HAL: open /sys/class/devfreq/soc:qcom,cpu-cpu-llcc-bw/bw_hwmon/hyst_trigger_count failed(No such file or directory)
07-21 08:29:02.034   922   979 E ANDR-PERF-OPTSHANDLER: Perflock resource /sys/class/devfreq/soc:qcom,llccbw/bw_hwmon/io_percent not supported
07-21 08:29:02.034   922   979 E ANDR-PERF-RESOURCEQS: Failed to apply optimization [12, 1]
07-21 08:29:02.034   922   979 E ANDR-PERF-OPTSHANDLER: Perflock resource /sys/class/devfreq/soc:qcom,llccbw/bw_hwmon/sample_ms not supported
07-21 08:29:02.034   922   979 E ANDR-PERF-RESOURCEQS: Failed to apply optimization [12, 3]
07-21 08:29:02.040  1834  3748 E OppoThermalStats: Error getting package info: com.oppo.launcher
07-21 08:29:02.065   922   979 E ANDR-PERF-OPTSHANDLER: Perflock resource /sys/class/devfreq/soc:qcom,llccbw/bw_hwmon/io_percent not supported
07-21 08:29:02.065   922   979 E ANDR-PERF-RESOURCEQS: Failed to apply optimization [12, 1]
07-21 08:29:02.065   922   979 E ANDR-PERF-OPTSHANDLER: Perflock resource /sys/class/devfreq/soc:qcom,llccbw/bw_hwmon/sample_ms not supported
07-21 08:29:02.065   922   979 E ANDR-PERF-RESOURCEQS: Failed to apply optimization [12, 3]
07-21 08:29:02.191  3682  3682 E Launcher.BottomSearchBoxManager: sp.getBoolean = false
07-21 08:29:02.513  3657  3657 E OplusNecManagerHelper: com.oplus.nec.OplusNecManager.notifyOrigSignalStrengthChanged [class android.telephony.SignalStrength, int]
07-21 08:29:02.566   922   979 E ANDR-PERF-OPTSHANDLER: Perflock resource /sys/class/devfreq/soc:qcom,llccbw/bw_hwmon/io_percent not supported
07-21 08:29:02.566   922   979 E ANDR-PERF-RESOURCEQS: Failed to apply optimization [12, 1]
07-21 08:29:02.566   922   979 E ANDR-PERF-OPTSHANDLER: Perflock resource /sys/class/devfreq/soc:qcom,llccbw/bw_hwmon/sample_ms not supported
07-21 08:29:02.566   922   979 E ANDR-PERF-RESOURCEQS: Failed to apply optimization [12, 3]
07-21 08:29:02.574  3682  3682 E Launcher.ColorBubbleTextView: mForceHideDot is false
07-21 08:29:02.639   922   979 E ANDR-PERF-OPTSHANDLER: Perflock resource /sys/class/devfreq/soc:qcom,llccbw/bw_hwmon/io_percent not supported
07-21 08:29:02.639   922   979 E ANDR-PERF-RESOURCEQS: Failed to apply optimization [12, 1]
07-21 08:29:02.639   922   979 E ANDR-PERF-OPTSHANDLER: Perflock resource /sys/class/devfreq/soc:qcom,llccbw/bw_hwmon/sample_ms not supported
07-21 08:29:02.639   922   979 E ANDR-PERF-RESOURCEQS: Failed to apply optimization [12, 3]
07-21 08:29:02.652   887   887 E ORMS_HAL: open /sys/class/devfreq/soc:qcom,cpu-cpu-llcc-bw/bw_hwmon/hist_memory failed(No such file or directory)
07-21 08:29:02.652   887   887 E ORMS_HAL: open /sys/class/devfreq/soc:qcom,cpu-cpu-llcc-bw/bw_hwmon/hyst_trigger_count failed(No such file or directory)
07-21 08:29:02.655   922   979 E ANDR-PERF-OPTSHANDLER: Perflock resource /sys/class/devfreq/soc:qcom,llccbw/bw_hwmon/io_percent not supported
07-21 08:29:02.655   922   979 E ANDR-PERF-RESOURCEQS: Failed to apply optimization [12, 1]
07-21 08:29:02.655   922   979 E ANDR-PERF-OPTSHANDLER: Perflock resource /sys/class/devfreq/soc:qcom,llccbw/bw_hwmon/sample_ms not supported
07-21 08:29:02.655   922   979 E ANDR-PERF-RESOURCEQS: Failed to apply optimization [12, 3]
07-21 08:29:02.660   922   979 E ANDR-PERF-OPTSHANDLER: Perflock resource /sys/class/devfreq/soc:qcom,llccbw/bw_hwmon/io_percent not supported
07-21 08:29:02.660   922   979 E ANDR-PERF-RESOURCEQS: Failed to apply optimization [12, 1]
07-21 08:29:02.660   922   979 E ANDR-PERF-OPTSHANDLER: Perflock resource /sys/class/devfreq/soc:qcom,llccbw/bw_hwmon/sample_ms not supported
07-21 08:29:02.660   922   979 E ANDR-PERF-RESOURCEQS: Failed to apply optimization [12, 3]
07-21 08:29:02.669  3682  3682 E Launcher.DrawAppSortManagerUtil: handleAppInfoClick times=361
07-21 08:29:02.671  1834  5723 E OppoThermalStats: Error getting package info: bin.mt.plus
07-21 08:29:02.679   922   979 E ANDR-PERF-OPTSHANDLER: Perflock resource /sys/class/devfreq/soc:qcom,llccbw/bw_hwmon/io_percent not supported
07-21 08:29:02.679   922   979 E ANDR-PERF-RESOURCEQS: Failed to apply optimization [12, 1]
07-21 08:29:02.679   922   979 E ANDR-PERF-OPTSHANDLER: Perflock resource /sys/class/devfreq/soc:qcom,llccbw/bw_hwmon/sample_ms not supported
07-21 08:29:02.679   922   979 E ANDR-PERF-RESOURCEQS: Failed to apply optimization [12, 3]
07-21 08:29:02.688  1834  9766 E OplusTrack-ApkInfoUtil: java.lang.NullPointerException: Attempt to invoke virtual method 'java.lang.Object android.os.Bundle.get(java.lang.String)' on a null object reference
07-21 08:29:02.697  3682  3682 E Launcher.ColorBubbleTextView: mForceHideDot is false
07-21 08:29:02.741  3682  3682 E SimulationInteractor: tryGetAnimationPainterInstance error:com.coloros.painteranimationpanel.api.AnimPainterInstance
07-21 08:29:02.749   963  1049 E SurfaceFlinger: Permission Denial: can't access SurfaceFlinger pid=0, uid=10105
07-21 08:29:02.750  1834  2962 E ORMS_CORE: Unsupported action!!!
07-21 08:29:02.752  3682  3682 E Launcher.ColorBubbleTextView: mForceHideDot is true
07-21 08:29:02.777  5830 16384 E DeepThinkerSDK: [APP] AlgorithmBinderPool: Error: Bind Algorithm Service Failed, not exist!
07-21 08:29:02.790  4634  4634 E oiface  : Unknown decision game_auth_status
07-21 08:29:02.877 22528 22604 E SystemPropertiesWrapper: java.lang.RuntimeException: failed to set system property (check logcat for reason)
07-21 08:29:02.880   922   979 E ANDR-PERF-OPTSHANDLER: Perflock resource /sys/class/devfreq/soc:qcom,llccbw/bw_hwmon/io_percent not supported
07-21 08:29:02.880   922   979 E ANDR-PERF-RESOURCEQS: Failed to apply optimization [12, 1]
07-21 08:29:02.880   922   979 E ANDR-PERF-OPTSHANDLER: Perflock resource /sys/class/devfreq/soc:qcom,llccbw/bw_hwmon/sample_ms not supported
07-21 08:29:02.880   922   979 E ANDR-PERF-RESOURCEQS: Failed to apply optimization [12, 3]
07-21 08:29:02.917  4634  4634 E oiface  : packageSwitch pkg bin.mt.plus, enter
07-21 08:29:02.917  4634  4634 E oiface  : current package is bin.mt.plus and pid is 13947
07-21 08:29:02.920 22949 23107 E RemoteGuardClient.DWB.ActivityMonitor: startGameAppMonitor failed! Failed resolution of: Lcom/oplus/remoteguardservice/GameIndulgeMonitorManager;
07-21 08:29:02.927 11892 11892 E ComponentFactory: instantiate-service: com.coloros.gamespaceui.gamedock.GameDockService
07-21 08:29:02.937  4634  4649 E oiface  : Average freq 1229574 for 18s.
07-21 08:29:02.938  4634  4649 E oiface  : Average freq 1205008 for 18s.
07-21 08:29:02.939  1834  3653 E ORMS_Platform : OplusResourceManagerPlatformUtils: readFile function exception:/sys/devices/platform/soc/5900000.qcom,kgsl-3d0/kgsl/kgsl-3d0/freq_table_mhz: open failed: EACCES (Permission denied)
07-21 08:29:02.939  4634  4649 E oiface  : get gpu freq table failed
07-21 08:29:02.943  4634  4649 E oiface  : client  not found, skipped
07-21 08:29:02.956 11892 16391 E ActivityThread: Failed to find provider info for com.oplus.romupdate.provider.db
07-21 08:29:02.979  1834  3653 E ORMS_Platform : OplusResourceManagerPlatformUtils: readFile function exception:/sys/devices/platform/soc/5900000.qcom,kgsl-3d0/kgsl/kgsl-3d0/freq_table_mhz: open failed: EACCES (Permission denied)
07-21 08:29:02.979  4634  4649 E oiface  : get gpu freq table failed
07-21 08:29:03.003 11892 12253 E ActivityThread: Failed to find provider info for null
07-21 08:29:03.003 11892 12253 E AppSettings: getProviderForUser contentProvider == null,uid:-100 ,uri: null
07-21 08:29:03.026 11892 11960 E ActivityThread: Failed to find provider info for null
07-21 08:29:03.026 11892 11960 E AppSettings: getProviderForUser contentProvider == null,uid:-100 ,uri: null
07-21 08:29:03.027 11892 11960 E AppSettings: getProviderForUser contentProvider == null,uid:-100 ,uri: null
07-21 08:29:03.027 11892 11960 E ActivityThread: Failed to find provider info for null
07-21 08:29:03.045 11892 11960 E ActivityThread: Failed to find provider info for null
07-21 08:29:03.045 11892 11960 E AppSettings: getProviderForUser contentProvider == null,uid:-100 ,uri: null
07-21 08:29:03.057 11892 11960 E AppSettings: getProviderForUser contentProvider == null,uid:-100 ,uri: null
07-21 08:29:03.058 11892 11960 E AppSettings: getProviderForUser contentProvider == null,uid:-100 ,uri: null
07-21 08:29:03.058 11892 11960 E ActivityThread: Failed to find provider info for null
07-21 08:29:03.142 12649 12653 E IHansComunication: HANS printMessageBody: RCVed message body: type = 0, port = 86870, caller_pid = 1834, caller_uid = 1000, target_pid = 31925, target_uid = 10448, pkg_cmd = -1
07-21 08:29:03.194 11892 12457 E ActivityThread: Failed to find provider info for null
07-21 08:29:03.196 11892 12457 E AppSettings: getProviderForUser contentProvider == null,uid:-100 ,uri: null
07-21 08:29:03.199 11892 12002 E ActivityThread: Failed to find provider info for null
07-21 08:29:03.199 11892 12002 E AppSettings: getProviderForUser contentProvider == null,uid:-100 ,uri: null
07-21 08:29:03.203  3682  3682 E Launcher.ColorBubbleTextView: mForceHideDot is false
07-21 08:29:03.241   963   963 E Layer   : [Surface(name=Task=23723)/@0x5e141c7 - animation-leash#0] No local sync point found
07-21 08:29:03.241   963   963 E Layer   : [Surface(name=Task=23723)/@0x5e141c7 - animation-leash#0] No local sync point found
07-21 08:29:03.241   963   963 E Layer   : [Surface(name=Task=2)/@0x31a2721 - animation-leash#0] No local sync point found
07-21 08:29:03.241   963   963 E Layer   : [Surface(name=Task=2)/@0x31a2721 - animation-leash#0] No local sync point found
07-21 08:29:03.284   922   979 E ANDR-PERF-OPTSHANDLER: Perflock resource /sys/class/devfreq/soc:qcom,llccbw/bw_hwmon/io_percent not supported
07-21 08:29:03.284   922   979 E ANDR-PERF-RESOURCEQS: Failed to apply optimization [12, 1]
07-21 08:29:03.284   922   979 E ANDR-PERF-OPTSHANDLER: Perflock resource /sys/class/devfreq/soc:qcom,llccbw/bw_hwmon/sample_ms not supported
07-21 08:29:03.284   922   979 E ANDR-PERF-RESOURCEQS: Failed to apply optimization [12, 3]
07-21 08:29:03.341 11892 12253 E ActivityThread: Failed to find provider info for null
07-21 08:29:03.341 11892 12253 E AppSettings: getProviderForUser contentProvider == null,uid:-100 ,uri: null
07-21 08:29:03.446 11892 11892 E ComponentFactory: instantiate-service: com.coloros.gamespaceui.gamedock.NotificationListener
07-21 08:29:03.632 16425 16425 E arme.gamecente: Unknown bits set in runtime_flags: 0x40000000
07-21 08:29:03.634 12649 12653 E IHansComunication: HANS printMessageBody: RCVed message body: type = 4, port = 86870, caller_pid = -1, caller_uid = -1, target_pid = -1, target_uid = 10535, pkg_cmd = -1
07-21 08:29:03.654 16425 16425 E arme.gamecente: Not starting debugger since process cannot load the jdwp agent.
07-21 08:29:03.725 16425 16425 E RefClass: java.lang.reflect.InvocationTargetException
07-21 08:29:03.752   922   979 E ANDR-PERF-OPTSHANDLER: Perflock resource /sys/class/devfreq/soc:qcom,llccbw/bw_hwmon/io_percent not supported
07-21 08:29:03.753   922   979 E ANDR-PERF-RESOURCEQS: Failed to apply optimization [12, 1]
07-21 08:29:03.753   922   979 E ANDR-PERF-OPTSHANDLER: Perflock resource /sys/class/devfreq/soc:qcom,llccbw/bw_hwmon/sample_ms not supported
07-21 08:29:03.753   922   979 E ANDR-PERF-RESOURCEQS: Failed to apply optimization [12, 3]
07-21 08:29:03.788  4634  4634 E oiface  : getCurrentThermal, get current thermal from horae success : 43.762001
07-21 08:29:03.810   922   979 E ANDR-PERF-RESOURCEQS: Failed to reset optimization [3, 0]
07-21 08:29:03.972 16425 16425 E Perf    :  perftest packageName : com.nearme.gamecenter App is allowed to use Hide APIs  
07-21 08:29:04.021 22321  8324 E OpenID  : -3026
07-21 08:29:04.023 16425 16425 E OplusFeatureCache: invalid oplus feature oplus.hardware.type.fold
07-21 08:29:04.025 16425 16425 E OplusFeatureCache: invalid oplus feature oplus.hardware.type.tablet
07-21 08:29:04.055   922   979 E ANDR-PERF-OPTSHANDLER: Perflock resource /sys/class/devfreq/soc:qcom,llccbw/bw_hwmon/io_percent not supported
07-21 08:29:04.055   922   979 E ANDR-PERF-RESOURCEQS: Failed to apply optimization [12, 1]
07-21 08:29:04.055   922   979 E ANDR-PERF-OPTSHANDLER: Perflock resource /sys/class/devfreq/soc:qcom,llccbw/bw_hwmon/sample_ms not supported
07-21 08:29:04.055   922   979 E ANDR-PERF-RESOURCEQS: Failed to apply optimization [12, 3]
07-21 08:29:04.061   922   979 E ANDR-PERF-OPTSHANDLER: Perflock resource /sys/class/devfreq/soc:qcom,llccbw/bw_hwmon/io_percent not supported
07-21 08:29:04.061   922   979 E ANDR-PERF-RESOURCEQS: Failed to apply optimization [12, 1]
07-21 08:29:04.061   922   979 E ANDR-PERF-OPTSHANDLER: Perflock resource /sys/class/devfreq/soc:qcom,llccbw/bw_hwmon/sample_ms not supported
07-21 08:29:04.061   922   979 E ANDR-PERF-RESOURCEQS: Failed to apply optimization [12, 3]
07-21 08:29:04.154 22321  8324 E OpenID  :  com.coloros.gamespaceui:WhiteList Not
07-21 08:29:04.154 11892 12030 E IDHelper: 1078:com.oplus.stdid
07-21 08:29:04.426   922   979 E ANDR-PERF-RESOURCEQS: Failed to reset optimization [3, 0]
07-21 08:29:04.504   922   979 E ANDR-PERF-OPTSHANDLER: Perflock resource /sys/class/devfreq/soc:qcom,llccbw/bw_hwmon/io_percent not supported
07-21 08:29:04.504   922   979 E ANDR-PERF-RESOURCEQS: Failed to apply optimization [12, 1]
07-21 08:29:04.504   922   979 E ANDR-PERF-OPTSHANDLER: Perflock resource /sys/class/devfreq/soc:qcom,llccbw/bw_hwmon/sample_ms not supported
07-21 08:29:04.504   922   979 E ANDR-PERF-RESOURCEQS: Failed to apply optimization [12, 3]
07-21 08:29:04.563   922   979 E ANDR-PERF-RESOURCEQS: Failed to reset optimization [3, 0]
07-21 08:29:04.596 16425 16487 E ActivityThread: Failed to find provider info for null
07-21 08:29:04.613   922   979 E ANDR-PERF-OPTSHANDLER: Perflock resource /sys/class/devfreq/soc:qcom,llccbw/bw_hwmon/io_percent not supported
07-21 08:29:04.613   922   979 E ANDR-PERF-RESOURCEQS: Failed to apply optimization [12, 1]
07-21 08:29:04.613   922   979 E ANDR-PERF-OPTSHANDLER: Perflock resource /sys/class/devfreq/soc:qcom,llccbw/bw_hwmon/sample_ms not supported
07-21 08:29:04.613   922   979 E ANDR-PERF-RESOURCEQS: Failed to apply optimization [12, 3]
07-21 08:29:04.614   922   979 E ANDR-PERF-OPTSHANDLER: Perflock resource /sys/class/devfreq/soc:qcom,llccbw/bw_hwmon/io_percent not supported
07-21 08:29:04.614   922   979 E ANDR-PERF-RESOURCEQS: Failed to apply optimization [12, 1]
07-21 08:29:04.614   922   979 E ANDR-PERF-OPTSHANDLER: Perflock resource /sys/class/devfreq/soc:qcom,llccbw/bw_hwmon/sample_ms not supported
07-21 08:29:04.614   922   979 E ANDR-PERF-RESOURCEQS: Failed to apply optimization [12, 3]
07-21 08:29:04.624 11892 12253 E OplusKeyEventManager: already registered before
07-21 08:29:04.630 22321  8324 E OpenID  :  com.coloros.gamespaceui:WhiteList Not
07-21 08:29:04.692   922   979 E ANDR-PERF-RESOURCEQS: Failed to reset optimization [3, 0]
07-21 08:29:04.733   922   979 E ANDR-PERF-OPTSHANDLER: Perflock resource /sys/class/devfreq/soc:qcom,llccbw/bw_hwmon/io_percent not supported
07-21 08:29:04.733   922   979 E ANDR-PERF-RESOURCEQS: Failed to apply optimization [12, 1]
07-21 08:29:04.733   922   979 E ANDR-PERF-OPTSHANDLER: Perflock resource /sys/class/devfreq/soc:qcom,llccbw/bw_hwmon/sample_ms not supported
07-21 08:29:04.733   922   979 E ANDR-PERF-RESOURCEQS: Failed to apply optimization [12, 3]
07-21 08:29:04.778 16425 16486 E SQLiteLog: (1) no such table: download in "SELECT * FROM download ORDER BY _id DESC"
07-21 08:29:04.781 16425 16486 E fatal_log: android.database.sqlite.SQLiteException: no such table: download (code 1 SQLITE_ERROR): , while compiling: SELECT * FROM download ORDER BY _id DESC
07-21 08:29:04.795   922   979 E ANDR-PERF-RESOURCEQS: Failed to reset optimization [3, 0]
07-21 08:29:04.839 16425 16515 E [THOR_APP]-ThorApk: parse json empty
07-21 08:29:04.904 22528 22528 E ContextWrapper: java.lang.UnsupportedOperationException: Tried to obtain display from a Context not associated with  one. Only visual Contexts (such as Activity or one created with Context#createWindowContext) or ones created with Context#createDisplayContext are associated with displays. Other types of Contexts are typically related to background entities and may return an arbitrary display.
07-21 08:29:05.165 16425 16464 E SQLiteLog: (1) trigger trigger_delete_top already exists in "CREATE TRIGGER trigger_delete_top AFTER insert ON ac_open_trace_chain_tb_new BEGIN delete from ac_open_trace_chain_tb_new where (select count(id) from ac_open_trace_chain_tb_new) > 30 and id in (select id from ac_open_trace_chain_tb_new order by id desc limit (select count(id) from ac_open_trace_chain_tb_new) offset 30); END;"
07-21 08:29:05.163 23546 23886 E libc    : Access denied finding property "vendor.oplus.media.vpp.osie_sr.on"
07-21 08:29:05.176   922   979 E ANDR-PERF-OPTSHANDLER: Perflock resource /sys/class/devfreq/soc:qcom,llccbw/bw_hwmon/io_percent not supported
07-21 08:29:05.176   922   979 E ANDR-PERF-RESOURCEQS: Failed to apply optimization [12, 1]
07-21 08:29:05.176   922   979 E ANDR-PERF-OPTSHANDLER: Perflock resource /sys/class/devfreq/soc:qcom,llccbw/bw_hwmon/sample_ms not supported
07-21 08:29:05.176   922   979 E ANDR-PERF-RESOURCEQS: Failed to apply optimization [12, 3]
07-21 08:29:05.179   922   979 E ANDR-PERF-OPTSHANDLER: Perflock resource /sys/class/devfreq/soc:qcom,llccbw/bw_hwmon/io_percent not supported
07-21 08:29:05.179   922   979 E ANDR-PERF-RESOURCEQS: Failed to apply optimization [12, 1]
07-21 08:29:05.179   922   979 E ANDR-PERF-OPTSHANDLER: Perflock resource /sys/class/devfreq/soc:qcom,llccbw/bw_hwmon/sample_ms not supported
07-21 08:29:05.179   922   979 E ANDR-PERF-RESOURCEQS: Failed to apply optimization [12, 3]
07-21 08:29:05.440   922   979 E ANDR-PERF-RESOURCEQS: Failed to reset optimization [3, 0]
07-21 08:29:05.484   922   979 E ANDR-PERF-OPTSHANDLER: Perflock resource /sys/class/devfreq/soc:qcom,llccbw/bw_hwmon/io_percent not supported
07-21 08:29:05.484   922   979 E ANDR-PERF-RESOURCEQS: Failed to apply optimization [12, 1]
07-21 08:29:05.484   922   979 E ANDR-PERF-OPTSHANDLER: Perflock resource /sys/class/devfreq/soc:qcom,llccbw/bw_hwmon/sample_ms not supported
07-21 08:29:05.484   922   979 E ANDR-PERF-RESOURCEQS: Failed to apply optimization [12, 3]
07-21 08:29:05.555   922   979 E ANDR-PERF-RESOURCEQS: Failed to reset optimization [3, 0]
07-21 08:29:05.578   922   979 E ANDR-PERF-OPTSHANDLER: Perflock resource /sys/class/devfreq/soc:qcom,llccbw/bw_hwmon/io_percent not supported
07-21 08:29:05.578   922   979 E ANDR-PERF-RESOURCEQS: Failed to apply optimization [12, 1]
07-21 08:29:05.578   922   979 E ANDR-PERF-OPTSHANDLER: Perflock resource /sys/class/devfreq/soc:qcom,llccbw/bw_hwmon/sample_ms not supported
07-21 08:29:05.578   922   979 E ANDR-PERF-RESOURCEQS: Failed to apply optimization [12, 3]
07-21 08:29:05.578   922   979 E ANDR-PERF-OPTSHANDLER: Perflock resource /sys/class/devfreq/soc:qcom,llccbw/bw_hwmon/io_percent not supported
07-21 08:29:05.578   922   979 E ANDR-PERF-RESOURCEQS: Failed to apply optimization [12, 1]
07-21 08:29:05.578   922   979 E ANDR-PERF-OPTSHANDLER: Perflock resource /sys/class/devfreq/soc:qcom,llccbw/bw_hwmon/sample_ms not supported
07-21 08:29:05.578   922   979 E ANDR-PERF-RESOURCEQS: Failed to apply optimization [12, 3]
07-21 08:29:05.910   922   979 E ANDR-PERF-RESOURCEQS: Failed to reset optimization [3, 0]
07-21 08:29:07.328   922   979 E ANDR-PERF-OPTSHANDLER: Perflock resource /sys/class/devfreq/soc:qcom,llccbw/bw_hwmon/io_percent not supported
07-21 08:29:07.328   922   979 E ANDR-PERF-RESOURCEQS: Failed to apply optimization [12, 1]
07-21 08:29:07.328   922   979 E ANDR-PERF-OPTSHANDLER: Perflock resource /sys/class/devfreq/soc:qcom,llccbw/bw_hwmon/sample_ms not supported
07-21 08:29:07.328   922   979 E ANDR-PERF-RESOURCEQS: Failed to apply optimization [12, 3]
07-21 08:29:07.393   922   979 E ANDR-PERF-RESOURCEQS: Failed to reset optimization [3, 0]
07-21 08:29:07.849   922   979 E ANDR-PERF-OPTSHANDLER: Perflock resource /sys/class/devfreq/soc:qcom,llccbw/bw_hwmon/io_percent not supported
07-21 08:29:07.849   922   979 E ANDR-PERF-RESOURCEQS: Failed to apply optimization [12, 1]
07-21 08:29:07.849   922   979 E ANDR-PERF-OPTSHANDLER: Perflock resource /sys/class/devfreq/soc:qcom,llccbw/bw_hwmon/sample_ms not supported
07-21 08:29:07.849   922   979 E ANDR-PERF-RESOURCEQS: Failed to apply optimization [12, 3]
07-21 08:29:07.851   922   979 E ANDR-PERF-OPTSHANDLER: Perflock resource /sys/class/devfreq/soc:qcom,llccbw/bw_hwmon/io_percent not supported
07-21 08:29:07.852   922   979 E ANDR-PERF-RESOURCEQS: Failed to apply optimization [12, 1]
07-21 08:29:07.852   922   979 E ANDR-PERF-OPTSHANDLER: Perflock resource /sys/class/devfreq/soc:qcom,llccbw/bw_hwmon/sample_ms not supported
07-21 08:29:07.852   922   979 E ANDR-PERF-RESOURCEQS: Failed to apply optimization [12, 3]
07-21 08:29:07.903  3657  3657 E OplusNecManagerHelper: com.oplus.nec.OplusNecManager.notifyOrigSignalStrengthChanged [class android.telephony.SignalStrength, int]
07-21 08:29:08.065   922   979 E ANDR-PERF-RESOURCEQS: Failed to reset optimization [3, 0]
07-21 08:29:08.258   922   979 E ANDR-PERF-OPTSHANDLER: Perflock resource /sys/class/devfreq/soc:qcom,llccbw/bw_hwmon/io_percent not supported
07-21 08:29:08.258   922   979 E ANDR-PERF-RESOURCEQS: Failed to apply optimization [12, 1]
07-21 08:29:08.258   922   979 E ANDR-PERF-OPTSHANDLER: Perflock resource /sys/class/devfreq/soc:qcom,llccbw/bw_hwmon/sample_ms not supported
07-21 08:29:08.258   922   979 E ANDR-PERF-RESOURCEQS: Failed to apply optimization [12, 3]
07-21 08:29:08.301   922   979 E ANDR-PERF-RESOURCEQS: Failed to reset optimization [3, 0]
07-21 08:29:08.734   922   979 E ANDR-PERF-OPTSHANDLER: Perflock resource /sys/class/devfreq/soc:qcom,llccbw/bw_hwmon/io_percent not supported
07-21 08:29:08.734   922   979 E ANDR-PERF-RESOURCEQS: Failed to apply optimization [12, 1]
07-21 08:29:08.734   922   979 E ANDR-PERF-OPTSHANDLER: Perflock resource /sys/class/devfreq/soc:qcom,llccbw/bw_hwmon/sample_ms not supported
07-21 08:29:08.734   922   979 E ANDR-PERF-RESOURCEQS: Failed to apply optimization [12, 3]
07-21 08:29:08.736   922   979 E ANDR-PERF-OPTSHANDLER: Perflock resource /sys/class/devfreq/soc:qcom,llccbw/bw_hwmon/io_percent not supported
07-21 08:29:08.736   922   979 E ANDR-PERF-RESOURCEQS: Failed to apply optimization [12, 1]
07-21 08:29:08.736   922   979 E ANDR-PERF-OPTSHANDLER: Perflock resource /sys/class/devfreq/soc:qcom,llccbw/bw_hwmon/sample_ms not supported
07-21 08:29:08.736   922   979 E ANDR-PERF-RESOURCEQS: Failed to apply optimization [12, 3]
07-21 08:29:09.016   922   979 E ANDR-PERF-RESOURCEQS: Failed to reset optimization [3, 0]
07-21 08:29:09.164   922   979 E ANDR-PERF-OPTSHANDLER: Perflock resource /sys/class/devfreq/soc:qcom,llccbw/bw_hwmon/io_percent not supported
07-21 08:29:09.164   922   979 E ANDR-PERF-RESOURCEQS: Failed to apply optimization [12, 1]
07-21 08:29:09.164   922   979 E ANDR-PERF-OPTSHANDLER: Perflock resource /sys/class/devfreq/soc:qcom,llccbw/bw_hwmon/sample_ms not supported
07-21 08:29:09.164   922   979 E ANDR-PERF-RESOURCEQS: Failed to apply optimization [12, 3]
07-21 08:29:09.216   922   979 E ANDR-PERF-RESOURCEQS: Failed to reset optimization [3, 0]
07-21 08:29:09.584  1834  2962 E ORMS_CORE: Unsupported action!!!
07-21 08:29:09.588   922   979 E ANDR-PERF-OPTSHANDLER: Perflock resource /sys/class/devfreq/soc:qcom,llccbw/bw_hwmon/io_percent not supported
07-21 08:29:09.588   922   979 E ANDR-PERF-RESOURCEQS: Failed to apply optimization [12, 1]
07-21 08:29:09.588   922   979 E ANDR-PERF-OPTSHANDLER: Perflock resource /sys/class/devfreq/soc:qcom,llccbw/bw_hwmon/sample_ms not supported
07-21 08:29:09.588   922   979 E ANDR-PERF-RESOURCEQS: Failed to apply optimization [12, 3]
07-21 08:29:09.666   922   979 E ANDR-PERF-RESOURCEQS: Failed to reset optimization [3, 0]
07-21 08:29:10.143  3657  3657 E OplusNecManagerHelper: com.oplus.nec.OplusNecManager.notifyOrigSignalStrengthChanged [class android.telephony.SignalStrength, int]
07-21 08:29:10.163 23546 23895 E libc    : Access denied finding property "vendor.oplus.media.vpp.osie_sr.on"
07-21 08:29:10.311 11892 16513 E ActivityThread: Failed to find provider info for null
07-21 08:29:10.311 11892 16513 E AppSettings: getProviderForUser contentProvider == null,uid:-100 ,uri: null
07-21 08:29:10.983   922   979 E ANDR-PERF-OPTSHANDLER: Perflock resource /sys/class/devfreq/soc:qcom,llccbw/bw_hwmon/io_percent not supported
07-21 08:29:10.983   922   979 E ANDR-PERF-RESOURCEQS: Failed to apply optimization [12, 1]
07-21 08:29:10.983   922   979 E ANDR-PERF-OPTSHANDLER: Perflock resource /sys/class/devfreq/soc:qcom,llccbw/bw_hwmon/sample_ms not supported
07-21 08:29:10.983   922   979 E ANDR-PERF-RESOURCEQS: Failed to apply optimization [12, 3]
07-21 08:29:11.055   922   979 E ANDR-PERF-RESOURCEQS: Failed to reset optimization [3, 0]
07-21 08:29:11.104   922   979 E ANDR-PERF-OPTSHANDLER: Perflock resource /sys/class/devfreq/soc:qcom,llccbw/bw_hwmon/io_percent not supported
07-21 08:29:11.104   922   979 E ANDR-PERF-RESOURCEQS: Failed to apply optimization [12, 1]
07-21 08:29:11.104   922   979 E ANDR-PERF-OPTSHANDLER: Perflock resource /sys/class/devfreq/soc:qcom,llccbw/bw_hwmon/sample_ms not supported
07-21 08:29:11.104   922   979 E ANDR-PERF-RESOURCEQS: Failed to apply optimization [12, 3]
07-21 08:29:11.109   922   979 E ANDR-PERF-OPTSHANDLER: Perflock resource /sys/class/devfreq/soc:qcom,llccbw/bw_hwmon/io_percent not supported
07-21 08:29:11.109   922   979 E ANDR-PERF-RESOURCEQS: Failed to apply optimization [12, 1]
07-21 08:29:11.109   922   979 E ANDR-PERF-OPTSHANDLER: Perflock resource /sys/class/devfreq/soc:qcom,llccbw/bw_hwmon/sample_ms not supported
07-21 08:29:11.109   922   979 E ANDR-PERF-RESOURCEQS: Failed to apply optimization [12, 3]
07-21 08:29:11.273   922   979 E ANDR-PERF-RESOURCEQS: Failed to reset optimization [3, 0]
07-21 08:29:11.367   922   979 E ANDR-PERF-OPTSHANDLER: Perflock resource /sys/class/devfreq/soc:qcom,llccbw/bw_hwmon/io_percent not supported
07-21 08:29:11.367   922   979 E ANDR-PERF-RESOURCEQS: Failed to apply optimization [12, 1]
07-21 08:29:11.367   922   979 E ANDR-PERF-OPTSHANDLER: Perflock resource /sys/class/devfreq/soc:qcom,llccbw/bw_hwmon/sample_ms not supported
07-21 08:29:11.367   922   979 E ANDR-PERF-RESOURCEQS: Failed to apply optimization [12, 3]
07-21 08:29:11.405  2587  2595 E Diag_Lib: [IMS_AP]"ims-rtp-daemon ims_rtp_qmi_handler_thread_func waiting on select thread>"
07-21 08:29:11.422   922   979 E ANDR-PERF-RESOURCEQS: Failed to reset optimization [3, 0]
07-21 08:29:11.664   922   979 E ANDR-PERF-OPTSHANDLER: Perflock resource /sys/class/devfreq/soc:qcom,llccbw/bw_hwmon/io_percent not supported
07-21 08:29:11.665   922   979 E ANDR-PERF-RESOURCEQS: Failed to apply optimization [12, 1]
07-21 08:29:11.665   922   979 E ANDR-PERF-OPTSHANDLER: Perflock resource /sys/class/devfreq/soc:qcom,llccbw/bw_hwmon/sample_ms not supported
07-21 08:29:11.665   922   979 E ANDR-PERF-RESOURCEQS: Failed to apply optimization [12, 3]
07-21 08:29:11.665   922   979 E ANDR-PERF-OPTSHANDLER: Perflock resource /sys/class/devfreq/soc:qcom,llccbw/bw_hwmon/io_percent not supported
07-21 08:29:11.665   922   979 E ANDR-PERF-RESOURCEQS: Failed to apply optimization [12, 1]
07-21 08:29:11.665   922   979 E ANDR-PERF-OPTSHANDLER: Perflock resource /sys/class/devfreq/soc:qcom,llccbw/bw_hwmon/sample_ms not supported
07-21 08:29:11.665   922   979 E ANDR-PERF-RESOURCEQS: Failed to apply optimization [12, 3]
07-21 08:29:11.744   922   979 E ANDR-PERF-RESOURCEQS: Failed to reset optimization [3, 0]
07-21 08:29:11.854   922   979 E ANDR-PERF-RESOURCEQS: Failed to reset optimization [3, 0]
07-21 08:29:11.906  1834  3522 E OplusCustomizeRestrictionManagerService: isBackButtonDisabled start
07-21 08:29:12.226   922   979 E ANDR-PERF-RESOURCEQS: Failed to reset optimization [3, 0]
07-21 08:29:12.275   922   979 E ANDR-PERF-OPTSHANDLER: Perflock resource /sys/class/devfreq/soc:qcom,llccbw/bw_hwmon/io_percent not supported
07-21 08:29:12.275   922   979 E ANDR-PERF-RESOURCEQS: Failed to apply optimization [12, 1]
07-21 08:29:12.275   922   979 E ANDR-PERF-OPTSHANDLER: Perflock resource /sys/class/devfreq/soc:qcom,llccbw/bw_hwmon/sample_ms not supported
07-21 08:29:12.275   922   979 E ANDR-PERF-RESOURCEQS: Failed to apply optimization [12, 3]
07-21 08:29:12.329   922   979 E ANDR-PERF-RESOURCEQS: Failed to reset optimization [3, 0]
07-21 08:29:12.358   922   979 E ANDR-PERF-OPTSHANDLER: Perflock resource /sys/class/devfreq/soc:qcom,llccbw/bw_hwmon/io_percent not supported
07-21 08:29:12.358   922   979 E ANDR-PERF-RESOURCEQS: Failed to apply optimization [12, 1]
07-21 08:29:12.358   922   979 E ANDR-PERF-OPTSHANDLER: Perflock resource /sys/class/devfreq/soc:qcom,llccbw/bw_hwmon/sample_ms not supported
07-21 08:29:12.358   922   979 E ANDR-PERF-RESOURCEQS: Failed to apply optimization [12, 3]
07-21 08:29:12.360   922   979 E ANDR-PERF-OPTSHANDLER: Perflock resource /sys/class/devfreq/soc:qcom,llccbw/bw_hwmon/io_percent not supported
07-21 08:29:12.360   922   979 E ANDR-PERF-RESOURCEQS: Failed to apply optimization [12, 1]
07-21 08:29:12.360   922   979 E ANDR-PERF-OPTSHANDLER: Perflock resource /sys/class/devfreq/soc:qcom,llccbw/bw_hwmon/sample_ms not supported
07-21 08:29:12.360   922   979 E ANDR-PERF-RESOURCEQS: Failed to apply optimization [12, 3]
07-21 08:29:12.507   922   979 E ANDR-PERF-RESOURCEQS: Failed to reset optimization [3, 0]
07-21 08:29:12.536   922   979 E ANDR-PERF-OPTSHANDLER: Perflock resource /sys/class/devfreq/soc:qcom,llccbw/bw_hwmon/io_percent not supported
07-21 08:29:12.536   922   979 E ANDR-PERF-RESOURCEQS: Failed to apply optimization [12, 1]
07-21 08:29:12.536   922   979 E ANDR-PERF-OPTSHANDLER: Perflock resource /sys/class/devfreq/soc:qcom,llccbw/bw_hwmon/sample_ms not supported
07-21 08:29:12.536   922   979 E ANDR-PERF-RESOURCEQS: Failed to apply optimization [12, 3]
07-21 08:29:12.593   922   979 E ANDR-PERF-OPTSHANDLER: Perflock resource /sys/class/devfreq/soc:qcom,llccbw/bw_hwmon/io_percent not supported
07-21 08:29:12.593   922   979 E ANDR-PERF-RESOURCEQS: Failed to apply optimization [12, 1]
07-21 08:29:12.593   922   979 E ANDR-PERF-OPTSHANDLER: Perflock resource /sys/class/devfreq/soc:qcom,llccbw/bw_hwmon/sample_ms not supported
07-21 08:29:12.593   922   979 E ANDR-PERF-RESOURCEQS: Failed to apply optimization [12, 3]
07-21 08:29:12.596   922   979 E ANDR-PERF-OPTSHANDLER: Perflock resource /sys/class/devfreq/soc:qcom,llccbw/bw_hwmon/io_percent not supported
07-21 08:29:12.596   922   979 E ANDR-PERF-RESOURCEQS: Failed to apply optimization [12, 1]
07-21 08:29:12.596   922   979 E ANDR-PERF-OPTSHANDLER: Perflock resource /sys/class/devfreq/soc:qcom,llccbw/bw_hwmon/sample_ms not supported
07-21 08:29:12.596   922   979 E ANDR-PERF-RESOURCEQS: Failed to apply optimization [12, 3]
07-21 08:29:12.743   922   979 E ANDR-PERF-RESOURCEQS: Failed to reset optimization [3, 0]
07-21 08:29:12.819   922   979 E ANDR-PERF-OPTSHANDLER: Perflock resource /sys/class/devfreq/soc:qcom,llccbw/bw_hwmon/io_percent not supported
07-21 08:29:12.819   922   979 E ANDR-PERF-RESOURCEQS: Failed to apply optimization [12, 1]
07-21 08:29:12.819   922   979 E ANDR-PERF-OPTSHANDLER: Perflock resource /sys/class/devfreq/soc:qcom,llccbw/bw_hwmon/sample_ms not supported
07-21 08:29:12.819   922   979 E ANDR-PERF-RESOURCEQS: Failed to apply optimization [12, 3]
07-21 08:29:12.880   922   979 E ANDR-PERF-RESOURCEQS: Failed to reset optimization [3, 0]
07-21 08:29:13.097   922   979 E ANDR-PERF-OPTSHANDLER: Perflock resource /sys/class/devfreq/soc:qcom,llccbw/bw_hwmon/io_percent not supported
07-21 08:29:13.097   922   979 E ANDR-PERF-RESOURCEQS: Failed to apply optimization [12, 1]
07-21 08:29:13.097   922   979 E ANDR-PERF-OPTSHANDLER: Perflock resource /sys/class/devfreq/soc:qcom,llccbw/bw_hwmon/sample_ms not supported
07-21 08:29:13.097   922   979 E ANDR-PERF-RESOURCEQS: Failed to apply optimization [12, 3]
07-21 08:29:13.102   922   979 E ANDR-PERF-OPTSHANDLER: Perflock resource /sys/class/devfreq/soc:qcom,llccbw/bw_hwmon/io_percent not supported
07-21 08:29:13.102   922   979 E ANDR-PERF-RESOURCEQS: Failed to apply optimization [12, 1]
07-21 08:29:13.103   922   979 E ANDR-PERF-OPTSHANDLER: Perflock resource /sys/class/devfreq/soc:qcom,llccbw/bw_hwmon/sample_ms not supported
07-21 08:29:13.103   922   979 E ANDR-PERF-RESOURCEQS: Failed to apply optimization [12, 3]
07-21 08:29:13.211   922   979 E ANDR-PERF-RESOURCEQS: Failed to reset optimization [3, 0]
07-21 08:29:13.321   922   979 E ANDR-PERF-OPTSHANDLER: Perflock resource /sys/class/devfreq/soc:qcom,llccbw/bw_hwmon/io_percent not supported
07-21 08:29:13.322   922   979 E ANDR-PERF-RESOURCEQS: Failed to apply optimization [12, 1]
07-21 08:29:13.322   922   979 E ANDR-PERF-OPTSHANDLER: Perflock resource /sys/class/devfreq/soc:qcom,llccbw/bw_hwmon/sample_ms not supported
07-21 08:29:13.322   922   979 E ANDR-PERF-RESOURCEQS: Failed to apply optimization [12, 3]
07-21 08:29:13.382   922   979 E ANDR-PERF-RESOURCEQS: Failed to reset optimization [3, 0]
07-21 08:29:13.900   922   979 E ANDR-PERF-OPTSHANDLER: Perflock resource /sys/class/devfreq/soc:qcom,llccbw/bw_hwmon/io_percent not supported
07-21 08:29:13.900   922   979 E ANDR-PERF-RESOURCEQS: Failed to apply optimization [12, 1]
07-21 08:29:13.900   922   979 E ANDR-PERF-OPTSHANDLER: Perflock resource /sys/class/devfreq/soc:qcom,llccbw/bw_hwmon/sample_ms not supported
07-21 08:29:13.900   922   979 E ANDR-PERF-RESOURCEQS: Failed to apply optimization [12, 3]
07-21 08:29:13.905   922   979 E ANDR-PERF-OPTSHANDLER: Perflock resource /sys/class/devfreq/soc:qcom,llccbw/bw_hwmon/io_percent not supported
07-21 08:29:13.905   922   979 E ANDR-PERF-RESOURCEQS: Failed to apply optimization [12, 1]
07-21 08:29:13.905   922   979 E ANDR-PERF-OPTSHANDLER: Perflock resource /sys/class/devfreq/soc:qcom,llccbw/bw_hwmon/sample_ms not supported
07-21 08:29:13.905   922   979 E ANDR-PERF-RESOURCEQS: Failed to apply optimization [12, 3]
07-21 08:29:14.098   922   979 E ANDR-PERF-RESOURCEQS: Failed to reset optimization [3, 0]
07-21 08:29:14.193   922   979 E ANDR-PERF-OPTSHANDLER: Perflock resource /sys/class/devfreq/soc:qcom,llccbw/bw_hwmon/io_percent not supported
07-21 08:29:14.194   922   979 E ANDR-PERF-RESOURCEQS: Failed to apply optimization [12, 1]
07-21 08:29:14.194   922   979 E ANDR-PERF-OPTSHANDLER: Perflock resource /sys/class/devfreq/soc:qcom,llccbw/bw_hwmon/sample_ms not supported
07-21 08:29:14.194   922   979 E ANDR-PERF-RESOURCEQS: Failed to apply optimization [12, 3]
07-21 08:29:14.246   922   979 E ANDR-PERF-RESOURCEQS: Failed to reset optimization [3, 0]
07-21 08:29:14.500   922   979 E ANDR-PERF-OPTSHANDLER: Perflock resource /sys/class/devfreq/soc:qcom,llccbw/bw_hwmon/io_percent not supported
07-21 08:29:14.500   922   979 E ANDR-PERF-RESOURCEQS: Failed to apply optimization [12, 1]
07-21 08:29:14.500   922   979 E ANDR-PERF-OPTSHANDLER: Perflock resource /sys/class/devfreq/soc:qcom,llccbw/bw_hwmon/sample_ms not supported
07-21 08:29:14.500   922   979 E ANDR-PERF-RESOURCEQS: Failed to apply optimization [12, 3]
07-21 08:29:14.503   922   979 E ANDR-PERF-OPTSHANDLER: Perflock resource /sys/class/devfreq/soc:qcom,llccbw/bw_hwmon/io_percent not supported
07-21 08:29:14.503   922   979 E ANDR-PERF-RESOURCEQS: Failed to apply optimization [12, 1]
07-21 08:29:14.503   922   979 E ANDR-PERF-OPTSHANDLER: Perflock resource /sys/class/devfreq/soc:qcom,llccbw/bw_hwmon/sample_ms not supported
07-21 08:29:14.503   922   979 E ANDR-PERF-RESOURCEQS: Failed to apply optimization [12, 3]
07-21 08:29:14.522  3657  3657 E OplusNecManagerHelper: com.oplus.nec.OplusNecManager.notifyOrigSignalStrengthChanged [class android.telephony.SignalStrength, int]
07-21 08:29:14.593 22949 11476 E RemoteGuardClient.DWB.ActivityMonitor: onProcessDied oppo.uid.gc:10263 pid = 16425 uid = 10263
07-21 08:29:14.679   922   979 E ANDR-PERF-RESOURCEQS: Failed to reset optimization [3, 0]
07-21 08:29:14.775   922   979 E ANDR-PERF-OPTSHANDLER: Perflock resource /sys/class/devfreq/soc:qcom,llccbw/bw_hwmon/io_percent not supported
07-21 08:29:14.775   922   979 E ANDR-PERF-RESOURCEQS: Failed to apply optimization [12, 1]
07-21 08:29:14.775   922   979 E ANDR-PERF-OPTSHANDLER: Perflock resource /sys/class/devfreq/soc:qcom,llccbw/bw_hwmon/sample_ms not supported
07-21 08:29:14.775   922   979 E ANDR-PERF-RESOURCEQS: Failed to apply optimization [12, 3]
07-21 08:29:14.839   922   979 E ANDR-PERF-RESOURCEQS: Failed to reset optimization [3, 0]
07-21 08:29:15.163 23546 23975 E libc    : Access denied finding property "vendor.oplus.media.vpp.osie_sr.on"
07-21 08:29:15.318   922   979 E ANDR-PERF-OPTSHANDLER: Perflock resource /sys/class/devfreq/soc:qcom,llccbw/bw_hwmon/io_percent not supported
07-21 08:29:15.318   922   979 E ANDR-PERF-RESOURCEQS: Failed to apply optimization [12, 1]
07-21 08:29:15.318   922   979 E ANDR-PERF-OPTSHANDLER: Perflock resource /sys/class/devfreq/soc:qcom,llccbw/bw_hwmon/sample_ms not supported
07-21 08:29:15.318   922   979 E ANDR-PERF-RESOURCEQS: Failed to apply optimization [12, 3]
07-21 08:29:15.322   922   979 E ANDR-PERF-OPTSHANDLER: Perflock resource /sys/class/devfreq/soc:qcom,llccbw/bw_hwmon/io_percent not supported
07-21 08:29:15.322   922   979 E ANDR-PERF-RESOURCEQS: Failed to apply optimization [12, 1]
07-21 08:29:15.322   922   979 E ANDR-PERF-OPTSHANDLER: Perflock resource /sys/class/devfreq/soc:qcom,llccbw/bw_hwmon/sample_ms not supported
07-21 08:29:15.322   922   979 E ANDR-PERF-RESOURCEQS: Failed to apply optimization [12, 3]
07-21 08:29:15.582   922   979 E ANDR-PERF-RESOURCEQS: Failed to reset optimization [3, 0]
07-21 08:29:15.681   922   979 E ANDR-PERF-OPTSHANDLER: Perflock resource /sys/class/devfreq/soc:qcom,llccbw/bw_hwmon/io_percent not supported
07-21 08:29:15.683   922   979 E ANDR-PERF-RESOURCEQS: Failed to apply optimization [12, 1]
07-21 08:29:15.683   922   979 E ANDR-PERF-OPTSHANDLER: Perflock resource /sys/class/devfreq/soc:qcom,llccbw/bw_hwmon/sample_ms not supported
07-21 08:29:15.683   922   979 E ANDR-PERF-RESOURCEQS: Failed to apply optimization [12, 3]
07-21 08:29:15.730   922   979 E ANDR-PERF-RESOURCEQS: Failed to reset optimization [3, 0]
07-21 08:29:15.965   922   979 E ANDR-PERF-OPTSHANDLER: Perflock resource /sys/class/devfreq/soc:qcom,llccbw/bw_hwmon/io_percent not supported
07-21 08:29:15.965   922   979 E ANDR-PERF-RESOURCEQS: Failed to apply optimization [12, 1]
07-21 08:29:15.965   922   979 E ANDR-PERF-OPTSHANDLER: Perflock resource /sys/class/devfreq/soc:qcom,llccbw/bw_hwmon/sample_ms not supported
07-21 08:29:15.965   922   979 E ANDR-PERF-RESOURCEQS: Failed to apply optimization [12, 3]
07-21 08:29:15.965   922   979 E ANDR-PERF-OPTSHANDLER: Perflock resource /sys/class/devfreq/soc:qcom,llccbw/bw_hwmon/io_percent not supported
07-21 08:29:15.965   922   979 E ANDR-PERF-RESOURCEQS: Failed to apply optimization [12, 1]
07-21 08:29:15.965   922   979 E ANDR-PERF-OPTSHANDLER: Perflock resource /sys/class/devfreq/soc:qcom,llccbw/bw_hwmon/sample_ms not supported
07-21 08:29:15.965   922   979 E ANDR-PERF-RESOURCEQS: Failed to apply optimization [12, 3]
07-21 08:29:16.153   922   979 E ANDR-PERF-RESOURCEQS: Failed to reset optimization [3, 0]
07-21 08:29:16.287 12931 13395 E FileStrategy: java.io.IOException: Read-only file system
07-21 08:29:16.332 11892 16513 E ActivityThread: Failed to find provider info for null
07-21 08:29:16.333 11892 16513 E AppSettings: getProviderForUser contentProvider == null,uid:-100 ,uri: null
07-21 08:29:16.949   922   979 E ANDR-PERF-OPTSHANDLER: Perflock resource /sys/class/devfreq/soc:qcom,llccbw/bw_hwmon/io_percent not supported
07-21 08:29:16.949   922   979 E ANDR-PERF-RESOURCEQS: Failed to apply optimization [12, 1]
07-21 08:29:16.949   922   979 E ANDR-PERF-OPTSHANDLER: Perflock resource /sys/class/devfreq/soc:qcom,llccbw/bw_hwmon/sample_ms not supported
07-21 08:29:16.949   922   979 E ANDR-PERF-RESOURCEQS: Failed to apply optimization [12, 3]
07-21 08:29:16.993   922   979 E ANDR-PERF-RESOURCEQS: Failed to reset optimization [3, 0]
07-21 08:29:17.088   922   979 E ANDR-PERF-OPTSHANDLER: Perflock resource /sys/class/devfreq/soc:qcom,llccbw/bw_hwmon/io_percent not supported
07-21 08:29:17.088   922   979 E ANDR-PERF-RESOURCEQS: Failed to apply optimization [12, 1]
07-21 08:29:17.088   922   979 E ANDR-PERF-OPTSHANDLER: Perflock resource /sys/class/devfreq/soc:qcom,llccbw/bw_hwmon/sample_ms not supported
07-21 08:29:17.088   922   979 E ANDR-PERF-RESOURCEQS: Failed to apply optimization [12, 3]
07-21 08:29:17.094   922   979 E ANDR-PERF-OPTSHANDLER: Perflock resource /sys/class/devfreq/soc:qcom,llccbw/bw_hwmon/io_percent not supported
07-21 08:29:17.094   922   979 E ANDR-PERF-RESOURCEQS: Failed to apply optimization [12, 1]
07-21 08:29:17.094   922   979 E ANDR-PERF-OPTSHANDLER: Perflock resource /sys/class/devfreq/soc:qcom,llccbw/bw_hwmon/sample_ms not supported
07-21 08:29:17.095   922   979 E ANDR-PERF-RESOURCEQS: Failed to apply optimization [12, 3]
07-21 08:29:17.439   922   979 E ANDR-PERF-RESOURCEQS: Failed to reset optimization [3, 0]
07-21 08:29:17.513  3657  3657 E OplusNecManagerHelper: com.oplus.nec.OplusNecManager.notifyOrigSignalStrengthChanged [class android.telephony.SignalStrength, int]
07-21 08:29:17.806   963   963 E OppoExLayer: using cid as pid, cid=1834, name=Dim Layer for - Task=23723#0
07-21 08:29:17.942   922   979 E ANDR-PERF-OPTSHANDLER: Perflock resource /sys/class/devfreq/soc:qcom,llccbw/bw_hwmon/io_percent not supported
07-21 08:29:17.942   922   979 E ANDR-PERF-RESOURCEQS: Failed to apply optimization [12, 1]
07-21 08:29:17.942   922   979 E ANDR-PERF-OPTSHANDLER: Perflock resource /sys/class/devfreq/soc:qcom,llccbw/bw_hwmon/sample_ms not supported
07-21 08:29:17.942   922   979 E ANDR-PERF-RESOURCEQS: Failed to apply optimization [12, 3]
07-21 08:29:18.343   922   979 E ANDR-PERF-OPTSHANDLER: Perflock resource /sys/class/devfreq/soc:qcom,llccbw/bw_hwmon/io_percent not supported
07-21 08:29:18.343   922   979 E ANDR-PERF-RESOURCEQS: Failed to apply optimization [12, 1]
07-21 08:29:18.343   922   979 E ANDR-PERF-OPTSHANDLER: Perflock resource /sys/class/devfreq/soc:qcom,llccbw/bw_hwmon/sample_ms not supported
07-21 08:29:18.343   922   979 E ANDR-PERF-RESOURCEQS: Failed to apply optimization [12, 3]
07-21 08:29:20.162 23546 23886 E libc    : Access denied finding property "vendor.oplus.media.vpp.osie_sr.on"
07-21 08:29:20.516  3657  3657 E OplusNecManagerHelper: com.oplus.nec.OplusNecManager.notifyOrigSignalStrengthChanged [class android.telephony.SignalStrength, int]
07-21 08:29:20.616   922   979 E ANDR-PERF-RESOURCEQS: Failed to reset optimization [3, 0]
07-21 08:29:20.902   922   979 E ANDR-PERF-RESOURCEQS: Failed to reset optimization [3, 0]
07-21 08:29:21.774  4634  4634 E oiface  : getCurrentThermal, get current thermal from horae success : 43.674999
07-21 08:29:21.779  4634  4634 E oiface  : Abnormal! bin.mt.plus[bin.mt.plus/bin.mt.plus.MainNoBgIcon#0] current fps is: 0.000000 abnormal, return 0
07-21 08:29:22.356 11892 16513 E ActivityThread: Failed to find provider info for null
