07-21 08:30:12.018   922   979 E ANDR-PERF-OPTSHANDLER: Perflock resource /sys/class/devfreq/soc:qcom,llccbw/bw_hwmon/io_percent not supported
07-21 08:30:12.018   922   979 E ANDR-PERF-RESOURCEQS: Failed to apply optimization [12, 1]
07-21 08:30:12.019   922   979 E ANDR-PERF-OPTSHANDLER: Perflock resource /sys/class/devfreq/soc:qcom,llccbw/bw_hwmon/sample_ms not supported
07-21 08:30:12.019   922   979 E ANDR-PERF-RESOURCEQS: Failed to apply optimization [12, 3]
07-21 08:30:12.021   922   979 E ANDR-PERF-OPTSHANDLER: Perflock resource /sys/class/devfreq/soc:qcom,llccbw/bw_hwmon/io_percent not supported
07-21 08:30:12.021   922   979 E ANDR-PERF-RESOURCEQS: Failed to apply optimization [12, 1]
07-21 08:30:12.021   922   979 E ANDR-PERF-OPTSHANDLER: Perflock resource /sys/class/devfreq/soc:qcom,llccbw/bw_hwmon/sample_ms not supported
07-21 08:30:12.021   922   979 E ANDR-PERF-RESOURCEQS: Failed to apply optimization [12, 3]
07-21 08:30:12.255   922   979 E ANDR-PERF-RESOURCEQS: Failed to reset optimization [3, 0]
07-21 08:30:12.336   922   979 E ANDR-PERF-OPTSHANDLER: Perflock resource /sys/class/devfreq/soc:qcom,llccbw/bw_hwmon/io_percent not supported
07-21 08:30:12.337   922   979 E ANDR-PERF-RESOURCEQS: Failed to apply optimization [12, 1]
07-21 08:30:12.337   922   979 E ANDR-PERF-OPTSHANDLER: Perflock resource /sys/class/devfreq/soc:qcom,llccbw/bw_hwmon/sample_ms not supported
07-21 08:30:12.337   922   979 E ANDR-PERF-RESOURCEQS: Failed to apply optimization [12, 3]
07-21 08:30:12.396   922   979 E ANDR-PERF-RESOURCEQS: Failed to reset optimization [3, 0]
07-21 08:30:12.468   922   979 E ANDR-PERF-OPTSHANDLER: Perflock resource /sys/class/devfreq/soc:qcom,llccbw/bw_hwmon/io_percent not supported
07-21 08:30:12.468   922   979 E ANDR-PERF-RESOURCEQS: Failed to apply optimization [12, 1]
07-21 08:30:12.468   922   979 E ANDR-PERF-OPTSHANDLER: Perflock resource /sys/class/devfreq/soc:qcom,llccbw/bw_hwmon/sample_ms not supported
07-21 08:30:12.468   922   979 E ANDR-PERF-RESOURCEQS: Failed to apply optimization [12, 3]
07-21 08:30:12.469   922   979 E ANDR-PERF-OPTSHANDLER: Perflock resource /sys/class/devfreq/soc:qcom,llccbw/bw_hwmon/io_percent not supported
07-21 08:30:12.470   922   979 E ANDR-PERF-RESOURCEQS: Failed to apply optimization [12, 1]
07-21 08:30:12.470   922   979 E ANDR-PERF-OPTSHANDLER: Perflock resource /sys/class/devfreq/soc:qcom,llccbw/bw_hwmon/sample_ms not supported
07-21 08:30:12.470   922   979 E ANDR-PERF-RESOURCEQS: Failed to apply optimization [12, 3]
07-21 08:30:12.706   922   979 E ANDR-PERF-RESOURCEQS: Failed to reset optimization [3, 0]
07-21 08:30:12.776   922   979 E ANDR-PERF-OPTSHANDLER: Perflock resource /sys/class/devfreq/soc:qcom,llccbw/bw_hwmon/io_percent not supported
07-21 08:30:12.776   922   979 E ANDR-PERF-RESOURCEQS: Failed to apply optimization [12, 1]
07-21 08:30:12.776   922   979 E ANDR-PERF-OPTSHANDLER: Perflock resource /sys/class/devfreq/soc:qcom,llccbw/bw_hwmon/sample_ms not supported
07-21 08:30:12.776   922   979 E ANDR-PERF-RESOURCEQS: Failed to apply optimization [12, 3]
07-21 08:30:12.820   922   979 E ANDR-PERF-RESOURCEQS: Failed to reset optimization [3, 0]
07-21 08:30:12.834   922   979 E ANDR-PERF-OPTSHANDLER: Perflock resource /sys/class/devfreq/soc:qcom,llccbw/bw_hwmon/io_percent not supported
07-21 08:30:12.834   922   979 E ANDR-PERF-RESOURCEQS: Failed to apply optimization [12, 1]
07-21 08:30:12.834   922   979 E ANDR-PERF-OPTSHANDLER: Perflock resource /sys/class/devfreq/soc:qcom,llccbw/bw_hwmon/sample_ms not supported
07-21 08:30:12.834   922   979 E ANDR-PERF-RESOURCEQS: Failed to apply optimization [12, 3]
07-21 08:30:12.836   922   979 E ANDR-PERF-OPTSHANDLER: Perflock resource /sys/class/devfreq/soc:qcom,llccbw/bw_hwmon/io_percent not supported
07-21 08:30:12.836   922   979 E ANDR-PERF-RESOURCEQS: Failed to apply optimization [12, 1]
07-21 08:30:12.836   922   979 E ANDR-PERF-OPTSHANDLER: Perflock resource /sys/class/devfreq/soc:qcom,llccbw/bw_hwmon/sample_ms not supported
07-21 08:30:12.836   922   979 E ANDR-PERF-RESOURCEQS: Failed to apply optimization [12, 3]
07-21 08:30:12.860  3657  3657 E OplusNecManagerHelper: com.oplus.nec.OplusNecManager.notifyOrigSignalStrengthChanged [class android.telephony.SignalStrength, int]
07-21 08:30:13.092   922   979 E ANDR-PERF-RESOURCEQS: Failed to reset optimization [3, 0]
07-21 08:30:13.146   922   979 E ANDR-PERF-OPTSHANDLER: Perflock resource /sys/class/devfreq/soc:qcom,llccbw/bw_hwmon/io_percent not supported
07-21 08:30:13.146   922   979 E ANDR-PERF-RESOURCEQS: Failed to apply optimization [12, 1]
07-21 08:30:13.146   922   979 E ANDR-PERF-OPTSHANDLER: Perflock resource /sys/class/devfreq/soc:qcom,llccbw/bw_hwmon/sample_ms not supported
07-21 08:30:13.146   922   979 E ANDR-PERF-RESOURCEQS: Failed to apply optimization [12, 3]
07-21 08:30:13.202   922   979 E ANDR-PERF-RESOURCEQS: Failed to reset optimization [3, 0]
07-21 08:30:13.228 28696 28861 E AuthPII : [RequestTokenManager] getToken() -> BAD_AUTHENTICATION. App: com.android.vending, Service: oauth2:https://www.googleapis.com/auth/googleplay
07-21 08:30:13.228 28696 28861 E AuthPII : bgys: Long live credential not available.
07-21 08:30:13.228 28696 28861 E AuthPII : 	at aghw.a(:com.google.android.gms@262831022@26.28.31 (150400-947936219):1376)
07-21 08:30:13.228 28696 28861 E AuthPII : 	at agid.b(:com.google.android.gms@262831022@26.28.31 (150400-947936219):26)
07-21 08:30:13.228 28696 28861 E AuthPII : 	at agib.a(:com.google.android.gms@262831022@26.28.31 (150400-947936219):662)
07-21 08:30:13.228 28696 28861 E AuthPII : 	at agia.b(:com.google.android.gms@262831022@26.28.31 (150400-947936219):152)
07-21 08:30:13.228 28696 28861 E AuthPII : 	at zux.d(:com.google.android.gms@262831022@26.28.31 (150400-947936219):822)
07-21 08:30:13.228 28696 28861 E AuthPII : 	at agbx.getAuthToken(:com.google.android.gms@262831022@26.28.31 (150400-947936219):408)
07-21 08:30:13.228 28696 28861 E AuthPII : 	at android.accounts.AbstractAccountAuthenticator$Transport.getAuthToken(AbstractAccountAuthenticator.java:244)
07-21 08:30:13.228 28696 28861 E AuthPII : 	at android.accounts.IAccountAuthenticator$Stub.onTransact(IAccountAuthenticator.java:282)
07-21 08:30:13.228 28696 28861 E AuthPII : 	at android.os.Binder.transact(Binder.java:1050)
07-21 08:30:13.228 28696 28861 E AuthPII : 	at coqg.onTransact(:com.google.android.gms@262831022@26.28.31 (150400-947936219):12)
07-21 08:30:13.228 28696 28861 E AuthPII : 	at android.os.Binder.transact(Binder.java:1050)
07-21 08:30:13.228 28696 28861 E AuthPII : 	at cbjz.onTransact(:com.google.android.gms@262831022@26.28.31 (150400-947936219):169)
07-21 08:30:13.228 28696 28861 E AuthPII : 	at android.os.Binder.execTransactInternal(Binder.java:1166)
07-21 08:30:13.228 28696 28861 E AuthPII : 	at android.os.Binder.execTransact(Binder.java:1130)
07-21 08:30:13.228 28696 28861 E AuthPII : Message is Long live credential not available.
07-21 08:30:13.228 28696 28861 E AuthPII : bgys: Long live credential not available.
07-21 08:30:13.228 28696 28861 E AuthPII : 	at aghw.a(:com.google.android.gms@262831022@26.28.31 (150400-947936219):1376)
07-21 08:30:13.228 28696 28861 E AuthPII : 	at agid.b(:com.google.android.gms@262831022@26.28.31 (150400-947936219):26)
07-21 08:30:13.228 28696 28861 E AuthPII : 	at agib.a(:com.google.android.gms@262831022@26.28.31 (150400-947936219):662)
07-21 08:30:13.228 28696 28861 E AuthPII : 	at agia.b(:com.google.android.gms@262831022@26.28.31 (150400-947936219):152)
07-21 08:30:13.228 28696 28861 E AuthPII : 	at zux.d(:com.google.android.gms@262831022@26.28.31 (150400-947936219):822)
07-21 08:30:13.228 28696 28861 E AuthPII : 	at agbx.getAuthToken(:com.google.android.gms@262831022@26.28.31 (150400-947936219):408)
07-21 08:30:13.228 28696 28861 E AuthPII : 	at android.accounts.AbstractAccountAuthenticator$Transport.getAuthToken(AbstractAccountAuthenticator.java:244)
07-21 08:30:13.228 28696 28861 E AuthPII : 	at android.accounts.IAccountAuthenticator$Stub.onTransact(IAccountAuthenticator.java:282)
07-21 08:30:13.228 28696 28861 E AuthPII : 	at android.os.Binder.transact(Binder.java:1050)
07-21 08:30:13.228 28696 28861 E AuthPII : 	at coqg.onTransact(:com.google.android.gms@262831022@26.28.31 (150400-947936219):12)
07-21 08:30:13.228 28696 28861 E AuthPII : 	at android.os.Binder.transact(Binder.java:1050)
07-21 08:30:13.228 28696 28861 E AuthPII : 	at cbjz.onTransact(:com.google.android.gms@262831022@26.28.31 (150400-947936219):169)
07-21 08:30:13.228 28696 28861 E AuthPII : 	at android.os.Binder.execTransactInternal(Binder.java:1166)
07-21 08:30:13.228 28696 28861 E AuthPII : 	at android.os.Binder.execTransact(Binder.java:1130)
07-21 08:30:13.237   922   979 E ANDR-PERF-OPTSHANDLER: Perflock resource /sys/class/devfreq/soc:qcom,llccbw/bw_hwmon/io_percent not supported
07-21 08:30:13.237   922   979 E ANDR-PERF-RESOURCEQS: Failed to apply optimization [12, 1]
07-21 08:30:13.237   922   979 E ANDR-PERF-OPTSHANDLER: Perflock resource /sys/class/devfreq/soc:qcom,llccbw/bw_hwmon/sample_ms not supported
07-21 08:30:13.237   922   979 E ANDR-PERF-RESOURCEQS: Failed to apply optimization [12, 3]
07-21 08:30:13.239   922   979 E ANDR-PERF-OPTSHANDLER: Perflock resource /sys/class/devfreq/soc:qcom,llccbw/bw_hwmon/io_percent not supported
07-21 08:30:13.240   922   979 E ANDR-PERF-RESOURCEQS: Failed to apply optimization [12, 1]
07-21 08:30:13.240   922   979 E ANDR-PERF-OPTSHANDLER: Perflock resource /sys/class/devfreq/soc:qcom,llccbw/bw_hwmon/sample_ms not supported
07-21 08:30:13.240   922   979 E ANDR-PERF-RESOURCEQS: Failed to apply optimization [12, 3]
07-21 08:30:13.547   922   979 E ANDR-PERF-RESOURCEQS: Failed to reset optimization [3, 0]
07-21 08:30:13.574   922   979 E ANDR-PERF-OPTSHANDLER: Perflock resource /sys/class/devfreq/soc:qcom,llccbw/bw_hwmon/io_percent not supported
07-21 08:30:13.575   922   979 E ANDR-PERF-RESOURCEQS: Failed to apply optimization [12, 1]
07-21 08:30:13.575   922   979 E ANDR-PERF-OPTSHANDLER: Perflock resource /sys/class/devfreq/soc:qcom,llccbw/bw_hwmon/sample_ms not supported
07-21 08:30:13.575   922   979 E ANDR-PERF-RESOURCEQS: Failed to apply optimization [12, 3]
07-21 08:30:13.629   922   979 E ANDR-PERF-OPTSHANDLER: Perflock resource /sys/class/devfreq/soc:qcom,llccbw/bw_hwmon/io_percent not supported
07-21 08:30:13.629   922   979 E ANDR-PERF-RESOURCEQS: Failed to apply optimization [12, 1]
07-21 08:30:13.629   922   979 E ANDR-PERF-OPTSHANDLER: Perflock resource /sys/class/devfreq/soc:qcom,llccbw/bw_hwmon/sample_ms not supported
07-21 08:30:13.629   922   979 E ANDR-PERF-RESOURCEQS: Failed to apply optimization [12, 3]
07-21 08:30:13.632   922   979 E ANDR-PERF-OPTSHANDLER: Perflock resource /sys/class/devfreq/soc:qcom,llccbw/bw_hwmon/io_percent not supported
07-21 08:30:13.632   922   979 E ANDR-PERF-RESOURCEQS: Failed to apply optimization [12, 1]
07-21 08:30:13.632   922   979 E ANDR-PERF-OPTSHANDLER: Perflock resource /sys/class/devfreq/soc:qcom,llccbw/bw_hwmon/sample_ms not supported
07-21 08:30:13.632   922   979 E ANDR-PERF-RESOURCEQS: Failed to apply optimization [12, 3]
07-21 08:30:14.401   922   979 E ANDR-PERF-RESOURCEQS: Failed to reset optimization [3, 0]
07-21 08:30:14.465   922   979 E ANDR-PERF-OPTSHANDLER: Perflock resource /sys/class/devfreq/soc:qcom,llccbw/bw_hwmon/io_percent not supported
07-21 08:30:14.465   922   979 E ANDR-PERF-RESOURCEQS: Failed to apply optimization [12, 1]
07-21 08:30:14.465   922   979 E ANDR-PERF-OPTSHANDLER: Perflock resource /sys/class/devfreq/soc:qcom,llccbw/bw_hwmon/sample_ms not supported
07-21 08:30:14.465   922   979 E ANDR-PERF-RESOURCEQS: Failed to apply optimization [12, 3]
07-21 08:30:14.493  1834  5619 E WindowManager: Unknown sub-window type: 1999
07-21 08:30:14.867   922   979 E ANDR-PERF-OPTSHANDLER: Perflock resource /sys/class/devfreq/soc:qcom,llccbw/bw_hwmon/io_percent not supported
07-21 08:30:14.867   922   979 E ANDR-PERF-RESOURCEQS: Failed to apply optimization [12, 1]
07-21 08:30:14.867   922   979 E ANDR-PERF-OPTSHANDLER: Perflock resource /sys/class/devfreq/soc:qcom,llccbw/bw_hwmon/sample_ms not supported
07-21 08:30:14.867   922   979 E ANDR-PERF-RESOURCEQS: Failed to apply optimization [12, 3]
07-21 08:30:15.162 23546 23877 E libc    : Access denied finding property "vendor.oplus.media.vpp.osie_sr.on"
07-21 08:30:15.786  4634  4634 E oiface  : getCurrentThermal, get current thermal from horae success : 43.376999
07-21 08:30:16.504   922   979 E ANDR-PERF-OPTSHANDLER: Perflock resource /sys/class/devfreq/soc:qcom,llccbw/bw_hwmon/io_percent not supported
07-21 08:30:16.504   922   979 E ANDR-PERF-RESOURCEQS: Failed to apply optimization [12, 1]
07-21 08:30:16.504   922   979 E ANDR-PERF-OPTSHANDLER: Perflock resource /sys/class/devfreq/soc:qcom,llccbw/bw_hwmon/sample_ms not supported
07-21 08:30:16.504   922   979 E ANDR-PERF-RESOURCEQS: Failed to apply optimization [12, 3]
07-21 08:30:16.513  1834  2718 E WindowManager: Unknown sub-window type: 1999
07-21 08:30:16.541 11892 16514 E ActivityThread: Failed to find provider info for null
07-21 08:30:16.541 11892 16514 E AppSettings: getProviderForUser contentProvider == null,uid:-100 ,uri: null
07-21 08:30:16.904   922   979 E ANDR-PERF-OPTSHANDLER: Perflock resource /sys/class/devfreq/soc:qcom,llccbw/bw_hwmon/io_percent not supported
07-21 08:30:16.904   922   979 E ANDR-PERF-RESOURCEQS: Failed to apply optimization [12, 1]
07-21 08:30:16.904   922   979 E ANDR-PERF-OPTSHANDLER: Perflock resource /sys/class/devfreq/soc:qcom,llccbw/bw_hwmon/sample_ms not supported
07-21 08:30:16.904   922   979 E ANDR-PERF-RESOURCEQS: Failed to apply optimization [12, 3]
07-21 08:30:17.345  3657  3657 E OplusNecManagerHelper: com.oplus.nec.OplusNecManager.notifyOrigSignalStrengthChanged [class android.telephony.SignalStrength, int]
07-21 08:30:18.303 16836 16836 E ndroid.setting: Unknown bits set in runtime_flags: 0x40000000
07-21 08:30:18.313 16836 16836 E ndroid.setting: Not starting debugger since process cannot load the jdwp agent.
07-21 08:30:18.335 16836 16836 E RefClass: java.lang.reflect.InvocationTargetException
07-21 08:30:18.571 16836 16836 E Perf    :  perftest packageName : com.android.settings App is allowed to use Hide APIs  
07-21 08:30:18.707   922   979 E ANDR-PERF-OPTSHANDLER: Perflock resource /sys/class/devfreq/soc:qcom,llccbw/bw_hwmon/io_percent not supported
07-21 08:30:18.707   922   979 E ANDR-PERF-RESOURCEQS: Failed to apply optimization [12, 1]
07-21 08:30:18.707   922   979 E ANDR-PERF-OPTSHANDLER: Perflock resource /sys/class/devfreq/soc:qcom,llccbw/bw_hwmon/sample_ms not supported
07-21 08:30:18.707   922   979 E ANDR-PERF-RESOURCEQS: Failed to apply optimization [12, 3]
07-21 08:30:18.726  1834  3522 E WindowManager: Unknown sub-window type: 1999
07-21 08:30:19.009 16836 16836 E OplusFeatureCache: invalid oplus feature oplus.software.display.osie_support
07-21 08:30:19.011   922   979 E ANDR-PERF-OPTSHANDLER: Perflock resource /sys/class/devfreq/soc:qcom,llccbw/bw_hwmon/io_percent not supported
07-21 08:30:19.011   922   979 E ANDR-PERF-RESOURCEQS: Failed to apply optimization [12, 1]
07-21 08:30:19.011   922   979 E ANDR-PERF-OPTSHANDLER: Perflock resource /sys/class/devfreq/soc:qcom,llccbw/bw_hwmon/sample_ms not supported
07-21 08:30:19.011   922   979 E ANDR-PERF-RESOURCEQS: Failed to apply optimization [12, 3]
07-21 08:30:19.036  1834  3513 E OplusCustomizeRestrictionManagerService: isBiometricDisabled start
07-21 08:30:19.061 16862 16862 E earme.romupdat: Unknown bits set in runtime_flags: 0x40000000
07-21 08:30:19.069 16862 16862 E earme.romupdat: Not starting debugger since process cannot load the jdwp agent.
07-21 08:30:19.079 16862 16862 E RefClass: java.lang.reflect.InvocationTargetException
07-21 08:30:19.080 22321  8324 E OpenID  : -3026
07-21 08:30:19.228 16862 16862 E Perf    :  perftest packageName : com.nearme.romupdate App is allowed to use Hide APIs  
07-21 08:30:20.013   922   979 E ANDR-PERF-OPTSHANDLER: Perflock resource /sys/class/devfreq/soc:qcom,llccbw/bw_hwmon/io_percent not supported
07-21 08:30:20.014   922   979 E ANDR-PERF-RESOURCEQS: Failed to apply optimization [12, 1]
07-21 08:30:20.014   922   979 E ANDR-PERF-OPTSHANDLER: Perflock resource /sys/class/devfreq/soc:qcom,llccbw/bw_hwmon/sample_ms not supported
07-21 08:30:20.014   922   979 E ANDR-PERF-RESOURCEQS: Failed to apply optimization [12, 3]
07-21 08:30:20.162 23546 23886 E libc    : Access denied finding property "vendor.oplus.media.vpp.osie_sr.on"
07-21 08:30:20.275  5749  5749 E InputContextChangeTracker: InputContextChangeTracker.getSubSurroundText():1449 Invalid sub surrounding text: contentLength=0, subStringInContent=[0, 0], selectionInContent=[0, 94]
07-21 08:30:20.280 12931 13395 E FileStrategy: java.io.IOException: Read-only file system
07-21 08:30:20.371 22949 11476 E RemoteGuardClient.DWB.ActivityMonitor: onProcessDied com.heytap.quicksearchbox pid = 12982 uid = 10154
07-21 08:30:20.406  5749  5749 E InputContextChangeTracker: InputContextChangeTracker.getSubSurroundText():1449 Invalid sub surrounding text: contentLength=1894, subStringInContent=[0, 693], selectionInContent=[-1, 93]
07-21 08:30:20.407  5749  5749 E InputConnectionParser: InputConnectionParser.responseWithError():117 responseWithError(): parse_code: 2
07-21 08:30:20.407  5749  5749 E InputContextProxy: InputContextProxy.reset():408 reset(): un-successful, parse_code: 2, input_state_id 0
07-21 08:30:20.417  5749  5749 E InputContextChangeTracker: InputContextChangeTracker.getSubSurroundText():1449 Invalid sub surrounding text: contentLength=2494, subStringInContent=[0, 94], selectionInContent=[-1, 93]
07-21 08:30:20.461  5749  5749 E InputContextChangeTracker: InputContextChangeTracker.getSubSurroundText():1449 Invalid sub surrounding text: contentLength=3094, subStringInContent=[0, 94], selectionInContent=[-1, 93]
07-21 08:30:20.541  3657  3657 E OplusNecManagerHelper: com.oplus.nec.OplusNecManager.notifyOrigSignalStrengthChanged [class android.telephony.SignalStrength, int]
07-21 08:30:21.368  5749  5749 E InputConnectionParser: InputConnectionParser.responseWithError():117 responseWithError(): parse_code: 2
07-21 08:30:21.368  5749  5749 E InputContextProxy: InputContextProxy.reset():408 reset(): un-successful, parse_code: 2, input_state_id 0
07-21 08:30:22.563 11892 16514 E ActivityThread: Failed to find provider info for null
07-21 08:30:22.563 11892 16514 E AppSettings: getProviderForUser contentProvider == null,uid:-100 ,uri: null
07-21 08:30:22.874   922   979 E ANDR-PERF-OPTSHANDLER: Perflock resource /sys/class/devfreq/soc:qcom,llccbw/bw_hwmon/io_percent not supported
07-21 08:30:22.875   922   979 E ANDR-PERF-RESOURCEQS: Failed to apply optimization [12, 1]
07-21 08:30:22.875   922   979 E ANDR-PERF-OPTSHANDLER: Perflock resource /sys/class/devfreq/soc:qcom,llccbw/bw_hwmon/sample_ms not supported
07-21 08:30:22.875   922   979 E ANDR-PERF-RESOURCEQS: Failed to apply optimization [12, 3]
07-21 08:30:22.897   922   979 E ANDR-PERF-RESOURCEQS: Failed to reset optimization [3, 0]
07-21 08:30:22.980   922   979 E ANDR-PERF-OPTSHANDLER: Perflock resource /sys/class/devfreq/soc:qcom,llccbw/bw_hwmon/io_percent not supported
07-21 08:30:22.980   922   979 E ANDR-PERF-RESOURCEQS: Failed to apply optimization [12, 1]
07-21 08:30:22.980   922   979 E ANDR-PERF-OPTSHANDLER: Perflock resource /sys/class/devfreq/soc:qcom,llccbw/bw_hwmon/sample_ms not supported
07-21 08:30:22.980   922   979 E ANDR-PERF-RESOURCEQS: Failed to apply optimization [12, 3]
07-21 08:30:22.982   922   979 E ANDR-PERF-OPTSHANDLER: Perflock resource /sys/class/devfreq/soc:qcom,llccbw/bw_hwmon/io_percent not supported
07-21 08:30:22.982   922   979 E ANDR-PERF-RESOURCEQS: Failed to apply optimization [12, 1]
07-21 08:30:22.982   922   979 E ANDR-PERF-OPTSHANDLER: Perflock resource /sys/class/devfreq/soc:qcom,llccbw/bw_hwmon/sample_ms not supported
07-21 08:30:22.982   922   979 E ANDR-PERF-RESOURCEQS: Failed to apply optimization [12, 3]
07-21 08:30:23.150   922   979 E ANDR-PERF-RESOURCEQS: Failed to reset optimization [3, 0]
07-21 08:30:23.212   922   979 E ANDR-PERF-OPTSHANDLER: Perflock resource /sys/class/devfreq/soc:qcom,llccbw/bw_hwmon/io_percent not supported
07-21 08:30:23.212   922   979 E ANDR-PERF-RESOURCEQS: Failed to apply optimization [12, 1]
07-21 08:30:23.212   922   979 E ANDR-PERF-OPTSHANDLER: Perflock resource /sys/class/devfreq/soc:qcom,llccbw/bw_hwmon/sample_ms not supported
07-21 08:30:23.212   922   979 E ANDR-PERF-RESOURCEQS: Failed to apply optimization [12, 3]
07-21 08:30:23.285   922   979 E ANDR-PERF-RESOURCEQS: Failed to reset optimization [3, 0]
07-21 08:30:23.314   922   979 E ANDR-PERF-OPTSHANDLER: Perflock resource /sys/class/devfreq/soc:qcom,llccbw/bw_hwmon/io_percent not supported
07-21 08:30:23.314   922   979 E ANDR-PERF-RESOURCEQS: Failed to apply optimization [12, 1]
07-21 08:30:23.314   922   979 E ANDR-PERF-OPTSHANDLER: Perflock resource /sys/class/devfreq/soc:qcom,llccbw/bw_hwmon/sample_ms not supported
07-21 08:30:23.314   922   979 E ANDR-PERF-RESOURCEQS: Failed to apply optimization [12, 3]
07-21 08:30:23.317   922   979 E ANDR-PERF-OPTSHANDLER: Perflock resource /sys/class/devfreq/soc:qcom,llccbw/bw_hwmon/io_percent not supported
07-21 08:30:23.317   922   979 E ANDR-PERF-RESOURCEQS: Failed to apply optimization [12, 1]
07-21 08:30:23.317   922   979 E ANDR-PERF-OPTSHANDLER: Perflock resource /sys/class/devfreq/soc:qcom,llccbw/bw_hwmon/sample_ms not supported
07-21 08:30:23.317   922   979 E ANDR-PERF-RESOURCEQS: Failed to apply optimization [12, 3]
07-21 08:30:23.529  3657  3657 E OplusNecManagerHelper: com.oplus.nec.OplusNecManager.notifyOrigSignalStrengthChanged [class android.telephony.SignalStrength, int]
07-21 08:30:23.876   922   979 E ANDR-PERF-RESOURCEQS: Failed to reset optimization [3, 0]
07-21 08:30:24.198   922   979 E ANDR-PERF-OPTSHANDLER: Perflock resource /sys/class/devfreq/soc:qcom,llccbw/bw_hwmon/io_percent not supported
07-21 08:30:24.198   922   979 E ANDR-PERF-RESOURCEQS: Failed to apply optimization [12, 1]
07-21 08:30:24.198   922   979 E ANDR-PERF-OPTSHANDLER: Perflock resource /sys/class/devfreq/soc:qcom,llccbw/bw_hwmon/sample_ms not supported
07-21 08:30:24.198   922   979 E ANDR-PERF-RESOURCEQS: Failed to apply optimization [12, 3]
07-21 08:30:24.243   922   979 E ANDR-PERF-RESOURCEQS: Failed to reset optimization [3, 0]
07-21 08:30:24.292   922   979 E ANDR-PERF-OPTSHANDLER: Perflock resource /sys/class/devfreq/soc:qcom,llccbw/bw_hwmon/io_percent not supported
07-21 08:30:24.292   922   979 E ANDR-PERF-RESOURCEQS: Failed to apply optimization [12, 1]
07-21 08:30:24.292   922   979 E ANDR-PERF-OPTSHANDLER: Perflock resource /sys/class/devfreq/soc:qcom,llccbw/bw_hwmon/sample_ms not supported
07-21 08:30:24.292   922   979 E ANDR-PERF-RESOURCEQS: Failed to apply optimization [12, 3]
07-21 08:30:24.295   922   979 E ANDR-PERF-OPTSHANDLER: Perflock resource /sys/class/devfreq/soc:qcom,llccbw/bw_hwmon/io_percent not supported
07-21 08:30:24.295   922   979 E ANDR-PERF-RESOURCEQS: Failed to apply optimization [12, 1]
07-21 08:30:24.295   922   979 E ANDR-PERF-OPTSHANDLER: Perflock resource /sys/class/devfreq/soc:qcom,llccbw/bw_hwmon/sample_ms not supported
07-21 08:30:24.295   922   979 E ANDR-PERF-RESOURCEQS: Failed to apply optimization [12, 3]
07-21 08:30:24.764   922   979 E ANDR-PERF-RESOURCEQS: Failed to reset optimization [3, 0]
07-21 08:30:25.162 23546 23886 E libc    : Access denied finding property "vendor.oplus.media.vpp.osie_sr.on"
07-21 08:30:25.179 14905 10787 E ActivityThread: Failed to find provider info for com.platform.usercenter.vip
07-21 08:30:25.182 14905 15196 E FileStrategy: java.io.IOException: Read-only file system
07-21 08:30:26.376   922   979 E ANDR-PERF-OPTSHANDLER: Perflock resource /sys/class/devfreq/soc:qcom,llccbw/bw_hwmon/io_percent not supported
07-21 08:30:26.376   922   979 E ANDR-PERF-RESOURCEQS: Failed to apply optimization [12, 1]
07-21 08:30:26.377   922   979 E ANDR-PERF-OPTSHANDLER: Perflock resource /sys/class/devfreq/soc:qcom,llccbw/bw_hwmon/sample_ms not supported
07-21 08:30:26.377   922   979 E ANDR-PERF-RESOURCEQS: Failed to apply optimization [12, 3]
07-21 08:30:26.393  1834  3522 E WindowManager: Unknown sub-window type: 1999
07-21 08:30:26.779   922   979 E ANDR-PERF-OPTSHANDLER: Perflock resource /sys/class/devfreq/soc:qcom,llccbw/bw_hwmon/io_percent not supported
07-21 08:30:26.779   922   979 E ANDR-PERF-RESOURCEQS: Failed to apply optimization [12, 1]
07-21 08:30:26.779   922   979 E ANDR-PERF-OPTSHANDLER: Perflock resource /sys/class/devfreq/soc:qcom,llccbw/bw_hwmon/sample_ms not supported
07-21 08:30:26.779   922   979 E ANDR-PERF-RESOURCEQS: Failed to apply optimization [12, 3]
07-21 08:30:28.543  3657  3657 E OplusNecManagerHelper: com.oplus.nec.OplusNecManager.notifyOrigSignalStrengthChanged [class android.telephony.SignalStrength, int]
07-21 08:30:28.586 11892 16514 E ActivityThread: Failed to find provider info for null
07-21 08:30:28.586 11892 16514 E AppSettings: getProviderForUser contentProvider == null,uid:-100 ,uri: null
07-21 08:30:28.914   922   979 E ANDR-PERF-OPTSHANDLER: Perflock resource /sys/class/devfreq/soc:qcom,llccbw/bw_hwmon/io_percent not supported
07-21 08:30:28.914   922   979 E ANDR-PERF-RESOURCEQS: Failed to apply optimization [12, 1]
07-21 08:30:28.914   922   979 E ANDR-PERF-OPTSHANDLER: Perflock resource /sys/class/devfreq/soc:qcom,llccbw/bw_hwmon/sample_ms not supported
07-21 08:30:28.914   922   979 E ANDR-PERF-RESOURCEQS: Failed to apply optimization [12, 3]
07-21 08:30:28.979   922   979 E ANDR-PERF-RESOURCEQS: Failed to reset optimization [3, 0]
07-21 08:30:28.987  1834  2962 E ORMS_CORE: Unsupported action!!!
07-21 08:30:28.989   922   979 E ANDR-PERF-OPTSHANDLER: Perflock resource /sys/class/devfreq/soc:qcom,llccbw/bw_hwmon/io_percent not supported
07-21 08:30:28.990   922   979 E ANDR-PERF-RESOURCEQS: Failed to apply optimization [12, 1]
07-21 08:30:28.990   922   979 E ANDR-PERF-OPTSHANDLER: Perflock resource /sys/class/devfreq/soc:qcom,llccbw/bw_hwmon/sample_ms not supported
07-21 08:30:28.990   922   979 E ANDR-PERF-RESOURCEQS: Failed to apply optimization [12, 3]
07-21 08:30:29.045  5749  5749 E InputContextChangeTracker: InputContextChangeTracker.getSubSurroundText():1449 Invalid sub surrounding text: contentLength=2104, subStringInContent=[0, 903], selectionInContent=[-1, 303]
07-21 08:30:29.046  5749  5749 E InputConnectionParser: InputConnectionParser.responseWithError():117 responseWithError(): parse_code: 2
07-21 08:30:29.046  5749  5749 E InputContextProxy: InputContextProxy.reset():408 reset(): un-successful, parse_code: 2, input_state_id 0
07-21 08:30:29.080  5749  5749 E InputContextChangeTracker: InputContextChangeTracker.getSubSurroundText():1449 Invalid sub surrounding text: contentLength=2704, subStringInContent=[0, 304], selectionInContent=[-1, 303]
07-21 08:30:29.134  5749  5749 E InputContextChangeTracker: InputContextChangeTracker.getSubSurroundText():1449 Invalid sub surrounding text: contentLength=3304, subStringInContent=[0, 304], selectionInContent=[-1, 303]
07-21 08:30:29.529  3657  3657 E OplusNecManagerHelper: com.oplus.nec.OplusNecManager.notifyOrigSignalStrengthChanged [class android.telephony.SignalStrength, int]
07-21 08:30:29.797   922   979 E ANDR-PERF-RESOURCEQS: Failed to reset optimization [3, 0]
07-21 08:30:30.162 23546 23975 E libc    : Access denied finding property "vendor.oplus.media.vpp.osie_sr.on"
07-21 08:30:32.469   963   963 E OppoExLayer: using cid as pid, cid=1834, name=Dim Layer for - Task=23723#0
07-21 08:30:33.052   922   979 E ANDR-PERF-OPTSHANDLER: Perflock resource /sys/class/devfreq/soc:qcom,llccbw/bw_hwmon/io_percent not supported
07-21 08:30:33.052   922   979 E ANDR-PERF-RESOURCEQS: Failed to apply optimization [12, 1]
07-21 08:30:33.052   922   979 E ANDR-PERF-OPTSHANDLER: Perflock resource /sys/class/devfreq/soc:qcom,llccbw/bw_hwmon/sample_ms not supported
07-21 08:30:33.052   922   979 E ANDR-PERF-RESOURCEQS: Failed to apply optimization [12, 3]
07-21 08:30:33.054   922   922 E ANDR-PERF-MPCTL: invalid request, no optimizations performed
07-21 08:30:33.211  1834  9766 E OplusTrack-ApkInfoUtil: java.lang.NullPointerException: Attempt to invoke virtual method 'java.lang.Object android.os.Bundle.get(java.lang.String)' on a null object reference
07-21 08:30:33.234 13947 16930 E libEGL  : Invalid file path for libcolorx-loader.so
07-21 08:30:33.236   922   979 E ANDR-PERF-OPTSHANDLER: Perflock resource /sys/class/devfreq/soc:qcom,llccbw/bw_hwmon/io_percent not supported
07-21 08:30:33.236   922   979 E ANDR-PERF-RESOURCEQS: Failed to apply optimization [12, 1]
07-21 08:30:33.236   922   979 E ANDR-PERF-OPTSHANDLER: Perflock resource /sys/class/devfreq/soc:qcom,llccbw/bw_hwmon/sample_ms not supported
07-21 08:30:33.236   922   979 E ANDR-PERF-RESOURCEQS: Failed to apply optimization [12, 3]
07-21 08:30:33.273  5830 16929 E DeepThinkerSDK: [APP] AlgorithmBinderPool: Error: Bind Algorithm Service Failed, not exist!
07-21 08:30:33.787  4634  4634 E oiface  : getCurrentThermal, get current thermal from horae success : 43.464001
07-21 08:30:33.838   922   979 E ANDR-PERF-OPTSHANDLER: Perflock resource /sys/class/devfreq/soc:qcom,llccbw/bw_hwmon/io_percent not supported
07-21 08:30:33.838   922   979 E ANDR-PERF-RESOURCEQS: Failed to apply optimization [12, 1]
07-21 08:30:33.838   922   979 E ANDR-PERF-OPTSHANDLER: Perflock resource /sys/class/devfreq/soc:qcom,llccbw/bw_hwmon/sample_ms not supported
07-21 08:30:33.838   922   979 E ANDR-PERF-RESOURCEQS: Failed to apply optimization [12, 3]
07-21 08:30:34.621 11892 16514 E ActivityThread: Failed to find provider info for null
07-21 08:30:34.621 11892 16514 E AppSettings: getProviderForUser contentProvider == null,uid:-100 ,uri: null
07-21 08:30:35.163 23546 23895 E libc    : Access denied finding property "vendor.oplus.media.vpp.osie_sr.on"
07-21 08:30:35.259 22741 22895 E PASb71b556250711.PolicyManager: executePolicy, execute failed because can not create policy instance for 20028
07-21 08:30:35.269 22741 22895 E PASb71b556250711.PolicyManager: acceptHandleResult, hanleResult is null
07-21 08:30:35.279  3657  3657 E OplusNecManagerHelper: com.oplus.nec.OplusNecManager.notifyOrigSignalStrengthChanged [class android.telephony.SignalStrength, int]
07-21 08:30:36.105   922   979 E ANDR-PERF-OPTSHANDLER: Perflock resource /sys/class/devfreq/soc:qcom,llccbw/bw_hwmon/io_percent not supported
07-21 08:30:36.105   922   979 E ANDR-PERF-RESOURCEQS: Failed to apply optimization [12, 1]
07-21 08:30:36.105   922   979 E ANDR-PERF-OPTSHANDLER: Perflock resource /sys/class/devfreq/soc:qcom,llccbw/bw_hwmon/sample_ms not supported
07-21 08:30:36.105   922   979 E ANDR-PERF-RESOURCEQS: Failed to apply optimization [12, 3]
07-21 08:30:36.591   922   979 E ANDR-PERF-OPTSHANDLER: Perflock resource /sys/class/devfreq/soc:qcom,llccbw/bw_hwmon/io_percent not supported
07-21 08:30:36.591   922   979 E ANDR-PERF-RESOURCEQS: Failed to apply optimization [12, 1]
07-21 08:30:36.591   922   979 E ANDR-PERF-OPTSHANDLER: Perflock resource /sys/class/devfreq/soc:qcom,llccbw/bw_hwmon/sample_ms not supported
07-21 08:30:36.591   922   979 E ANDR-PERF-RESOURCEQS: Failed to apply optimization [12, 3]
07-21 08:30:36.593   922   979 E ANDR-PERF-OPTSHANDLER: Perflock resource /sys/class/devfreq/soc:qcom,llccbw/bw_hwmon/io_percent not supported
07-21 08:30:36.593   922   979 E ANDR-PERF-RESOURCEQS: Failed to apply optimization [12, 1]
07-21 08:30:36.593   922   979 E ANDR-PERF-OPTSHANDLER: Perflock resource /sys/class/devfreq/soc:qcom,llccbw/bw_hwmon/sample_ms not supported
07-21 08:30:36.593   922   979 E ANDR-PERF-RESOURCEQS: Failed to apply optimization [12, 3]
07-21 08:30:36.788  4634  4634 E oiface  : Abnormal! bin.mt.plus[bin.mt.plus/l.۟ۨۛ#0] current fps is: 1433297280.000000 abnormal, return 0
07-21 08:30:37.523  3657  3657 E OplusNecManagerHelper: com.oplus.nec.OplusNecManager.notifyOrigSignalStrengthChanged [class android.telephony.SignalStrength, int]
07-21 08:30:37.589  1834  1887 E ClipboardService: Denying clipboard access to com.coloros.colordirectservice, application is not in focus nor is it a system service for user 0
07-21 08:30:37.590  1834  1887 E ClipboardService: Denying clipboard access to com.digibites.accubattery, application is not in focus nor is it a system service for user 0
07-21 08:30:37.590  1834  1887 E ClipboardService: Denying clipboard access to com.openai.chatgpt, application is not in focus nor is it a system service for user 0
07-21 08:30:37.590  1834  1887 E ClipboardService: Denying clipboard access to com.android.chrome, application is not in focus nor is it a system service for user 0
07-21 08:30:37.656 23282  6007 E TextIntent_TextIntent_TextIntentExecutor: detect Error: com.oplus.content.OplusClipData
07-21 08:30:37.993  1834  2861 E OppoInputDispatcher: isAppWait:0 x:373 y:1584 width:720 height:1600 orientation:0
07-21 08:30:38.140  3682  3682 E Launcher.ColorBubbleTextView: mForceHideDot is false
07-21 08:30:38.143  3682  3682 E Launcher.ColorBubbleTextView: mForceHideDot is false
07-21 08:30:38.163   922   979 E ANDR-PERF-RESOURCEQS: Failed to reset optimization [3, 0]
07-21 08:30:38.167   963  1544 E SurfaceFlinger: Permission Denial: can't access SurfaceFlinger pid=0, uid=10105
07-21 08:30:38.168  1834  2962 E ORMS_CORE: Unsupported action!!!
07-21 08:30:38.233   963  1574 E SurfaceFlinger: Permission Denial: can't access SurfaceFlinger pid=0, uid=10105
07-21 08:30:38.244 25291 25374 E FileStrategy: java.io.IOException: Read-only file system
07-21 08:30:38.300  1834  2861 E InputDispatcher: isAppWait false: 1
07-21 08:30:38.306  3682  3682 E SimulationInteractor: tryGetAnimationPainterInstance error:com.coloros.painteranimationpanel.api.AnimPainterInstance
07-21 08:30:38.554   922   979 E ANDR-PERF-RESOURCEQS: Failed to reset optimization [3, 0]
07-21 08:30:38.620  3682  3682 E Launcher.ColorBubbleTextView: mForceHideDot is false
07-21 08:30:38.621  3682  3682 E Launcher.ColorBubbleTextView: mForceHideDot is false
07-21 08:30:38.633   963  1544 E SurfaceFlinger: Permission Denial: can't access SurfaceFlinger pid=0, uid=10105
07-21 08:30:38.669   887   887 E ORMS_HAL: open /sys/class/devfreq/soc:qcom,cpu-cpu-llcc-bw/bw_hwmon/hyst_trigger_count failed(No such file or directory)
07-21 08:30:38.672   922   979 E ANDR-PERF-OPTSHANDLER: Perflock resource /sys/class/devfreq/soc:qcom,llccbw/bw_hwmon/io_percent not supported
07-21 08:30:38.672   922   979 E ANDR-PERF-RESOURCEQS: Failed to apply optimization [12, 1]
07-21 08:30:38.672   922   979 E ANDR-PERF-OPTSHANDLER: Perflock resource /sys/class/devfreq/soc:qcom,llccbw/bw_hwmon/sample_ms not supported
07-21 08:30:38.672   922   979 E ANDR-PERF-RESOURCEQS: Failed to apply optimization [12, 3]
07-21 08:30:38.705   922   979 E ANDR-PERF-OPTSHANDLER: Perflock resource /sys/class/devfreq/soc:qcom,llccbw/bw_hwmon/io_percent not supported
07-21 08:30:38.705   922   979 E ANDR-PERF-RESOURCEQS: Failed to apply optimization [12, 1]
07-21 08:30:38.705   922   979 E ANDR-PERF-OPTSHANDLER: Perflock resource /sys/class/devfreq/soc:qcom,llccbw/bw_hwmon/sample_ms not supported
07-21 08:30:38.705   922   979 E ANDR-PERF-RESOURCEQS: Failed to apply optimization [12, 3]
07-21 08:30:38.715   922   979 E ANDR-PERF-RESOURCEQS: Failed to reset optimization [3, 0]
07-21 08:30:38.751  1834  9766 E OplusTrack-ApkInfoUtil: java.lang.NullPointerException: Attempt to invoke virtual method 'java.lang.Object android.os.Bundle.get(java.lang.String)' on a null object reference
07-21 08:30:38.757  1834  5712 E OppoThermalStats: Error getting package info: com.oppo.launcher
07-21 08:30:38.786  3682  3682 E Launcher.ColorBubbleTextView: mForceHideDot is false
07-21 08:30:38.789 11892 16514 E ActivityThread: Failed to find provider info for null
07-21 08:30:38.789 11892 16514 E AppSettings: getProviderForUser contentProvider == null,uid:-100 ,uri: null
07-21 08:30:38.790  5830 16959 E DeepThinkerSDK: [APP] AlgorithmBinderPool: Error: Bind Algorithm Service Failed, not exist!
07-21 08:30:38.792  3682  3682 E Launcher.ColorBubbleTextView: mForceHideDot is false
07-21 08:30:38.793  3682  3682 E Launcher.ColorBubbleTextView: mForceHideDot is false
07-21 08:30:38.793  3682  3682 E Launcher.ColorBubbleTextView: mForceHideDot is false
07-21 08:30:38.793  3682  3682 E Launcher.ColorBubbleTextView: mForceHideDot is false
07-21 08:30:38.794  1834 16287 E ANDR-PERF-JNI: UXEngine Trigger - Returning null
07-21 08:30:38.897   922   979 E ANDR-PERF-OPTSHANDLER: Perflock resource /sys/class/devfreq/soc:qcom,llccbw/bw_hwmon/io_percent not supported
07-21 08:30:38.897   922   979 E ANDR-PERF-RESOURCEQS: Failed to apply optimization [12, 1]
07-21 08:30:38.897   922   979 E ANDR-PERF-OPTSHANDLER: Perflock resource /sys/class/devfreq/soc:qcom,llccbw/bw_hwmon/sample_ms not supported
07-21 08:30:38.897   922   979 E ANDR-PERF-RESOURCEQS: Failed to apply optimization [12, 3]
07-21 08:30:38.928 22528 22604 E SystemPropertiesWrapper: java.lang.RuntimeException: failed to set system property (check logcat for reason)
07-21 08:30:38.928 22528 22604 E SystemPropertiesWrapper: java.lang.RuntimeException: failed to set system property (check logcat for reason)
07-21 08:30:38.944  4634  4634 E oiface  : packageSwitch pkg com.oppo.launcher, enter
07-21 08:30:38.944  4634  4634 E oiface  : current package is com.oppo.launcher and pid is 3682
07-21 08:30:39.022  4634  4649 E oiface  : Average freq 1321940 for 96s.
07-21 08:30:39.026  4634  4649 E oiface  : Average freq 1319808 for 96s.
07-21 08:30:39.043  1834  3522 E ORMS_Platform : OplusResourceManagerPlatformUtils: readFile function exception:/sys/devices/platform/soc/5900000.qcom,kgsl-3d0/kgsl/kgsl-3d0/freq_table_mhz: open failed: EACCES (Permission denied)
07-21 08:30:39.044  4634  4649 E oiface  : get gpu freq table failed
07-21 08:30:39.061  4634  4649 E oiface  : client  not found, skipped
07-21 08:30:39.092   922   979 E ANDR-PERF-OPTSHANDLER: Perflock resource /sys/class/devfreq/soc:qcom,llccbw/bw_hwmon/io_percent not supported
07-21 08:30:39.092   922   979 E ANDR-PERF-RESOURCEQS: Failed to apply optimization [12, 1]
07-21 08:30:39.092   922   979 E ANDR-PERF-OPTSHANDLER: Perflock resource /sys/class/devfreq/soc:qcom,llccbw/bw_hwmon/sample_ms not supported
07-21 08:30:39.092   922   979 E ANDR-PERF-RESOURCEQS: Failed to apply optimization [12, 3]
07-21 08:30:39.092  1834  5712 E ORMS_Platform : OplusResourceManagerPlatformUtils: readFile function exception:/sys/devices/platform/soc/5900000.qcom,kgsl-3d0/kgsl/kgsl-3d0/freq_table_mhz: open failed: EACCES (Permission denied)
07-21 08:30:39.093  4634  4649 E oiface  : get gpu freq table failed
07-21 08:30:39.103   922   979 E ANDR-PERF-RESOURCEQS: Failed to reset optimization [3, 0]
07-21 08:30:39.108 22949 23107 E RemoteGuardClient.DWB.ActivityMonitor: startGameAppMonitor failed! Failed resolution of: Lcom/oplus/remoteguardservice/GameIndulgeMonitorManager;
07-21 08:30:39.117 12649 12653 E IHansComunication: HANS printMessageBody: RCVed message body: type = 0, port = 86870, caller_pid = 1834, caller_uid = 1000, target_pid = 31925, target_uid = 10448, pkg_cmd = -1
07-21 08:30:39.159   922   979 E ANDR-PERF-OPTSHANDLER: Perflock resource /sys/class/devfreq/soc:qcom,llccbw/bw_hwmon/io_percent not supported
07-21 08:30:39.159   922   979 E ANDR-PERF-RESOURCEQS: Failed to apply optimization [12, 1]
07-21 08:30:39.159   922   979 E ANDR-PERF-OPTSHANDLER: Perflock resource /sys/class/devfreq/soc:qcom,llccbw/bw_hwmon/sample_ms not supported
07-21 08:30:39.159   922   979 E ANDR-PERF-RESOURCEQS: Failed to apply optimization [12, 3]
07-21 08:30:39.215   922   979 E ANDR-PERF-RESOURCEQS: Failed to reset optimization [3, 0]
07-21 08:30:39.238   922   979 E ANDR-PERF-OPTSHANDLER: Perflock resource /sys/class/devfreq/soc:qcom,llccbw/bw_hwmon/io_percent not supported
07-21 08:30:39.238   922   979 E ANDR-PERF-RESOURCEQS: Failed to apply optimization [12, 1]
07-21 08:30:39.238   922   979 E ANDR-PERF-OPTSHANDLER: Perflock resource /sys/class/devfreq/soc:qcom,llccbw/bw_hwmon/sample_ms not supported
07-21 08:30:39.238   922   979 E ANDR-PERF-RESOURCEQS: Failed to apply optimization [12, 3]
07-21 08:30:39.243   922   979 E ANDR-PERF-OPTSHANDLER: Perflock resource /sys/class/devfreq/soc:qcom,llccbw/bw_hwmon/io_percent not supported
07-21 08:30:39.243   922   979 E ANDR-PERF-RESOURCEQS: Failed to apply optimization [12, 1]
07-21 08:30:39.243   922   979 E ANDR-PERF-OPTSHANDLER: Perflock resource /sys/class/devfreq/soc:qcom,llccbw/bw_hwmon/sample_ms not supported
07-21 08:30:39.243   922   979 E ANDR-PERF-RESOURCEQS: Failed to apply optimization [12, 3]
07-21 08:30:39.246 11892 16512 E ActivityThread: Failed to find provider info for null
07-21 08:30:39.246 11892 16512 E AppSettings: getProviderForUser contentProvider == null,uid:-100 ,uri: null
07-21 08:30:39.251 11892 11892 E ComponentFactory: instantiate-service: com.coloros.gamespaceui.service.FastStartGameUpdateService
07-21 08:30:39.357 11892 11892 E ComponentFactory: instantiate-service: com.coloros.gamespaceui.gamepad.bluetooth.BluetoothBLeService
07-21 08:30:39.371 12649 12653 E IHansComunication: HANS printMessageBody: RCVed message body: type = 0, port = 86870, caller_pid = 1834, caller_uid = 1000, target_pid = 31925, target_uid = 10448, pkg_cmd = -1
07-21 08:30:39.382 12649 12653 E IHansComunication: HANS printMessageBody: RCVed message body: type = 0, port = 86870, caller_pid = 1834, caller_uid = 1000, target_pid = 31925, target_uid = 10448, pkg_cmd = -1
07-21 08:30:39.386 11892 16512 E TelephonyRegistryManager: listen: NullPointerException
07-21 08:30:39.409   555   555 E SELinux : avc:  denied  { find } for pid=11892 uid=10253 name=game scontext=u:r:untrusted_app:s0:c253,c256,c512,c768 tcontext=u:object_r:default_android_service:s0 tclass=service_manager permissive=0
07-21 08:30:39.409 11892 11967 E GameServiceProxyGameTool: Cannot connect to GameService
07-21 08:30:39.409 11892 11967 E GameServiceProxyGameTool: service null
07-21 08:30:39.457   922   979 E ANDR-PERF-OPTSHANDLER: Perflock resource /sys/class/devfreq/soc:qcom,llccbw/bw_hwmon/io_percent not supported
07-21 08:30:39.457   922   979 E ANDR-PERF-RESOURCEQS: Failed to apply optimization [12, 1]
07-21 08:30:39.457   922   979 E ANDR-PERF-OPTSHANDLER: Perflock resource /sys/class/devfreq/soc:qcom,llccbw/bw_hwmon/sample_ms not supported
07-21 08:30:39.457   922   979 E ANDR-PERF-RESOURCEQS: Failed to apply optimization [12, 3]
07-21 08:30:39.458   922   979 E ANDR-PERF-RESOURCEQS: Failed to reset optimization [3, 0]
07-21 08:30:39.464   922   979 E ANDR-PERF-OPTSHANDLER: Perflock resource /sys/class/devfreq/soc:qcom,llccbw/bw_hwmon/io_percent not supported
07-21 08:30:39.464   922   979 E ANDR-PERF-RESOURCEQS: Failed to apply optimization [12, 1]
07-21 08:30:39.464   922   979 E ANDR-PERF-OPTSHANDLER: Perflock resource /sys/class/devfreq/soc:qcom,llccbw/bw_hwmon/sample_ms not supported
07-21 08:30:39.464   922   979 E ANDR-PERF-RESOURCEQS: Failed to apply optimization [12, 3]
07-21 08:30:39.616   922   979 E ANDR-PERF-OPTSHANDLER: Perflock resource /sys/class/devfreq/soc:qcom,llccbw/bw_hwmon/io_percent not supported
07-21 08:30:39.616   922   979 E ANDR-PERF-RESOURCEQS: Failed to apply optimization [12, 1]
07-21 08:30:39.616   922   979 E ANDR-PERF-OPTSHANDLER: Perflock resource /sys/class/devfreq/soc:qcom,llccbw/bw_hwmon/sample_ms not supported
07-21 08:30:39.616   922   979 E ANDR-PERF-RESOURCEQS: Failed to apply optimization [12, 3]
07-21 08:30:39.641   922   979 E ANDR-PERF-RESOURCEQS: Failed to reset optimization [3, 0]
07-21 08:30:39.668   922   979 E ANDR-PERF-OPTSHANDLER: Perflock resource /sys/class/devfreq/soc:qcom,llccbw/bw_hwmon/io_percent not supported
07-21 08:30:39.668   922   979 E ANDR-PERF-RESOURCEQS: Failed to apply optimization [12, 1]
07-21 08:30:39.668   922   979 E ANDR-PERF-OPTSHANDLER: Perflock resource /sys/class/devfreq/soc:qcom,llccbw/bw_hwmon/sample_ms not supported
07-21 08:30:39.668   922   979 E ANDR-PERF-RESOURCEQS: Failed to apply optimization [12, 3]
07-21 08:30:39.859   922   979 E ANDR-PERF-OPTSHANDLER: Perflock resource /sys/class/devfreq/soc:qcom,llccbw/bw_hwmon/io_percent not supported
07-21 08:30:39.859   922   979 E ANDR-PERF-RESOURCEQS: Failed to apply optimization [12, 1]
07-21 08:30:39.859   922   979 E ANDR-PERF-OPTSHANDLER: Perflock resource /sys/class/devfreq/soc:qcom,llccbw/bw_hwmon/sample_ms not supported
07-21 08:30:39.859   922   979 E ANDR-PERF-RESOURCEQS: Failed to apply optimization [12, 3]
07-21 08:30:39.943   922   979 E ANDR-PERF-RESOURCEQS: Failed to reset optimization [3, 0]
07-21 08:30:40.155   922   979 E ANDR-PERF-OPTSHANDLER: Perflock resource /sys/class/devfreq/soc:qcom,llccbw/bw_hwmon/io_percent not supported
07-21 08:30:40.155   922   979 E ANDR-PERF-RESOURCEQS: Failed to apply optimization [12, 1]
07-21 08:30:40.155   922   979 E ANDR-PERF-OPTSHANDLER: Perflock resource /sys/class/devfreq/soc:qcom,llccbw/bw_hwmon/sample_ms not supported
07-21 08:30:40.155   922   979 E ANDR-PERF-RESOURCEQS: Failed to apply optimization [12, 3]
07-21 08:30:40.163 23546 23895 E libc    : Access denied finding property "vendor.oplus.media.vpp.osie_sr.on"
07-21 08:30:40.251   887   887 E ORMS_HAL: open /sys/class/devfreq/soc:qcom,cpu-cpu-llcc-bw/bw_hwmon/hist_memory failed(No such file or directory)
07-21 08:30:40.251   887   887 E ORMS_HAL: open /sys/class/devfreq/soc:qcom,cpu-cpu-llcc-bw/bw_hwmon/hyst_trigger_count failed(No such file or directory)
07-21 08:30:40.254   922   979 E ANDR-PERF-OPTSHANDLER: Perflock resource /sys/class/devfreq/soc:qcom,llccbw/bw_hwmon/io_percent not supported
07-21 08:30:40.254   922   979 E ANDR-PERF-RESOURCEQS: Failed to apply optimization [12, 1]
07-21 08:30:40.254   922   979 E ANDR-PERF-OPTSHANDLER: Perflock resource /sys/class/devfreq/soc:qcom,llccbw/bw_hwmon/sample_ms not supported
07-21 08:30:40.254   922   979 E ANDR-PERF-RESOURCEQS: Failed to apply optimization [12, 3]
07-21 08:30:40.266   922   979 E ANDR-PERF-OPTSHANDLER: Perflock resource /sys/class/devfreq/soc:qcom,llccbw/bw_hwmon/io_percent not supported
07-21 08:30:40.266   922   979 E ANDR-PERF-RESOURCEQS: Failed to apply optimization [12, 1]
07-21 08:30:40.266   922   979 E ANDR-PERF-OPTSHANDLER: Perflock resource /sys/class/devfreq/soc:qcom,llccbw/bw_hwmon/sample_ms not supported
07-21 08:30:40.266   922   979 E ANDR-PERF-RESOURCEQS: Failed to apply optimization [12, 3]
07-21 08:30:40.285   922   979 E ANDR-PERF-OPTSHANDLER: Perflock resource /sys/class/devfreq/soc:qcom,llccbw/bw_hwmon/io_percent not supported
07-21 08:30:40.285   922   979 E ANDR-PERF-RESOURCEQS: Failed to apply optimization [12, 1]
07-21 08:30:40.285   922   979 E ANDR-PERF-OPTSHANDLER: Perflock resource /sys/class/devfreq/soc:qcom,llccbw/bw_hwmon/sample_ms not supported
07-21 08:30:40.285   922   979 E ANDR-PERF-RESOURCEQS: Failed to apply optimization [12, 3]
07-21 08:30:40.317  1834  3493 E OppoThermalStats: Error getting package info: com.openai.chatgpt
07-21 08:30:40.369   963  1049 E SurfaceFlinger: Permission Denial: can't access SurfaceFlinger pid=0, uid=10105
07-21 08:30:40.372  1834  2962 E ORMS_CORE: Unsupported action!!!
07-21 08:30:40.375  5830 16982 E DeepThinkerSDK: [APP] AlgorithmBinderPool: Error: Bind Algorithm Service Failed, not exist!
07-21 08:30:40.393  4634  4634 E oiface  : packageSwitch pkg com.openai.chatgpt, enter
07-21 08:30:40.394  4634  4634 E oiface  : current package is com.openai.chatgpt and pid is 4998
07-21 08:30:40.416 12649 12653 E IHansComunication: HANS printMessageBody: RCVed message body: type = 0, port = 86870, caller_pid = 1195, caller_uid = 1047, target_pid = 8262, target_uid = 10940, pkg_cmd = -1
07-21 08:30:40.423 12649 12653 E IHansComunication: HANS printMessageBody: RCVed message body: type = 0, port = 86870, caller_pid = 1195, caller_uid = 1047, target_pid = 31925, target_uid = 10448, pkg_cmd = -1
07-21 08:30:40.433  4634  4649 E oiface  : Average freq 1503670 for 1s.
07-21 08:30:40.433  4634  4649 E oiface  : Average freq 1636941 for 1s.
07-21 08:30:40.435  1834  1887 E ORMS_Platform : OplusResourceManagerPlatformUtils: readFile function exception:/sys/devices/platform/soc/5900000.qcom,kgsl-3d0/kgsl/kgsl-3d0/freq_table_mhz: open failed: EACCES (Permission denied)
07-21 08:30:40.435  4634  4649 E oiface  : get gpu freq table failed
07-21 08:30:40.448 22949 23107 E RemoteGuardClient.DWB.ActivityMonitor: startGameAppMonitor failed! Failed resolution of: Lcom/oplus/remoteguardservice/GameIndulgeMonitorManager;
07-21 08:30:40.449  4634  4649 E oiface  : client  not found, skipped
07-21 08:30:40.482  1834  2717 E ORMS_Platform : OplusResourceManagerPlatformUtils: readFile function exception:/sys/devices/platform/soc/5900000.qcom,kgsl-3d0/kgsl/kgsl-3d0/freq_table_mhz: open failed: EACCES (Permission denied)
07-21 08:30:40.483  4634  4649 E oiface  : get gpu freq table failed
07-21 08:30:40.533 12649 12653 E IHansComunication: HANS printMessageBody: RCVed message body: type = 0, port = 86870, caller_pid = 1834, caller_uid = 1000, target_pid = 11892, target_uid = 10253, pkg_cmd = -1
07-21 08:30:40.759  3682  3682 E Launcher.ColorBubbleTextView: mForceHideDot is false
07-21 08:30:40.762  3682  3682 E Launcher.ColorBubbleTextView: mForceHideDot is false
07-21 08:30:40.887   922   979 E ANDR-PERF-OPTSHANDLER: Perflock resource /sys/class/devfreq/soc:qcom,llccbw/bw_hwmon/io_percent not supported
07-21 08:30:40.887   922   979 E ANDR-PERF-RESOURCEQS: Failed to apply optimization [12, 1]
07-21 08:30:40.887   922   979 E ANDR-PERF-OPTSHANDLER: Perflock resource /sys/class/devfreq/soc:qcom,llccbw/bw_hwmon/sample_ms not supported
07-21 08:30:40.887   922   979 E ANDR-PERF-RESOURCEQS: Failed to apply optimization [12, 3]
