07-21 08:29:22.357 11892 16513 E AppSettings: getProviderForUser contentProvider == null,uid:-100 ,uri: null
07-21 08:29:23.518  3657  3657 E OplusNecManagerHelper: com.oplus.nec.OplusNecManager.notifyOrigSignalStrengthChanged [class android.telephony.SignalStrength, int]
07-21 08:29:24.363 13619 25899 E frame_cadence_adapter.cc: [2026-07-21 08:29:24.363] [25899] (line 1028): Incoming frame timestamp is not monotonically increasing current: 297233103000 last: 297233108000
07-21 08:29:24.786 14905 10787 E ActivityThread: Failed to find provider info for com.platform.usercenter.vip
07-21 08:29:24.789 14905 15196 E FileStrategy: java.io.IOException: Read-only file system
07-21 08:29:25.162 23546 23877 E libc    : Access denied finding property "vendor.oplus.media.vpp.osie_sr.on"
07-21 08:29:25.507   922   979 E ANDR-PERF-OPTSHANDLER: Perflock resource /sys/class/devfreq/soc:qcom,llccbw/bw_hwmon/io_percent not supported
07-21 08:29:25.507   922   979 E ANDR-PERF-RESOURCEQS: Failed to apply optimization [12, 1]
07-21 08:29:25.507   922   979 E ANDR-PERF-OPTSHANDLER: Perflock resource /sys/class/devfreq/soc:qcom,llccbw/bw_hwmon/sample_ms not supported
07-21 08:29:25.507   922   979 E ANDR-PERF-RESOURCEQS: Failed to apply optimization [12, 3]
07-21 08:29:25.511   922   922 E ANDR-PERF-MPCTL: invalid request, no optimizations performed
07-21 08:29:25.646 13947 16633 E libEGL  : Invalid file path for libcolorx-loader.so
07-21 08:29:25.646   922   979 E ANDR-PERF-OPTSHANDLER: Perflock resource /sys/class/devfreq/soc:qcom,llccbw/bw_hwmon/io_percent not supported
07-21 08:29:25.646   922   979 E ANDR-PERF-RESOURCEQS: Failed to apply optimization [12, 1]
07-21 08:29:25.646   922   979 E ANDR-PERF-OPTSHANDLER: Perflock resource /sys/class/devfreq/soc:qcom,llccbw/bw_hwmon/sample_ms not supported
07-21 08:29:25.646   922   979 E ANDR-PERF-RESOURCEQS: Failed to apply optimization [12, 3]
07-21 08:29:26.248   922   979 E ANDR-PERF-OPTSHANDLER: Perflock resource /sys/class/devfreq/soc:qcom,llccbw/bw_hwmon/io_percent not supported
07-21 08:29:26.248   922   979 E ANDR-PERF-RESOURCEQS: Failed to apply optimization [12, 1]
07-21 08:29:26.248   922   979 E ANDR-PERF-OPTSHANDLER: Perflock resource /sys/class/devfreq/soc:qcom,llccbw/bw_hwmon/sample_ms not supported
07-21 08:29:26.248   922   979 E ANDR-PERF-RESOURCEQS: Failed to apply optimization [12, 3]
07-21 08:29:27.140   922   979 E ANDR-PERF-OPTSHANDLER: Perflock resource /sys/class/devfreq/soc:qcom,llccbw/bw_hwmon/io_percent not supported
07-21 08:29:27.140   922   979 E ANDR-PERF-RESOURCEQS: Failed to apply optimization [12, 1]
07-21 08:29:27.140   922   979 E ANDR-PERF-OPTSHANDLER: Perflock resource /sys/class/devfreq/soc:qcom,llccbw/bw_hwmon/sample_ms not supported
07-21 08:29:27.140   922   979 E ANDR-PERF-RESOURCEQS: Failed to apply optimization [12, 3]
07-21 08:29:27.169   922   979 E ANDR-PERF-RESOURCEQS: Failed to reset optimization [3, 0]
07-21 08:29:27.301   922   979 E ANDR-PERF-OPTSHANDLER: Perflock resource /sys/class/devfreq/soc:qcom,llccbw/bw_hwmon/io_percent not supported
07-21 08:29:27.301   922   979 E ANDR-PERF-RESOURCEQS: Failed to apply optimization [12, 1]
07-21 08:29:27.301   922   979 E ANDR-PERF-OPTSHANDLER: Perflock resource /sys/class/devfreq/soc:qcom,llccbw/bw_hwmon/sample_ms not supported
07-21 08:29:27.301   922   979 E ANDR-PERF-RESOURCEQS: Failed to apply optimization [12, 3]
07-21 08:29:27.302   922   979 E ANDR-PERF-OPTSHANDLER: Perflock resource /sys/class/devfreq/soc:qcom,llccbw/bw_hwmon/io_percent not supported
07-21 08:29:27.302   922   979 E ANDR-PERF-RESOURCEQS: Failed to apply optimization [12, 1]
07-21 08:29:27.302   922   979 E ANDR-PERF-OPTSHANDLER: Perflock resource /sys/class/devfreq/soc:qcom,llccbw/bw_hwmon/sample_ms not supported
07-21 08:29:27.302   922   979 E ANDR-PERF-RESOURCEQS: Failed to apply optimization [12, 3]
07-21 08:29:27.375   922   979 E ANDR-PERF-RESOURCEQS: Failed to reset optimization [3, 0]
07-21 08:29:27.776  4634  4634 E oiface  : Abnormal! bin.mt.plus[bin.mt.plus/l.ܰ᩵ۛ#0] current fps is: 1431867136.000000 abnormal, return 0
07-21 08:29:28.065  3657  3657 E OplusNecManagerHelper: com.oplus.nec.OplusNecManager.notifyOrigSignalStrengthChanged [class android.telephony.SignalStrength, int]
07-21 08:29:28.385 11892 16513 E ActivityThread: Failed to find provider info for null
07-21 08:29:28.386 11892 16513 E AppSettings: getProviderForUser contentProvider == null,uid:-100 ,uri: null
07-21 08:29:28.614   922   979 E ANDR-PERF-RESOURCEQS: Failed to reset optimization [3, 0]
07-21 08:29:28.757   922   979 E ANDR-PERF-RESOURCEQS: Failed to reset optimization [3, 0]
07-21 08:29:28.771   922   979 E ANDR-PERF-OPTSHANDLER: Perflock resource /sys/class/devfreq/soc:qcom,llccbw/bw_hwmon/io_percent not supported
07-21 08:29:28.771   922   979 E ANDR-PERF-RESOURCEQS: Failed to apply optimization [12, 1]
07-21 08:29:28.771   922   979 E ANDR-PERF-OPTSHANDLER: Perflock resource /sys/class/devfreq/soc:qcom,llccbw/bw_hwmon/sample_ms not supported
07-21 08:29:28.771   922   979 E ANDR-PERF-RESOURCEQS: Failed to apply optimization [12, 3]
07-21 08:29:28.972   922   979 E ANDR-PERF-OPTSHANDLER: Perflock resource /sys/class/devfreq/soc:qcom,llccbw/bw_hwmon/io_percent not supported
07-21 08:29:28.972   922   979 E ANDR-PERF-RESOURCEQS: Failed to apply optimization [12, 1]
07-21 08:29:28.972   922   979 E ANDR-PERF-OPTSHANDLER: Perflock resource /sys/class/devfreq/soc:qcom,llccbw/bw_hwmon/sample_ms not supported
07-21 08:29:28.972   922   979 E ANDR-PERF-RESOURCEQS: Failed to apply optimization [12, 3]
07-21 08:29:28.975   922   979 E ANDR-PERF-OPTSHANDLER: Perflock resource /sys/class/devfreq/soc:qcom,llccbw/bw_hwmon/io_percent not supported
07-21 08:29:28.975   922   979 E ANDR-PERF-RESOURCEQS: Failed to apply optimization [12, 1]
07-21 08:29:28.975   922   979 E ANDR-PERF-OPTSHANDLER: Perflock resource /sys/class/devfreq/soc:qcom,llccbw/bw_hwmon/sample_ms not supported
07-21 08:29:28.975   922   979 E ANDR-PERF-RESOURCEQS: Failed to apply optimization [12, 3]
07-21 08:29:29.231   922   979 E ANDR-PERF-RESOURCEQS: Failed to reset optimization [3, 0]
07-21 08:29:29.395   922   979 E ANDR-PERF-OPTSHANDLER: Perflock resource /sys/class/devfreq/soc:qcom,llccbw/bw_hwmon/io_percent not supported
07-21 08:29:29.395   922   979 E ANDR-PERF-RESOURCEQS: Failed to apply optimization [12, 1]
07-21 08:29:29.395   922   979 E ANDR-PERF-OPTSHANDLER: Perflock resource /sys/class/devfreq/soc:qcom,llccbw/bw_hwmon/sample_ms not supported
07-21 08:29:29.395   922   979 E ANDR-PERF-RESOURCEQS: Failed to apply optimization [12, 3]
07-21 08:29:29.468   922   979 E ANDR-PERF-RESOURCEQS: Failed to reset optimization [3, 0]
07-21 08:29:29.528  3657  3657 E OplusNecManagerHelper: com.oplus.nec.OplusNecManager.notifyOrigSignalStrengthChanged [class android.telephony.SignalStrength, int]
07-21 08:29:29.661  1834  2962 E ORMS_CORE: Unsupported action!!!
07-21 08:29:29.666   922   979 E ANDR-PERF-OPTSHANDLER: Perflock resource /sys/class/devfreq/soc:qcom,llccbw/bw_hwmon/io_percent not supported
07-21 08:29:29.666   922   979 E ANDR-PERF-RESOURCEQS: Failed to apply optimization [12, 1]
07-21 08:29:29.666   922   979 E ANDR-PERF-OPTSHANDLER: Perflock resource /sys/class/devfreq/soc:qcom,llccbw/bw_hwmon/sample_ms not supported
07-21 08:29:29.666   922   979 E ANDR-PERF-RESOURCEQS: Failed to apply optimization [12, 3]
07-21 08:29:29.849   922   979 E ANDR-PERF-RESOURCEQS: Failed to reset optimization [3, 0]
07-21 08:29:29.879 10314 16675 E ONEPUSH:WakeLockUtil: acquireWakeLock
07-21 08:29:29.900 10314 16675 E ONEPUSH:WakeLockUtil: releaseWakeLock
07-21 08:29:30.162 23546 23895 E libc    : Access denied finding property "vendor.oplus.media.vpp.osie_sr.on"
07-21 08:29:31.766   922   979 E ANDR-PERF-OPTSHANDLER: Perflock resource /sys/class/devfreq/soc:qcom,llccbw/bw_hwmon/io_percent not supported
07-21 08:29:31.766   922   979 E ANDR-PERF-RESOURCEQS: Failed to apply optimization [12, 1]
07-21 08:29:31.766   922   979 E ANDR-PERF-OPTSHANDLER: Perflock resource /sys/class/devfreq/soc:qcom,llccbw/bw_hwmon/sample_ms not supported
07-21 08:29:31.766   922   979 E ANDR-PERF-RESOURCEQS: Failed to apply optimization [12, 3]
07-21 08:29:32.167   922   979 E ANDR-PERF-OPTSHANDLER: Perflock resource /sys/class/devfreq/soc:qcom,llccbw/bw_hwmon/io_percent not supported
07-21 08:29:32.167   922   979 E ANDR-PERF-RESOURCEQS: Failed to apply optimization [12, 1]
07-21 08:29:32.167   922   979 E ANDR-PERF-OPTSHANDLER: Perflock resource /sys/class/devfreq/soc:qcom,llccbw/bw_hwmon/sample_ms not supported
07-21 08:29:32.167   922   979 E ANDR-PERF-RESOURCEQS: Failed to apply optimization [12, 3]
07-21 08:29:32.521  3657  3657 E OplusNecManagerHelper: com.oplus.nec.OplusNecManager.notifyOrigSignalStrengthChanged [class android.telephony.SignalStrength, int]
07-21 08:29:33.939   922   979 E ANDR-PERF-OPTSHANDLER: Perflock resource /sys/class/devfreq/soc:qcom,llccbw/bw_hwmon/io_percent not supported
07-21 08:29:33.939   922   979 E ANDR-PERF-RESOURCEQS: Failed to apply optimization [12, 1]
07-21 08:29:33.939   922   979 E ANDR-PERF-OPTSHANDLER: Perflock resource /sys/class/devfreq/soc:qcom,llccbw/bw_hwmon/sample_ms not supported
07-21 08:29:33.939   922   979 E ANDR-PERF-RESOURCEQS: Failed to apply optimization [12, 3]
07-21 08:29:33.946  1834  3748 E OppoThermalStats: Error getting package info: com.termux
07-21 08:29:33.957  1834  9766 E OplusTrack-ApkInfoUtil: java.lang.NullPointerException: Attempt to invoke virtual method 'java.lang.Object android.os.Bundle.get(java.lang.String)' on a null object reference
07-21 08:29:33.971 26717 26735 E ZoomUiManager: current os version unsupport change scale
07-21 08:29:33.971   922   979 E ANDR-PERF-OPTSHANDLER: Perflock resource /sys/class/devfreq/soc:qcom,llccbw/bw_hwmon/io_percent not supported
07-21 08:29:33.971   922   979 E ANDR-PERF-RESOURCEQS: Failed to apply optimization [12, 1]
07-21 08:29:33.971   922   979 E ANDR-PERF-OPTSHANDLER: Perflock resource /sys/class/devfreq/soc:qcom,llccbw/bw_hwmon/sample_ms not supported
07-21 08:29:33.971   922   979 E ANDR-PERF-RESOURCEQS: Failed to apply optimization [12, 3]
07-21 08:29:34.003  5830 16685 E DeepThinkerSDK: [APP] AlgorithmBinderPool: Error: Bind Algorithm Service Failed, not exist!
07-21 08:29:34.004 11892 16513 E ActivityThread: Failed to find provider info for null
07-21 08:29:34.005 11892 16513 E AppSettings: getProviderForUser contentProvider == null,uid:-100 ,uri: null
07-21 08:29:34.404 11892 16513 E ActivityThread: Failed to find provider info for null
07-21 08:29:34.404 11892 16513 E AppSettings: getProviderForUser contentProvider == null,uid:-100 ,uri: null
07-21 08:29:34.872 22741 22895 E PASb71b556250711.PolicyManager: executePolicy, execute failed because can not create policy instance for 20028
07-21 08:29:34.886 22741 22897 E PASb71b556250711.PolicyManager: acceptHandleResult, hanleResult is null
07-21 08:29:35.163 23546 23877 E libc    : Access denied finding property "vendor.oplus.media.vpp.osie_sr.on"
07-21 08:29:35.799   922   979 E ANDR-PERF-OPTSHANDLER: Perflock resource /sys/class/devfreq/soc:qcom,llccbw/bw_hwmon/io_percent not supported
07-21 08:29:35.799   922   979 E ANDR-PERF-RESOURCEQS: Failed to apply optimization [12, 1]
07-21 08:29:35.799   922   979 E ANDR-PERF-OPTSHANDLER: Perflock resource /sys/class/devfreq/soc:qcom,llccbw/bw_hwmon/sample_ms not supported
07-21 08:29:35.799   922   979 E ANDR-PERF-RESOURCEQS: Failed to apply optimization [12, 3]
07-21 08:29:35.813  1834  3748 E OppoThermalStats: Error getting package info: bin.mt.plus
07-21 08:29:35.829   922   979 E ANDR-PERF-OPTSHANDLER: Perflock resource /sys/class/devfreq/soc:qcom,llccbw/bw_hwmon/io_percent not supported
07-21 08:29:35.829   922   979 E ANDR-PERF-RESOURCEQS: Failed to apply optimization [12, 1]
07-21 08:29:35.829   922   979 E ANDR-PERF-OPTSHANDLER: Perflock resource /sys/class/devfreq/soc:qcom,llccbw/bw_hwmon/sample_ms not supported
07-21 08:29:35.829   922   979 E ANDR-PERF-RESOURCEQS: Failed to apply optimization [12, 3]
07-21 08:29:36.937   922   979 E ANDR-PERF-OPTSHANDLER: Perflock resource /sys/class/devfreq/soc:qcom,llccbw/bw_hwmon/io_percent not supported
07-21 08:29:36.937   922   979 E ANDR-PERF-RESOURCEQS: Failed to apply optimization [12, 1]
07-21 08:29:36.937   922   979 E ANDR-PERF-OPTSHANDLER: Perflock resource /sys/class/devfreq/soc:qcom,llccbw/bw_hwmon/sample_ms not supported
07-21 08:29:36.937   922   979 E ANDR-PERF-RESOURCEQS: Failed to apply optimization [12, 3]
07-21 08:29:36.996  1834  2718 E WindowManager: Unknown sub-window type: 1999
07-21 08:29:37.341   922   979 E ANDR-PERF-OPTSHANDLER: Perflock resource /sys/class/devfreq/soc:qcom,llccbw/bw_hwmon/io_percent not supported
07-21 08:29:37.341   922   979 E ANDR-PERF-RESOURCEQS: Failed to apply optimization [12, 1]
07-21 08:29:37.341   922   979 E ANDR-PERF-OPTSHANDLER: Perflock resource /sys/class/devfreq/soc:qcom,llccbw/bw_hwmon/sample_ms not supported
07-21 08:29:37.341   922   979 E ANDR-PERF-RESOURCEQS: Failed to apply optimization [12, 3]
07-21 08:29:38.516  3657  3657 E OplusNecManagerHelper: com.oplus.nec.OplusNecManager.notifyOrigSignalStrengthChanged [class android.telephony.SignalStrength, int]
07-21 08:29:39.013  5749  5749 E InputContextChangeTracker: InputContextChangeTracker.getSubSurroundText():1449 Invalid sub surrounding text: contentLength=1804, subStringInContent=[0, 603], selectionInContent=[-1, 3]
07-21 08:29:39.044  5749  5749 E InputContextChangeTracker: InputContextChangeTracker.getSubSurroundText():1449 Invalid sub surrounding text: contentLength=2404, subStringInContent=[0, 4], selectionInContent=[-1, 3]
07-21 08:29:39.080  5749  5749 E InputContextChangeTracker: InputContextChangeTracker.getSubSurroundText():1449 Invalid sub surrounding text: contentLength=3004, subStringInContent=[0, 4], selectionInContent=[-1, 3]
07-21 08:29:39.781  4634  4634 E oiface  : getCurrentThermal, get current thermal from horae success : 43.430000
07-21 08:29:40.162 23546 23895 E libc    : Access denied finding property "vendor.oplus.media.vpp.osie_sr.on"
07-21 08:29:40.425 11892 16513 E ActivityThread: Failed to find provider info for null
07-21 08:29:40.425 11892 16513 E AppSettings: getProviderForUser contentProvider == null,uid:-100 ,uri: null
07-21 08:29:40.669   922   979 E ANDR-PERF-RESOURCEQS: Failed to reset optimization [3, 0]
07-21 08:29:41.058 13619 25899 E frame_cadence_adapter.cc: [2026-07-21 08:29:41.058] [25899] (line 1028): Incoming frame timestamp is not monotonically increasing current: 297249809000 last: 297249811000
07-21 08:29:41.398   922   979 E ANDR-PERF-RESOURCEQS: Failed to reset optimization [3, 0]
07-21 08:29:41.503  3657  3657 E OplusNecManagerHelper: com.oplus.nec.OplusNecManager.notifyOrigSignalStrengthChanged [class android.telephony.SignalStrength, int]
07-21 08:29:42.883   922   979 E ANDR-PERF-OPTSHANDLER: Perflock resource /sys/class/devfreq/soc:qcom,llccbw/bw_hwmon/io_percent not supported
07-21 08:29:42.883   922   979 E ANDR-PERF-RESOURCEQS: Failed to apply optimization [12, 1]
07-21 08:29:42.883   922   979 E ANDR-PERF-OPTSHANDLER: Perflock resource /sys/class/devfreq/soc:qcom,llccbw/bw_hwmon/sample_ms not supported
07-21 08:29:42.883   922   979 E ANDR-PERF-RESOURCEQS: Failed to apply optimization [12, 3]
07-21 08:29:42.897   922   979 E ANDR-PERF-RESOURCEQS: Failed to reset optimization [3, 0]
07-21 08:29:42.956  1834  2962 E ORMS_CORE: Unsupported action!!!
07-21 08:29:42.959   922   979 E ANDR-PERF-OPTSHANDLER: Perflock resource /sys/class/devfreq/soc:qcom,llccbw/bw_hwmon/io_percent not supported
07-21 08:29:42.959   922   979 E ANDR-PERF-RESOURCEQS: Failed to apply optimization [12, 1]
07-21 08:29:42.959   922   979 E ANDR-PERF-OPTSHANDLER: Perflock resource /sys/class/devfreq/soc:qcom,llccbw/bw_hwmon/sample_ms not supported
07-21 08:29:42.959   922   979 E ANDR-PERF-RESOURCEQS: Failed to apply optimization [12, 3]
07-21 08:29:43.258   922   979 E ANDR-PERF-RESOURCEQS: Failed to reset optimization [3, 0]
07-21 08:29:43.585   922   979 E ANDR-PERF-OPTSHANDLER: Perflock resource /sys/class/devfreq/soc:qcom,llccbw/bw_hwmon/io_percent not supported
07-21 08:29:43.585   922   979 E ANDR-PERF-RESOURCEQS: Failed to apply optimization [12, 1]
07-21 08:29:43.585   922   979 E ANDR-PERF-OPTSHANDLER: Perflock resource /sys/class/devfreq/soc:qcom,llccbw/bw_hwmon/sample_ms not supported
07-21 08:29:43.585   922   979 E ANDR-PERF-RESOURCEQS: Failed to apply optimization [12, 3]
07-21 08:29:43.618   922   979 E ANDR-PERF-RESOURCEQS: Failed to reset optimization [3, 0]
07-21 08:29:43.673   922   979 E ANDR-PERF-OPTSHANDLER: Perflock resource /sys/class/devfreq/soc:qcom,llccbw/bw_hwmon/io_percent not supported
07-21 08:29:43.673   922   979 E ANDR-PERF-RESOURCEQS: Failed to apply optimization [12, 1]
07-21 08:29:43.673   922   979 E ANDR-PERF-OPTSHANDLER: Perflock resource /sys/class/devfreq/soc:qcom,llccbw/bw_hwmon/sample_ms not supported
07-21 08:29:43.673   922   979 E ANDR-PERF-RESOURCEQS: Failed to apply optimization [12, 3]
07-21 08:29:43.677   922   979 E ANDR-PERF-OPTSHANDLER: Perflock resource /sys/class/devfreq/soc:qcom,llccbw/bw_hwmon/io_percent not supported
07-21 08:29:43.677   922   979 E ANDR-PERF-RESOURCEQS: Failed to apply optimization [12, 1]
07-21 08:29:43.677   922   979 E ANDR-PERF-OPTSHANDLER: Perflock resource /sys/class/devfreq/soc:qcom,llccbw/bw_hwmon/sample_ms not supported
07-21 08:29:43.677   922   979 E ANDR-PERF-RESOURCEQS: Failed to apply optimization [12, 3]
07-21 08:29:44.279   922   979 E ANDR-PERF-RESOURCEQS: Failed to reset optimization [3, 0]
07-21 08:29:44.517   922   979 E ANDR-PERF-OPTSHANDLER: Perflock resource /sys/class/devfreq/soc:qcom,llccbw/bw_hwmon/io_percent not supported
07-21 08:29:44.517   922   979 E ANDR-PERF-RESOURCEQS: Failed to apply optimization [12, 1]
07-21 08:29:44.517   922   979 E ANDR-PERF-OPTSHANDLER: Perflock resource /sys/class/devfreq/soc:qcom,llccbw/bw_hwmon/sample_ms not supported
07-21 08:29:44.517   922   979 E ANDR-PERF-RESOURCEQS: Failed to apply optimization [12, 3]
07-21 08:29:44.573   922   979 E ANDR-PERF-RESOURCEQS: Failed to reset optimization [3, 0]
07-21 08:29:44.618   922   979 E ANDR-PERF-OPTSHANDLER: Perflock resource /sys/class/devfreq/soc:qcom,llccbw/bw_hwmon/io_percent not supported
07-21 08:29:44.618   922   979 E ANDR-PERF-RESOURCEQS: Failed to apply optimization [12, 1]
07-21 08:29:44.618   922   979 E ANDR-PERF-OPTSHANDLER: Perflock resource /sys/class/devfreq/soc:qcom,llccbw/bw_hwmon/sample_ms not supported
07-21 08:29:44.618   922   979 E ANDR-PERF-RESOURCEQS: Failed to apply optimization [12, 3]
07-21 08:29:44.619   922   979 E ANDR-PERF-OPTSHANDLER: Perflock resource /sys/class/devfreq/soc:qcom,llccbw/bw_hwmon/io_percent not supported
07-21 08:29:44.619   922   979 E ANDR-PERF-RESOURCEQS: Failed to apply optimization [12, 1]
07-21 08:29:44.619   922   979 E ANDR-PERF-OPTSHANDLER: Perflock resource /sys/class/devfreq/soc:qcom,llccbw/bw_hwmon/sample_ms not supported
07-21 08:29:44.619   922   979 E ANDR-PERF-RESOURCEQS: Failed to apply optimization [12, 3]
07-21 08:29:45.003   922   979 E ANDR-PERF-RESOURCEQS: Failed to reset optimization [3, 0]
07-21 08:29:45.162 23546 23877 E libc    : Access denied finding property "vendor.oplus.media.vpp.osie_sr.on"
07-21 08:29:45.209   922   979 E ANDR-PERF-OPTSHANDLER: Perflock resource /sys/class/devfreq/soc:qcom,llccbw/bw_hwmon/io_percent not supported
07-21 08:29:45.209   922   979 E ANDR-PERF-RESOURCEQS: Failed to apply optimization [12, 1]
07-21 08:29:45.209   922   979 E ANDR-PERF-OPTSHANDLER: Perflock resource /sys/class/devfreq/soc:qcom,llccbw/bw_hwmon/sample_ms not supported
07-21 08:29:45.209   922   979 E ANDR-PERF-RESOURCEQS: Failed to apply optimization [12, 3]
07-21 08:29:45.261   922   979 E ANDR-PERF-RESOURCEQS: Failed to reset optimization [3, 0]
07-21 08:29:45.680  1834  2962 E ORMS_CORE: Unsupported action!!!
07-21 08:29:45.683   922   979 E ANDR-PERF-OPTSHANDLER: Perflock resource /sys/class/devfreq/soc:qcom,llccbw/bw_hwmon/io_percent not supported
07-21 08:29:45.683   922   979 E ANDR-PERF-RESOURCEQS: Failed to apply optimization [12, 1]
07-21 08:29:45.683   922   979 E ANDR-PERF-OPTSHANDLER: Perflock resource /sys/class/devfreq/soc:qcom,llccbw/bw_hwmon/sample_ms not supported
07-21 08:29:45.683   922   979 E ANDR-PERF-RESOURCEQS: Failed to apply optimization [12, 3]
07-21 08:29:45.759   922   979 E ANDR-PERF-RESOURCEQS: Failed to reset optimization [3, 0]
07-21 08:29:46.432   922   979 E ANDR-PERF-OPTSHANDLER: Perflock resource /sys/class/devfreq/soc:qcom,llccbw/bw_hwmon/io_percent not supported
07-21 08:29:46.433   922   979 E ANDR-PERF-RESOURCEQS: Failed to apply optimization [12, 1]
07-21 08:29:46.433   922   979 E ANDR-PERF-OPTSHANDLER: Perflock resource /sys/class/devfreq/soc:qcom,llccbw/bw_hwmon/sample_ms not supported
07-21 08:29:46.433   922   979 E ANDR-PERF-RESOURCEQS: Failed to apply optimization [12, 3]
07-21 08:29:46.443 11892 16514 E ActivityThread: Failed to find provider info for null
07-21 08:29:46.443 11892 16514 E AppSettings: getProviderForUser contentProvider == null,uid:-100 ,uri: null
07-21 08:29:46.501   922   979 E ANDR-PERF-OPTSHANDLER: Perflock resource /sys/class/devfreq/soc:qcom,llccbw/bw_hwmon/io_percent not supported
07-21 08:29:46.501   922   979 E ANDR-PERF-RESOURCEQS: Failed to apply optimization [12, 1]
07-21 08:29:46.501   922   979 E ANDR-PERF-OPTSHANDLER: Perflock resource /sys/class/devfreq/soc:qcom,llccbw/bw_hwmon/sample_ms not supported
07-21 08:29:46.501   922   979 E ANDR-PERF-RESOURCEQS: Failed to apply optimization [12, 3]
07-21 08:29:46.503   922   979 E ANDR-PERF-OPTSHANDLER: Perflock resource /sys/class/devfreq/soc:qcom,llccbw/bw_hwmon/io_percent not supported
07-21 08:29:46.503   922   979 E ANDR-PERF-RESOURCEQS: Failed to apply optimization [12, 1]
07-21 08:29:46.503   922   979 E ANDR-PERF-OPTSHANDLER: Perflock resource /sys/class/devfreq/soc:qcom,llccbw/bw_hwmon/sample_ms not supported
07-21 08:29:46.503   922   979 E ANDR-PERF-RESOURCEQS: Failed to apply optimization [12, 3]
07-21 08:29:47.010   922   979 E ANDR-PERF-RESOURCEQS: Failed to reset optimization [3, 0]
07-21 08:29:47.406   922   979 E ANDR-PERF-OPTSHANDLER: Perflock resource /sys/class/devfreq/soc:qcom,llccbw/bw_hwmon/io_percent not supported
07-21 08:29:47.406   922   979 E ANDR-PERF-RESOURCEQS: Failed to apply optimization [12, 1]
07-21 08:29:47.406   922   979 E ANDR-PERF-OPTSHANDLER: Perflock resource /sys/class/devfreq/soc:qcom,llccbw/bw_hwmon/sample_ms not supported
07-21 08:29:47.406   922   979 E ANDR-PERF-RESOURCEQS: Failed to apply optimization [12, 3]
07-21 08:29:47.455   922   979 E ANDR-PERF-RESOURCEQS: Failed to reset optimization [3, 0]
07-21 08:29:47.523  3657  3657 E OplusNecManagerHelper: com.oplus.nec.OplusNecManager.notifyOrigSignalStrengthChanged [class android.telephony.SignalStrength, int]
07-21 08:29:48.140  1834  2962 E ORMS_CORE: Unsupported action!!!
07-21 08:29:48.142   922   979 E ANDR-PERF-OPTSHANDLER: Perflock resource /sys/class/devfreq/soc:qcom,llccbw/bw_hwmon/io_percent not supported
07-21 08:29:48.142   922   979 E ANDR-PERF-RESOURCEQS: Failed to apply optimization [12, 1]
07-21 08:29:48.142   922   979 E ANDR-PERF-OPTSHANDLER: Perflock resource /sys/class/devfreq/soc:qcom,llccbw/bw_hwmon/sample_ms not supported
07-21 08:29:48.142   922   979 E ANDR-PERF-RESOURCEQS: Failed to apply optimization [12, 3]
07-21 08:29:48.221  3657  3657 E OplusNecManagerHelper: com.oplus.nec.OplusNecManager.notifyOrigSignalStrengthChanged [class android.telephony.SignalStrength, int]
07-21 08:29:48.336   922   979 E ANDR-PERF-RESOURCEQS: Failed to reset optimization [3, 0]
07-21 08:29:48.678   922   979 E ANDR-PERF-OPTSHANDLER: Perflock resource /sys/class/devfreq/soc:qcom,llccbw/bw_hwmon/io_percent not supported
07-21 08:29:48.678   922   979 E ANDR-PERF-RESOURCEQS: Failed to apply optimization [12, 1]
07-21 08:29:48.678   922   979 E ANDR-PERF-OPTSHANDLER: Perflock resource /sys/class/devfreq/soc:qcom,llccbw/bw_hwmon/sample_ms not supported
07-21 08:29:48.678   922   979 E ANDR-PERF-RESOURCEQS: Failed to apply optimization [12, 3]
07-21 08:29:48.721   922   979 E ANDR-PERF-RESOURCEQS: Failed to reset optimization [3, 0]
07-21 08:29:48.774  1834  2962 E ORMS_CORE: Unsupported action!!!
07-21 08:29:48.777   922   979 E ANDR-PERF-OPTSHANDLER: Perflock resource /sys/class/devfreq/soc:qcom,llccbw/bw_hwmon/io_percent not supported
07-21 08:29:48.778   922   979 E ANDR-PERF-RESOURCEQS: Failed to apply optimization [12, 1]
07-21 08:29:48.778   922   979 E ANDR-PERF-OPTSHANDLER: Perflock resource /sys/class/devfreq/soc:qcom,llccbw/bw_hwmon/sample_ms not supported
07-21 08:29:48.778   922   979 E ANDR-PERF-RESOURCEQS: Failed to apply optimization [12, 3]
07-21 08:29:49.083   922   979 E ANDR-PERF-RESOURCEQS: Failed to reset optimization [3, 0]
07-21 08:29:50.087   922   979 E ANDR-PERF-OPTSHANDLER: Perflock resource /sys/class/devfreq/soc:qcom,llccbw/bw_hwmon/io_percent not supported
07-21 08:29:50.087   922   979 E ANDR-PERF-RESOURCEQS: Failed to apply optimization [12, 1]
07-21 08:29:50.087   922   979 E ANDR-PERF-OPTSHANDLER: Perflock resource /sys/class/devfreq/soc:qcom,llccbw/bw_hwmon/sample_ms not supported
07-21 08:29:50.087   922   979 E ANDR-PERF-RESOURCEQS: Failed to apply optimization [12, 3]
07-21 08:29:50.145   922   979 E ANDR-PERF-RESOURCEQS: Failed to reset optimization [3, 0]
07-21 08:29:50.162 23546 23975 E libc    : Access denied finding property "vendor.oplus.media.vpp.osie_sr.on"
07-21 08:29:50.266  1834  2962 E ORMS_CORE: Unsupported action!!!
07-21 08:29:50.268   922   979 E ANDR-PERF-OPTSHANDLER: Perflock resource /sys/class/devfreq/soc:qcom,llccbw/bw_hwmon/io_percent not supported
07-21 08:29:50.268   922   979 E ANDR-PERF-RESOURCEQS: Failed to apply optimization [12, 1]
07-21 08:29:50.268   922   979 E ANDR-PERF-OPTSHANDLER: Perflock resource /sys/class/devfreq/soc:qcom,llccbw/bw_hwmon/sample_ms not supported
07-21 08:29:50.268   922   979 E ANDR-PERF-RESOURCEQS: Failed to apply optimization [12, 3]
07-21 08:29:50.467   922   979 E ANDR-PERF-RESOURCEQS: Failed to reset optimization [3, 0]
07-21 08:29:50.558   922   979 E ANDR-PERF-OPTSHANDLER: Perflock resource /sys/class/devfreq/soc:qcom,llccbw/bw_hwmon/io_percent not supported
07-21 08:29:50.558   922   979 E ANDR-PERF-RESOURCEQS: Failed to apply optimization [12, 1]
07-21 08:29:50.558   922   979 E ANDR-PERF-OPTSHANDLER: Perflock resource /sys/class/devfreq/soc:qcom,llccbw/bw_hwmon/sample_ms not supported
07-21 08:29:50.558   922   979 E ANDR-PERF-RESOURCEQS: Failed to apply optimization [12, 3]
07-21 08:29:50.611   922   979 E ANDR-PERF-RESOURCEQS: Failed to reset optimization [3, 0]
07-21 08:29:50.663   922   979 E ANDR-PERF-OPTSHANDLER: Perflock resource /sys/class/devfreq/soc:qcom,llccbw/bw_hwmon/io_percent not supported
07-21 08:29:50.663   922   979 E ANDR-PERF-RESOURCEQS: Failed to apply optimization [12, 1]
07-21 08:29:50.664   922   979 E ANDR-PERF-OPTSHANDLER: Perflock resource /sys/class/devfreq/soc:qcom,llccbw/bw_hwmon/sample_ms not supported
07-21 08:29:50.664   922   979 E ANDR-PERF-RESOURCEQS: Failed to apply optimization [12, 3]
07-21 08:29:50.665   922   979 E ANDR-PERF-OPTSHANDLER: Perflock resource /sys/class/devfreq/soc:qcom,llccbw/bw_hwmon/io_percent not supported
07-21 08:29:50.665   922   979 E ANDR-PERF-RESOURCEQS: Failed to apply optimization [12, 1]
07-21 08:29:50.665   922   979 E ANDR-PERF-OPTSHANDLER: Perflock resource /sys/class/devfreq/soc:qcom,llccbw/bw_hwmon/sample_ms not supported
07-21 08:29:50.665   922   979 E ANDR-PERF-RESOURCEQS: Failed to apply optimization [12, 3]
07-21 08:29:51.121   922   979 E ANDR-PERF-RESOURCEQS: Failed to reset optimization [3, 0]
07-21 08:29:51.291   922   979 E ANDR-PERF-OPTSHANDLER: Perflock resource /sys/class/devfreq/soc:qcom,llccbw/bw_hwmon/io_percent not supported
07-21 08:29:51.291   922   979 E ANDR-PERF-RESOURCEQS: Failed to apply optimization [12, 1]
07-21 08:29:51.291   922   979 E ANDR-PERF-OPTSHANDLER: Perflock resource /sys/class/devfreq/soc:qcom,llccbw/bw_hwmon/sample_ms not supported
07-21 08:29:51.291   922   979 E ANDR-PERF-RESOURCEQS: Failed to apply optimization [12, 3]
07-21 08:29:51.305   922   979 E ANDR-PERF-RESOURCEQS: Failed to reset optimization [3, 0]
07-21 08:29:52.466 11892 16514 E ActivityThread: Failed to find provider info for null
07-21 08:29:52.467 11892 16514 E AppSettings: getProviderForUser contentProvider == null,uid:-100 ,uri: null
07-21 08:29:52.700  3657  3657 E OplusNecManagerHelper: com.oplus.nec.OplusNecManager.notifyOrigSignalStrengthChanged [class android.telephony.SignalStrength, int]
07-21 08:29:54.944  3657  3657 E OplusNecManagerHelper: com.oplus.nec.OplusNecManager.notifyOrigSignalStrengthChanged [class android.telephony.SignalStrength, int]
07-21 08:29:55.162 23546 23886 E libc    : Access denied finding property "vendor.oplus.media.vpp.osie_sr.on"
07-21 08:29:56.522  3657  3657 E OplusNecManagerHelper: com.oplus.nec.OplusNecManager.notifyOrigSignalStrengthChanged [class android.telephony.SignalStrength, int]
07-21 08:29:57.780  4634  4634 E oiface  : getCurrentThermal, get current thermal from horae success : 43.430000
07-21 08:29:58.255 10314 10408 E FileStrategy: java.io.IOException: Read-only file system
07-21 08:29:58.480 11892 16514 E ActivityThread: Failed to find provider info for null
07-21 08:29:58.480 11892 16514 E AppSettings: getProviderForUser contentProvider == null,uid:-100 ,uri: null
07-21 08:30:00.017  1834  5620 E OplusCustomizeRestrictionManagerService: isBiometricDisabled start
07-21 08:30:00.162 23546 23877 E libc    : Access denied finding property "vendor.oplus.media.vpp.osie_sr.on"
07-21 08:30:00.397 13619 25899 E frame_cadence_adapter.cc: [2026-07-21 08:30:00.397] [25899] (line 1028): Incoming frame timestamp is not monotonically increasing current: 297269148000 last: 297269150000
07-21 08:30:04.509 11892 16514 E ActivityThread: Failed to find provider info for null
07-21 08:30:04.509 11892 16514 E AppSettings: getProviderForUser contentProvider == null,uid:-100 ,uri: null
07-21 08:30:05.162 23546 23886 E libc    : Access denied finding property "vendor.oplus.media.vpp.osie_sr.on"
07-21 08:30:05.718  1834  2962 E ORMS_CORE: Unsupported action!!!
07-21 08:30:05.720   922   979 E ANDR-PERF-OPTSHANDLER: Perflock resource /sys/class/devfreq/soc:qcom,llccbw/bw_hwmon/io_percent not supported
07-21 08:30:05.720   922   979 E ANDR-PERF-RESOURCEQS: Failed to apply optimization [12, 1]
07-21 08:30:05.720   922   979 E ANDR-PERF-OPTSHANDLER: Perflock resource /sys/class/devfreq/soc:qcom,llccbw/bw_hwmon/sample_ms not supported
07-21 08:30:05.720   922   979 E ANDR-PERF-RESOURCEQS: Failed to apply optimization [12, 3]
07-21 08:30:05.771   922   979 E ANDR-PERF-RESOURCEQS: Failed to reset optimization [3, 0]
07-21 08:30:06.116   922   979 E ANDR-PERF-RESOURCEQS: Failed to reset optimization [3, 0]
07-21 08:30:06.134   922   979 E ANDR-PERF-OPTSHANDLER: Perflock resource /sys/class/devfreq/soc:qcom,llccbw/bw_hwmon/io_percent not supported
07-21 08:30:06.134   922   979 E ANDR-PERF-RESOURCEQS: Failed to apply optimization [12, 1]
07-21 08:30:06.134   922   979 E ANDR-PERF-OPTSHANDLER: Perflock resource /sys/class/devfreq/soc:qcom,llccbw/bw_hwmon/sample_ms not supported
07-21 08:30:06.134   922   979 E ANDR-PERF-RESOURCEQS: Failed to apply optimization [12, 3]
07-21 08:30:06.322  1834  2962 E ORMS_CORE: Unsupported action!!!
07-21 08:30:06.324   922   979 E ANDR-PERF-OPTSHANDLER: Perflock resource /sys/class/devfreq/soc:qcom,llccbw/bw_hwmon/io_percent not supported
07-21 08:30:06.324   922   979 E ANDR-PERF-RESOURCEQS: Failed to apply optimization [12, 1]
07-21 08:30:06.324   922   979 E ANDR-PERF-OPTSHANDLER: Perflock resource /sys/class/devfreq/soc:qcom,llccbw/bw_hwmon/sample_ms not supported
07-21 08:30:06.324   922   979 E ANDR-PERF-RESOURCEQS: Failed to apply optimization [12, 3]
07-21 08:30:06.627   922   979 E ANDR-PERF-RESOURCEQS: Failed to reset optimization [3, 0]
07-21 08:30:07.008   922   979 E ANDR-PERF-OPTSHANDLER: Perflock resource /sys/class/devfreq/soc:qcom,llccbw/bw_hwmon/io_percent not supported
07-21 08:30:07.008   922   979 E ANDR-PERF-RESOURCEQS: Failed to apply optimization [12, 1]
07-21 08:30:07.008   922   979 E ANDR-PERF-OPTSHANDLER: Perflock resource /sys/class/devfreq/soc:qcom,llccbw/bw_hwmon/sample_ms not supported
07-21 08:30:07.008   922   979 E ANDR-PERF-RESOURCEQS: Failed to apply optimization [12, 3]
07-21 08:30:07.061   922   979 E ANDR-PERF-RESOURCEQS: Failed to reset optimization [3, 0]
07-21 08:30:07.121   922   979 E ANDR-PERF-OPTSHANDLER: Perflock resource /sys/class/devfreq/soc:qcom,llccbw/bw_hwmon/io_percent not supported
07-21 08:30:07.121   922   979 E ANDR-PERF-RESOURCEQS: Failed to apply optimization [12, 1]
07-21 08:30:07.121   922   979 E ANDR-PERF-OPTSHANDLER: Perflock resource /sys/class/devfreq/soc:qcom,llccbw/bw_hwmon/sample_ms not supported
07-21 08:30:07.121   922   979 E ANDR-PERF-RESOURCEQS: Failed to apply optimization [12, 3]
07-21 08:30:07.122   922   979 E ANDR-PERF-OPTSHANDLER: Perflock resource /sys/class/devfreq/soc:qcom,llccbw/bw_hwmon/io_percent not supported
07-21 08:30:07.122   922   979 E ANDR-PERF-RESOURCEQS: Failed to apply optimization [12, 1]
07-21 08:30:07.122   922   979 E ANDR-PERF-OPTSHANDLER: Perflock resource /sys/class/devfreq/soc:qcom,llccbw/bw_hwmon/sample_ms not supported
07-21 08:30:07.122   922   979 E ANDR-PERF-RESOURCEQS: Failed to apply optimization [12, 3]
07-21 08:30:07.642   922   979 E ANDR-PERF-RESOURCEQS: Failed to reset optimization [3, 0]
07-21 08:30:07.857   922   979 E ANDR-PERF-RESOURCEQS: Failed to reset optimization [3, 0]
07-21 08:30:07.896  1834  3522 E OplusCustomizeRestrictionManagerService: isBackButtonDisabled start
07-21 08:30:08.428   922   979 E ANDR-PERF-RESOURCEQS: Failed to reset optimization [3, 0]
07-21 08:30:08.485 13619 25899 E frame_cadence_adapter.cc: [2026-07-21 08:30:08.485] [25899] (line 1028): Incoming frame timestamp is not monotonically increasing current: 297277229000 last: 297277234000
07-21 08:30:09.084   922   979 E ANDR-PERF-OPTSHANDLER: Perflock resource /sys/class/devfreq/soc:qcom,llccbw/bw_hwmon/io_percent not supported
07-21 08:30:09.084   922   979 E ANDR-PERF-RESOURCEQS: Failed to apply optimization [12, 1]
07-21 08:30:09.084   922   979 E ANDR-PERF-OPTSHANDLER: Perflock resource /sys/class/devfreq/soc:qcom,llccbw/bw_hwmon/sample_ms not supported
07-21 08:30:09.084   922   979 E ANDR-PERF-RESOURCEQS: Failed to apply optimization [12, 3]
07-21 08:30:09.107  5749  5749 E InputContextChangeTracker: InputContextChangeTracker.getSubSurroundText():1449 Invalid sub surrounding text: contentLength=1200, subStringInContent=[599, 1200], selectionInContent=[600, 30877]
07-21 08:30:09.114   922   979 E ANDR-PERF-RESOURCEQS: Failed to reset optimization [3, 0]
07-21 08:30:09.152  5749  5749 E InputContextChangeTracker: InputContextChangeTracker.getSubSurroundText():1449 Invalid sub surrounding text: contentLength=0, subStringInContent=[0, 0], selectionInContent=[0, 30363]
07-21 08:30:09.166  5749  5749 E InputContextChangeTracker: InputContextChangeTracker.getSubSurroundText():1449 Invalid sub surrounding text: contentLength=0, subStringInContent=[0, 0], selectionInContent=[0, 30364]
07-21 08:30:09.235   922   979 E ANDR-PERF-OPTSHANDLER: Perflock resource /sys/class/devfreq/soc:qcom,llccbw/bw_hwmon/io_percent not supported
07-21 08:30:09.235   922   979 E ANDR-PERF-RESOURCEQS: Failed to apply optimization [12, 1]
07-21 08:30:09.235   922   979 E ANDR-PERF-OPTSHANDLER: Perflock resource /sys/class/devfreq/soc:qcom,llccbw/bw_hwmon/sample_ms not supported
07-21 08:30:09.235   922   979 E ANDR-PERF-RESOURCEQS: Failed to apply optimization [12, 3]
07-21 08:30:09.237   922   979 E ANDR-PERF-OPTSHANDLER: Perflock resource /sys/class/devfreq/soc:qcom,llccbw/bw_hwmon/io_percent not supported
07-21 08:30:09.237   922   979 E ANDR-PERF-RESOURCEQS: Failed to apply optimization [12, 1]
07-21 08:30:09.237   922   979 E ANDR-PERF-OPTSHANDLER: Perflock resource /sys/class/devfreq/soc:qcom,llccbw/bw_hwmon/sample_ms not supported
07-21 08:30:09.237   922   979 E ANDR-PERF-RESOURCEQS: Failed to apply optimization [12, 3]
07-21 08:30:09.253  1834  5619 E WindowManager: Unknown sub-window type: 1999
07-21 08:30:09.265  5749  5749 E InputContextChangeTracker: InputContextChangeTracker.getSubSurroundText():1449 Invalid sub surrounding text: contentLength=0, subStringInContent=[0, 0], selectionInContent=[0, 30459]
07-21 08:30:09.370  5749  5749 E InputContextChangeTracker: InputContextChangeTracker.getSubSurroundText():1449 Invalid sub surrounding text: contentLength=0, subStringInContent=[0, 0], selectionInContent=[0, 30668]
07-21 08:30:09.391  5749  5749 E InputContextChangeTracker: InputContextChangeTracker.getSubSurroundText():1449 Invalid sub surrounding text: contentLength=0, subStringInContent=[0, 0], selectionInContent=[0, 30877]
07-21 08:30:09.397   922   979 E ANDR-PERF-RESOURCEQS: Failed to reset optimization [3, 0]
07-21 08:30:09.422  5749  5749 E InputContextChangeTracker: InputContextChangeTracker.getSubSurroundText():1449 Invalid sub surrounding text: contentLength=0, subStringInContent=[0, 0], selectionInContent=[0, 30949]
07-21 08:30:09.440  5749  5749 E InputContextChangeTracker: InputContextChangeTracker.getSubSurroundText():1449 Invalid sub surrounding text: contentLength=0, subStringInContent=[0, 0], selectionInContent=[0, 31021]
07-21 08:30:09.475  5749  5749 E InputContextChangeTracker: InputContextChangeTracker.getSubSurroundText():1449 Invalid sub surrounding text: contentLength=0, subStringInContent=[0, 0], selectionInContent=[0, 31253]
07-21 08:30:09.493  5749  5749 E InputContextChangeTracker: InputContextChangeTracker.getSubSurroundText():1449 Invalid sub surrounding text: contentLength=0, subStringInContent=[0, 0], selectionInContent=[0, 31321]
07-21 08:30:09.508  5749  5749 E InputContextChangeTracker: InputContextChangeTracker.getSubSurroundText():1449 Invalid sub surrounding text: contentLength=0, subStringInContent=[0, 0], selectionInContent=[0, 31533]
07-21 08:30:09.528  5749  5749 E InputContextChangeTracker: InputContextChangeTracker.getSubSurroundText():1449 Invalid sub surrounding text: contentLength=0, subStringInContent=[0, 0], selectionInContent=[0, 31601]
07-21 08:30:09.544  5749  5749 E InputContextChangeTracker: InputContextChangeTracker.getSubSurroundText():1449 Invalid sub surrounding text: contentLength=0, subStringInContent=[0, 0], selectionInContent=[0, 31811]
07-21 08:30:09.547   922   979 E ANDR-PERF-RESOURCEQS: Failed to reset optimization [3, 0]
07-21 08:30:09.563  5749  5749 E InputContextChangeTracker: InputContextChangeTracker.getSubSurroundText():1449 Invalid sub surrounding text: contentLength=0, subStringInContent=[0, 0], selectionInContent=[0, 32020]
07-21 08:30:09.578  5749  5749 E InputContextChangeTracker: InputContextChangeTracker.getSubSurroundText():1449 Invalid sub surrounding text: contentLength=0, subStringInContent=[0, 0], selectionInContent=[0, 32224]
07-21 08:30:09.587  1834  5619 E OplusCustomizeRestrictionManagerService: isBackButtonDisabled start
07-21 08:30:09.604  5749  5749 E InputContextChangeTracker: InputContextChangeTracker.getSubSurroundText():1449 Invalid sub surrounding text: contentLength=0, subStringInContent=[0, 0], selectionInContent=[0, 32430]
07-21 08:30:09.625  5749  5749 E InputContextChangeTracker: InputContextChangeTracker.getSubSurroundText():1449 Invalid sub surrounding text: contentLength=0, subStringInContent=[0, 0], selectionInContent=[0, 32640]
07-21 08:30:09.647  5749  5749 E InputContextChangeTracker: InputContextChangeTracker.getSubSurroundText():1449 Invalid sub surrounding text: contentLength=0, subStringInContent=[0, 0], selectionInContent=[0, 32735]
07-21 08:30:09.663  5749  5749 E InputContextChangeTracker: InputContextChangeTracker.getSubSurroundText():1449 Invalid sub surrounding text: contentLength=0, subStringInContent=[0, 0], selectionInContent=[0, 32814]
07-21 08:30:09.680  5749  5749 E InputContextChangeTracker: InputContextChangeTracker.getSubSurroundText():1449 Invalid sub surrounding text: contentLength=0, subStringInContent=[0, 0], selectionInContent=[0, 32967]
07-21 08:30:09.694  5749  5749 E InputContextChangeTracker: InputContextChangeTracker.getSubSurroundText():1449 Invalid sub surrounding text: contentLength=0, subStringInContent=[0, 0], selectionInContent=[0, 33199]
07-21 08:30:09.713  5749  5749 E InputContextChangeTracker: InputContextChangeTracker.getSubSurroundText():1449 Invalid sub surrounding text: contentLength=0, subStringInContent=[0, 0], selectionInContent=[0, 33266]
07-21 08:30:09.727  5749  5749 E InputContextChangeTracker: InputContextChangeTracker.getSubSurroundText():1449 Invalid sub surrounding text: contentLength=0, subStringInContent=[0, 0], selectionInContent=[0, 33409]
07-21 08:30:09.743  5749  5749 E InputContextChangeTracker: InputContextChangeTracker.getSubSurroundText():1449 Invalid sub surrounding text: contentLength=0, subStringInContent=[0, 0], selectionInContent=[0, 33501]
07-21 08:30:09.758  5749  5749 E InputContextChangeTracker: InputContextChangeTracker.getSubSurroundText():1449 Invalid sub surrounding text: contentLength=0, subStringInContent=[0, 0], selectionInContent=[0, 33643]
07-21 08:30:09.772  5749  5749 E InputContextChangeTracker: InputContextChangeTracker.getSubSurroundText():1449 Invalid sub surrounding text: contentLength=0, subStringInContent=[0, 0], selectionInContent=[0, 33736]
07-21 08:30:09.793  5749  5749 E InputContextChangeTracker: InputContextChangeTracker.getSubSurroundText():1449 Invalid sub surrounding text: contentLength=0, subStringInContent=[0, 0], selectionInContent=[0, 33945]
07-21 08:30:09.805  5749  5749 E InputContextChangeTracker: InputContextChangeTracker.getSubSurroundText():1449 Invalid sub surrounding text: contentLength=0, subStringInContent=[0, 0], selectionInContent=[0, 34155]
07-21 08:30:09.825  5749  5749 E InputContextChangeTracker: InputContextChangeTracker.getSubSurroundText():1449 Invalid sub surrounding text: contentLength=0, subStringInContent=[0, 0], selectionInContent=[0, 34369]
07-21 08:30:09.845  5749  5749 E InputContextChangeTracker: InputContextChangeTracker.getSubSurroundText():1449 Invalid sub surrounding text: contentLength=0, subStringInContent=[0, 0], selectionInContent=[0, 34449]
07-21 08:30:09.859  5749  5749 E InputContextChangeTracker: InputContextChangeTracker.getSubSurroundText():1449 Invalid sub surrounding text: contentLength=0, subStringInContent=[0, 0], selectionInContent=[0, 34594]
07-21 08:30:09.872  5749  5749 E InputContextChangeTracker: InputContextChangeTracker.getSubSurroundText():1449 Invalid sub surrounding text: contentLength=0, subStringInContent=[0, 0], selectionInContent=[0, 34804]
07-21 08:30:09.892  5749  5749 E InputContextChangeTracker: InputContextChangeTracker.getSubSurroundText():1449 Invalid sub surrounding text: contentLength=0, subStringInContent=[0, 0], selectionInContent=[0, 34968]
07-21 08:30:09.937  5749  5749 E InputContextChangeTracker: InputContextChangeTracker.getSubSurroundText():1449 Invalid sub surrounding text: contentLength=0, subStringInContent=[0, 0], selectionInContent=[0, 35178]
07-21 08:30:09.955  5749  5749 E InputContextChangeTracker: InputContextChangeTracker.getSubSurroundText():1449 Invalid sub surrounding text: contentLength=0, subStringInContent=[0, 0], selectionInContent=[0, 35388]
07-21 08:30:09.974  5749  5749 E InputContextChangeTracker: InputContextChangeTracker.getSubSurroundText():1449 Invalid sub surrounding text: contentLength=0, subStringInContent=[0, 0], selectionInContent=[0, 35597]
07-21 08:30:09.985  5749  5749 E InputContextChangeTracker: InputContextChangeTracker.getSubSurroundText():1449 Invalid sub surrounding text: contentLength=0, subStringInContent=[0, 0], selectionInContent=[0, 35807]
07-21 08:30:09.996  5749  5749 E InputContextChangeTracker: InputContextChangeTracker.getSubSurroundText():1449 Invalid sub surrounding text: contentLength=0, subStringInContent=[0, 0], selectionInContent=[0, 36017]
07-21 08:30:10.055   922   979 E ANDR-PERF-RESOURCEQS: Failed to reset optimization [3, 0]
07-21 08:30:10.162 23546 23895 E libc    : Access denied finding property "vendor.oplus.media.vpp.osie_sr.on"
07-21 08:30:10.504   922   979 E ANDR-PERF-OPTSHANDLER: Perflock resource /sys/class/devfreq/soc:qcom,llccbw/bw_hwmon/io_percent not supported
07-21 08:30:10.504   922   979 E ANDR-PERF-RESOURCEQS: Failed to apply optimization [12, 1]
07-21 08:30:10.504   922   979 E ANDR-PERF-OPTSHANDLER: Perflock resource /sys/class/devfreq/soc:qcom,llccbw/bw_hwmon/sample_ms not supported
07-21 08:30:10.504   922   979 E ANDR-PERF-RESOURCEQS: Failed to apply optimization [12, 3]
07-21 08:30:10.514   922   979 E ANDR-PERF-RESOURCEQS: Failed to reset optimization [3, 0]
07-21 08:30:10.526 11892 16514 E ActivityThread: Failed to find provider info for null
07-21 08:30:10.526 11892 16514 E AppSettings: getProviderForUser contentProvider == null,uid:-100 ,uri: null
07-21 08:30:10.891   922   979 E ANDR-PERF-OPTSHANDLER: Perflock resource /sys/class/devfreq/soc:qcom,llccbw/bw_hwmon/io_percent not supported
07-21 08:30:10.891   922   979 E ANDR-PERF-RESOURCEQS: Failed to apply optimization [12, 1]
07-21 08:30:10.891   922   979 E ANDR-PERF-OPTSHANDLER: Perflock resource /sys/class/devfreq/soc:qcom,llccbw/bw_hwmon/sample_ms not supported
07-21 08:30:10.891   922   979 E ANDR-PERF-RESOURCEQS: Failed to apply optimization [12, 3]
07-21 08:30:10.895   922   979 E ANDR-PERF-OPTSHANDLER: Perflock resource /sys/class/devfreq/soc:qcom,llccbw/bw_hwmon/io_percent not supported
07-21 08:30:10.896   922   979 E ANDR-PERF-RESOURCEQS: Failed to apply optimization [12, 1]
07-21 08:30:10.896   922   979 E ANDR-PERF-OPTSHANDLER: Perflock resource /sys/class/devfreq/soc:qcom,llccbw/bw_hwmon/sample_ms not supported
07-21 08:30:10.896   922   979 E ANDR-PERF-RESOURCEQS: Failed to apply optimization [12, 3]
07-21 08:30:11.018   922   979 E ANDR-PERF-RESOURCEQS: Failed to reset optimization [3, 0]
07-21 08:30:11.121   922   979 E ANDR-PERF-OPTSHANDLER: Perflock resource /sys/class/devfreq/soc:qcom,llccbw/bw_hwmon/io_percent not supported
07-21 08:30:11.121   922   979 E ANDR-PERF-RESOURCEQS: Failed to apply optimization [12, 1]
07-21 08:30:11.121   922   979 E ANDR-PERF-OPTSHANDLER: Perflock resource /sys/class/devfreq/soc:qcom,llccbw/bw_hwmon/sample_ms not supported
07-21 08:30:11.121   922   979 E ANDR-PERF-RESOURCEQS: Failed to apply optimization [12, 3]
07-21 08:30:11.164   922   979 E ANDR-PERF-RESOURCEQS: Failed to reset optimization [3, 0]
07-21 08:30:11.258   922   979 E ANDR-PERF-OPTSHANDLER: Perflock resource /sys/class/devfreq/soc:qcom,llccbw/bw_hwmon/io_percent not supported
07-21 08:30:11.258   922   979 E ANDR-PERF-RESOURCEQS: Failed to apply optimization [12, 1]
07-21 08:30:11.258   922   979 E ANDR-PERF-OPTSHANDLER: Perflock resource /sys/class/devfreq/soc:qcom,llccbw/bw_hwmon/sample_ms not supported
07-21 08:30:11.258   922   979 E ANDR-PERF-RESOURCEQS: Failed to apply optimization [12, 3]
07-21 08:30:11.260   922   979 E ANDR-PERF-OPTSHANDLER: Perflock resource /sys/class/devfreq/soc:qcom,llccbw/bw_hwmon/io_percent not supported
07-21 08:30:11.260   922   979 E ANDR-PERF-RESOURCEQS: Failed to apply optimization [12, 1]
07-21 08:30:11.260   922   979 E ANDR-PERF-OPTSHANDLER: Perflock resource /sys/class/devfreq/soc:qcom,llccbw/bw_hwmon/sample_ms not supported
07-21 08:30:11.260   922   979 E ANDR-PERF-RESOURCEQS: Failed to apply optimization [12, 3]
07-21 08:30:11.402   922   979 E ANDR-PERF-RESOURCEQS: Failed to reset optimization [3, 0]
07-21 08:30:11.493   922   979 E ANDR-PERF-OPTSHANDLER: Perflock resource /sys/class/devfreq/soc:qcom,llccbw/bw_hwmon/io_percent not supported
07-21 08:30:11.494   922   979 E ANDR-PERF-RESOURCEQS: Failed to apply optimization [12, 1]
07-21 08:30:11.494   922   979 E ANDR-PERF-OPTSHANDLER: Perflock resource /sys/class/devfreq/soc:qcom,llccbw/bw_hwmon/sample_ms not supported
07-21 08:30:11.494   922   979 E ANDR-PERF-RESOURCEQS: Failed to apply optimization [12, 3]
07-21 08:30:11.550   922   979 E ANDR-PERF-RESOURCEQS: Failed to reset optimization [3, 0]
07-21 08:30:11.607   922   979 E ANDR-PERF-OPTSHANDLER: Perflock resource /sys/class/devfreq/soc:qcom,llccbw/bw_hwmon/io_percent not supported
07-21 08:30:11.607   922   979 E ANDR-PERF-RESOURCEQS: Failed to apply optimization [12, 1]
07-21 08:30:11.607   922   979 E ANDR-PERF-OPTSHANDLER: Perflock resource /sys/class/devfreq/soc:qcom,llccbw/bw_hwmon/sample_ms not supported
07-21 08:30:11.607   922   979 E ANDR-PERF-RESOURCEQS: Failed to apply optimization [12, 3]
07-21 08:30:11.610   922   979 E ANDR-PERF-OPTSHANDLER: Perflock resource /sys/class/devfreq/soc:qcom,llccbw/bw_hwmon/io_percent not supported
07-21 08:30:11.610   922   979 E ANDR-PERF-RESOURCEQS: Failed to apply optimization [12, 1]
07-21 08:30:11.610   922   979 E ANDR-PERF-OPTSHANDLER: Perflock resource /sys/class/devfreq/soc:qcom,llccbw/bw_hwmon/sample_ms not supported
07-21 08:30:11.610   922   979 E ANDR-PERF-RESOURCEQS: Failed to apply optimization [12, 3]
07-21 08:30:11.803   922   979 E ANDR-PERF-RESOURCEQS: Failed to reset optimization [3, 0]
07-21 08:30:11.881   922   979 E ANDR-PERF-OPTSHANDLER: Perflock resource /sys/class/devfreq/soc:qcom,llccbw/bw_hwmon/io_percent not supported
07-21 08:30:11.881   922   979 E ANDR-PERF-RESOURCEQS: Failed to apply optimization [12, 1]
07-21 08:30:11.881   922   979 E ANDR-PERF-OPTSHANDLER: Perflock resource /sys/class/devfreq/soc:qcom,llccbw/bw_hwmon/sample_ms not supported
07-21 08:30:11.881   922   979 E ANDR-PERF-RESOURCEQS: Failed to apply optimization [12, 3]
07-21 08:30:11.929   922   979 E ANDR-PERF-RESOURCEQS: Failed to reset optimization [3, 0]
